Archive member included to satisfy reference by file (symbol)

c:/st/stm32cubeide_1.4.0/stm32cubeide/plugins/com.st.stm32cube.ide.mcu.externaltools.gnu-tools-for-stm32.7-2018-q2-update.win32_1.5.0.202011040924/tools/bin/../lib/gcc/arm-none-eabi/7.3.1/../../../../arm-none-eabi/lib/thumb/v7e-m/fpv4-sp/hard\libc_nano.a(lib_a-errno.o)
                              Core/Src/syscalls.o (__errno)
c:/st/stm32cubeide_1.4.0/stm32cubeide/plugins/com.st.stm32cube.ide.mcu.externaltools.gnu-tools-for-stm32.7-2018-q2-update.win32_1.5.0.202011040924/tools/bin/../lib/gcc/arm-none-eabi/7.3.1/../../../../arm-none-eabi/lib/thumb/v7e-m/fpv4-sp/hard\libc_nano.a(lib_a-exit.o)
                              c:/st/stm32cubeide_1.4.0/stm32cubeide/plugins/com.st.stm32cube.ide.mcu.externaltools.gnu-tools-for-stm32.7-2018-q2-update.win32_1.5.0.202011040924/tools/bin/../lib/gcc/arm-none-eabi/7.3.1/../../../../arm-none-eabi/lib/thumb/v7e-m/fpv4-sp/hard/crt0.o (exit)
c:/st/stm32cubeide_1.4.0/stm32cubeide/plugins/com.st.stm32cube.ide.mcu.externaltools.gnu-tools-for-stm32.7-2018-q2-update.win32_1.5.0.202011040924/tools/bin/../lib/gcc/arm-none-eabi/7.3.1/../../../../arm-none-eabi/lib/thumb/v7e-m/fpv4-sp/hard\libc_nano.a(lib_a-impure.o)
                              c:/st/stm32cubeide_1.4.0/stm32cubeide/plugins/com.st.stm32cube.ide.mcu.externaltools.gnu-tools-for-stm32.7-2018-q2-update.win32_1.5.0.202011040924/tools/bin/../lib/gcc/arm-none-eabi/7.3.1/../../../../arm-none-eabi/lib/thumb/v7e-m/fpv4-sp/hard\libc_nano.a(lib_a-exit.o) (_global_impure_ptr)
c:/st/stm32cubeide_1.4.0/stm32cubeide/plugins/com.st.stm32cube.ide.mcu.externaltools.gnu-tools-for-stm32.7-2018-q2-update.win32_1.5.0.202011040924/tools/bin/../lib/gcc/arm-none-eabi/7.3.1/../../../../arm-none-eabi/lib/thumb/v7e-m/fpv4-sp/hard\libc_nano.a(lib_a-init.o)
                              c:/st/stm32cubeide_1.4.0/stm32cubeide/plugins/com.st.stm32cube.ide.mcu.externaltools.gnu-tools-for-stm32.7-2018-q2-update.win32_1.5.0.202011040924/tools/bin/../lib/gcc/arm-none-eabi/7.3.1/../../../../arm-none-eabi/lib/thumb/v7e-m/fpv4-sp/hard/crt0.o (__libc_init_array)
c:/st/stm32cubeide_1.4.0/stm32cubeide/plugins/com.st.stm32cube.ide.mcu.externaltools.gnu-tools-for-stm32.7-2018-q2-update.win32_1.5.0.202011040924/tools/bin/../lib/gcc/arm-none-eabi/7.3.1/../../../../arm-none-eabi/lib/thumb/v7e-m/fpv4-sp/hard\libc_nano.a(lib_a-memcpy-stub.o)
                              Core/Src/eeprom.o (memcpy)
c:/st/stm32cubeide_1.4.0/stm32cubeide/plugins/com.st.stm32cube.ide.mcu.externaltools.gnu-tools-for-stm32.7-2018-q2-update.win32_1.5.0.202011040924/tools/bin/../lib/gcc/arm-none-eabi/7.3.1/../../../../arm-none-eabi/lib/thumb/v7e-m/fpv4-sp/hard\libc_nano.a(lib_a-memset.o)
                              c:/st/stm32cubeide_1.4.0/stm32cubeide/plugins/com.st.stm32cube.ide.mcu.externaltools.gnu-tools-for-stm32.7-2018-q2-update.win32_1.5.0.202011040924/tools/bin/../lib/gcc/arm-none-eabi/7.3.1/../../../../arm-none-eabi/lib/thumb/v7e-m/fpv4-sp/hard/crt0.o (memset)
c:/st/stm32cubeide_1.4.0/stm32cubeide/plugins/com.st.stm32cube.ide.mcu.externaltools.gnu-tools-for-stm32.7-2018-q2-update.win32_1.5.0.202011040924/tools/bin/../lib/gcc/arm-none-eabi/7.3.1/../../../../arm-none-eabi/lib/thumb/v7e-m/fpv4-sp/hard\libm.a(lib_a-wf_sqrt.o)
                              Core/Src/control_algo.o (sqrtf)
c:/st/stm32cubeide_1.4.0/stm32cubeide/plugins/com.st.stm32cube.ide.mcu.externaltools.gnu-tools-for-stm32.7-2018-q2-update.win32_1.5.0.202011040924/tools/bin/../lib/gcc/arm-none-eabi/7.3.1/../../../../arm-none-eabi/lib/thumb/v7e-m/fpv4-sp/hard\libm.a(lib_a-ef_sqrt.o)
                              c:/st/stm32cubeide_1.4.0/stm32cubeide/plugins/com.st.stm32cube.ide.mcu.externaltools.gnu-tools-for-stm32.7-2018-q2-update.win32_1.5.0.202011040924/tools/bin/../lib/gcc/arm-none-eabi/7.3.1/../../../../arm-none-eabi/lib/thumb/v7e-m/fpv4-sp/hard\libm.a(lib_a-wf_sqrt.o) (__ieee754_sqrtf)
c:/st/stm32cubeide_1.4.0/stm32cubeide/plugins/com.st.stm32cube.ide.mcu.externaltools.gnu-tools-for-stm32.7-2018-q2-update.win32_1.5.0.202011040924/tools/bin/../lib/gcc/arm-none-eabi/7.3.1/../../../../arm-none-eabi/lib/thumb/v7e-m/fpv4-sp/hard\libm.a(lib_a-s_lib_ver.o)
                              c:/st/stm32cubeide_1.4.0/stm32cubeide/plugins/com.st.stm32cube.ide.mcu.externaltools.gnu-tools-for-stm32.7-2018-q2-update.win32_1.5.0.202011040924/tools/bin/../lib/gcc/arm-none-eabi/7.3.1/../../../../arm-none-eabi/lib/thumb/v7e-m/fpv4-sp/hard\libm.a(lib_a-wf_sqrt.o) (__fdlib_version)
c:/st/stm32cubeide_1.4.0/stm32cubeide/plugins/com.st.stm32cube.ide.mcu.externaltools.gnu-tools-for-stm32.7-2018-q2-update.win32_1.5.0.202011040924/tools/bin/../lib/gcc/arm-none-eabi/7.3.1/../../../../arm-none-eabi/lib/thumb/v7e-m/fpv4-sp/hard\libm.a(lib_a-s_matherr.o)
[...]
Memory Configuration

Name             Origin             Length             Attributes
RAM              0x0000000020000000 0x0000000000008000 xrw
FLASH            0x0000000008000000 0x0000000000020000 xr
*default*        0x0000000000000000 0xffffffffffffffff

Linker script and memory map

LOAD c:/st/stm32cubeide_1.4.0/stm32cubeide/plugins/com.st.stm32cube.ide.mcu.externaltools.gnu-tools-for-stm32.7-2018-q2-update.win32_1.5.0.202011040924/tools/bin/../lib/gcc/arm-none-eabi/7.3.1/thumb/v7e-m/fpv4-sp/hard/crti.o
LOAD c:/st/stm32cubeide_1.4.0/stm32cubeide/plugins/com.st.stm32cube.ide.mcu.externaltools.gnu-tools-for-stm32.7-2018-q2-update.win32_1.5.0.202011040924/tools/bin/../lib/gcc/arm-none-eabi/7.3.1/thumb/v7e-m/fpv4-sp/hard/crtbegin.o
LOAD c:/st/stm32cubeide_1.4.0/stm32cubeide/plugins/com.st.stm32cube.ide.mcu.externaltools.gnu-tools-for-stm32.7-2018-q2-update.win32_1.5.0.202011040924/tools/bin/../lib/gcc/arm-none-eabi/7.3.1/../../../../arm-none-eabi/lib/thumb/v7e-m/fpv4-sp/hard/crt0.o
LOAD Core/Src/control_algo.o
LOAD Core/Src/control_table.o
LOAD Core/Src/eeprom.o
LOAD Core/Src/led.o
LOAD Core/Src/main.o
LOAD Core/Src/math_tool.o
LOAD Core/Src/pid.o
LOAD Core/Src/protocol.o
LOAD Core/Src/serial.o
LOAD Core/Src/stm32g4xx_hal_msp.o
LOAD Core/Src/stm32g4xx_it.o
LOAD Core/Src/syscalls.o
LOAD Core/Src/sysmem.o
LOAD Core/Src/system_stm32g4xx.o
LOAD Core/Startup/startup_stm32g431kbtx.o
LOAD Drivers/STM32G4xx_HAL_Driver/Src/stm32g4xx_hal.o
LOAD Drivers/STM32G4xx_HAL_Driver/Src/stm32g4xx_hal_adc.o
LOAD Drivers/STM32G4xx_HAL_Driver/Src/stm32g4xx_hal_adc_ex.o
LOAD Drivers/STM32G4xx_HAL_Driver/Src/stm32g4xx_hal_cortex.o
LOAD Drivers/STM32G4xx_HAL_Driver/Src/stm32g4xx_hal_dma.o
LOAD Drivers/STM32G4xx_HAL_Driver/Src/stm32g4xx_hal_dma_ex.o
LOAD Drivers/STM32G4xx_HAL_Driver/Src/stm32g4xx_hal_exti.o
LOAD Drivers/STM32G4xx_HAL_Driver/Src/stm32g4xx_hal_flash.o
LOAD Drivers/STM32G4xx_HAL_Driver/Src/stm32g4xx_hal_flash_ex.o
LOAD Drivers/STM32G4xx_HAL_Driver/Src/stm32g4xx_hal_flash_ramfunc.o
LOAD Drivers/STM32G4xx_HAL_Driver/Src/stm32g4xx_hal_gpio.o
LOAD Drivers/STM32G4xx_HAL_Driver/Src/stm32g4xx_hal_pwr.o
LOAD Drivers/STM32G4xx_HAL_Driver/Src/stm32g4xx_hal_pwr_ex.o
LOAD Drivers/STM32G4xx_HAL_Driver/Src/stm32g4xx_hal_rcc.o
LOAD Drivers/STM32G4xx_HAL_Driver/Src/stm32g4xx_hal_rcc_ex.o
LOAD Drivers/STM32G4xx_HAL_Driver/Src/stm32g4xx_hal_tim.o
LOAD Drivers/STM32G4xx_HAL_Driver/Src/stm32g4xx_hal_tim_ex.o
LOAD Drivers/STM32G4xx_HAL_Driver/Src/stm32g4xx_hal_uart.o
LOAD Drivers/STM32G4xx_HAL_Driver/Src/stm32g4xx_hal_uart_ex.o
LOAD Drivers/STM32G4xx_HAL_Driver/Src/stm32g4xx_ll_adc.o
START GROUP
LOAD c:/st/stm32cubeide_1.4.0/stm32cubeide/plugins/com.st.stm32cube.ide.mcu.externaltools.gnu-tools-for-stm32.7-2018-q2-update.win32_1.5.0.202011040924/tools/bin/../lib/gcc/arm-none-eabi/7.3.1/../../../../arm-none-eabi/lib/thumb/v7e-m/fpv4-sp/hard\libc_nano.a
LOAD c:/st/stm32cubeide_1.4.0/stm32cubeide/plugins/com.st.stm32cube.ide.mcu.externaltools.gnu-tools-for-stm32.7-2018-q2-update.win32_1.5.0.202011040924/tools/bin/../lib/gcc/arm-none-eabi/7.3.1/../../../../arm-none-eabi/lib/thumb/v7e-m/fpv4-sp/hard\libm.a
END GROUP
START GROUP
LOAD c:/st/stm32cubeide_1.4.0/stm32cubeide/plugins/com.st.stm32cube.ide.mcu.externaltools.gnu-tools-for-stm32.7-2018-q2-update.win32_1.5.0.202011040924/tools/bin/../lib/gcc/arm-none-eabi/7.3.1/thumb/v7e-m/fpv4-sp/hard\libgcc.a
LOAD c:/st/stm32cubeide_1.4.0/stm32cubeide/plugins/com.st.stm32cube.ide.mcu.externaltools.gnu-tools-for-stm32.7-2018-q2-update.win32_1.5.0.202011040924/tools/bin/../lib/gcc/arm-none-eabi/7.3.1/../../../../arm-none-eabi/lib/thumb/v7e-m/fpv4-sp/hard\libc_nano.a
END GROUP
START GROUP
LOAD c:/st/stm32cubeide_1.4.0/stm32cubeide/plugins/com.st.stm32cube.ide.mcu.externaltools.gnu-tools-for-stm32.7-2018-q2-update.win32_1.5.0.202011040924/tools/bin/../lib/gcc/arm-none-eabi/7.3.1/thumb/v7e-m/fpv4-sp/hard\libgcc.a
LOAD c:/st/stm32cubeide_1.4.0/stm32cubeide/plugins/com.st.stm32cube.ide.mcu.externaltools.gnu-tools-for-stm32.7-2018-q2-update.win32_1.5.0.202011040924/tools/bin/../lib/gcc/arm-none-eabi/7.3.1/../../../../arm-none-eabi/lib/thumb/v7e-m/fpv4-sp/hard\libc_nano.a
LOAD c:/st/stm32cubeide_1.4.0/stm32cubeide/plugins/com.st.stm32cube.ide.mcu.externaltools.gnu-tools-for-stm32.7-2018-q2-update.win32_1.5.0.202011040924/tools/bin/../lib/gcc/arm-none-eabi/7.3.1/../../../../arm-none-eabi/lib/thumb/v7e-m/fpv4-sp/hard\libnosys.a
END GROUP
START GROUP
LOAD c:/st/stm32cubeide_1.4.0/stm32cubeide/plugins/com.st.stm32cube.ide.mcu.externaltools.gnu-tools-for-stm32.7-2018-q2-update.win32_1.5.0.202011040924/tools/bin/../lib/gcc/arm-none-eabi/7.3.1/thumb/v7e-m/fpv4-sp/hard\libgcc.a
LOAD c:/st/stm32cubeide_1.4.0/stm32cubeide/plugins/com.st.stm32cube.ide.mcu.externaltools.gnu-tools-for-stm32.7-2018-q2-update.win32_1.5.0.202011040924/tools/bin/../lib/gcc/arm-none-eabi/7.3.1/../../../../arm-none-eabi/lib/thumb/v7e-m/fpv4-sp/hard\libc_nano.a
LOAD c:/st/stm32cubeide_1.4.0/stm32cubeide/plugins/com.st.stm32cube.ide.mcu.externaltools.gnu-tools-for-stm32.7-2018-q2-update.win32_1.5.0.202011040924/tools/bin/../lib/gcc/arm-none-eabi/7.3.1/../../../../arm-none-eabi/lib/thumb/v7e-m/fpv4-sp/hard\libnosys.a
END GROUP
LOAD c:/st/stm32cubeide_1.4.0/stm32cubeide/plugins/com.st.stm32cube.ide.mcu.externaltools.gnu-tools-for-stm32.7-2018-q2-update.win32_1.5.0.202011040924/tools/bin/../lib/gcc/arm-none-eabi/7.3.1/thumb/v7e-m/fpv4-sp/hard/crtend.o
LOAD c:/st/stm32cubeide_1.4.0/stm32cubeide/plugins/com.st.stm32cube.ide.mcu.externaltools.gnu-tools-for-stm32.7-2018-q2-update.win32_1.5.0.202011040924/tools/bin/../lib/gcc/arm-none-eabi/7.3.1/thumb/v7e-m/fpv4-sp/hard/crtn.o
                0x0000000020008000                _estack = (ORIGIN (RAM) + LENGTH (RAM))
                0x0000000000000200                _Min_Heap_Size = 0x200
                0x0000000000000400                _Min_Stack_Size = 0x400

.isr_vector     0x0000000008000000      0x1d8
                0x0000000008000000                . = ALIGN (0x4)
 *(.isr_vector)
 .isr_vector    0x0000000008000000      0x1d8 Core/Startup/startup_stm32g431kbtx.o
                0x0000000008000000                g_pfnVectors
                0x00000000080001d8                . = ALIGN (0x4)

.text           0x00000000080001d8     0xaaf0
                0x00000000080001d8                . = ALIGN (0x4)
 *(.text)
 .text          0x00000000080001d8       0x40 c:/st/stm32cubeide_1.4.0/stm32cubeide/plugins/com.st.stm32cube.ide.mcu.externaltools.gnu-tools-for-stm32.7-2018-q2-update.win32_1.5.0.202011040924/tools/bin/../lib/gcc/arm-none-eabi/7.3.1/thumb/v7e-m/fpv4-sp/hard/crtbegin.o
 .text          0x0000000008000218      0x378 c:/st/stm32cubeide_1.4.0/stm32cubeide/plugins/com.st.stm32cube.ide.mcu.externaltools.gnu-tools-for-stm32.7-2018-q2-update.win32_1.5.0.202011040924/tools/bin/../lib/gcc/arm-none-eabi/7.3.1/thumb/v7e-m/fpv4-sp/hard\libgcc.a(_arm_addsubdf3.o)
                0x0000000008000218                __aeabi_drsub
                0x0000000008000220                __aeabi_dsub
                0x0000000008000220                __subdf3
                0x0000000008000224                __aeabi_dadd
                0x0000000008000224                __adddf3
                0x000000000800049c                __floatunsidf
                0x000000000800049c                __aeabi_ui2d
                0x00000000080004bc                __floatsidf
                0x00000000080004bc                __aeabi_i2d
                0x00000000080004e0                __aeabi_f2d
                0x00000000080004e0                __extendsfdf2
                0x0000000008000524                __floatundidf
                0x0000000008000524                __aeabi_ul2d
                0x0000000008000534                __floatdidf
                0x0000000008000534                __aeabi_l2d
 .text          0x0000000008000590      0x424 c:/st/stm32cubeide_1.4.0/stm32cubeide/plugins/com.st.stm32cube.ide.mcu.externaltools.gnu-tools-for-stm32.7-2018-q2-update.win32_1.5.0.202011040924/tools/bin/../lib/gcc/arm-none-eabi/7.3.1/thumb/v7e-m/fpv4-sp/hard\libgcc.a(_arm_muldivdf3.o)
                0x0000000008000590                __aeabi_dmul
                0x0000000008000590                __muldf3
                0x00000000080007e4                __divdf3
                0x00000000080007e4                __aeabi_ddiv
 .text          0x00000000080009b4       0xa0 c:/st/stm32cubeide_1.4.0/stm32cubeide/plugins/com.st.stm32cube.ide.mcu.externaltools.gnu-tools-for-stm32.7-2018-q2-update.win32_1.5.0.202011040924/tools/bin/../lib/gcc/arm-none-eabi/7.3.1/thumb/v7e-m/fpv4-sp/hard\libgcc.a(_arm_truncdfsf2.o)
                0x00000000080009b4                __truncdfsf2
                0x00000000080009b4                __aeabi_d2f
 .text          0x0000000008000a54       0x30 c:/st/stm32cubeide_1.4.0/stm32cubeide/plugins/com.st.stm32cube.ide.mcu.externaltools.gnu-tools-for-stm32.7-2018-q2-update.win32_1.5.0.202011040924/tools/bin/../lib/gcc/arm-none-eabi/7.3.1/thumb/v7e-m/fpv4-sp/hard\libgcc.a(_aeabi_uldivmod.o)
                0x0000000008000a54                __aeabi_uldivmod
 .text          0x0000000008000a84      0x2cc c:/st/stm32cubeide_1.4.0/stm32cubeide/plugins/com.st.stm32cube.ide.mcu.externaltools.gnu-tools-for-stm32.7-2018-q2-update.win32_1.5.0.202011040924/tools/bin/../lib/gcc/arm-none-eabi/7.3.1/thumb/v7e-m/fpv4-sp/hard\libgcc.a(_udivmoddi4.o)
                0x0000000008000a84                __udivmoddi4
 .text          0x0000000008000d50        0x4 c:/st/stm32cubeide_1.4.0/stm32cubeide/plugins/com.st.stm32cube.ide.mcu.externaltools.gnu-tools-for-stm32.7-2018-q2-update.win32_1.5.0.202011040924/tools/bin/../lib/gcc/arm-none-eabi/7.3.1/thumb/v7e-m/fpv4-sp/hard\libgcc.a(_dvmd_tls.o)
                0x0000000008000d50                __aeabi_idiv0
                0x0000000008000d50                __aeabi_ldiv0
 *(.text*)
 .text.scale_all_sensors
                0x0000000008000d54       0xd4 Core/Src/control_algo.o
                0x0000000008000d54                scale_all_sensors
 .text.APP_Control_Reset
                0x0000000008000e28       0xd0 Core/Src/control_algo.o
                0x0000000008000e28                APP_Control_Reset
 .text.APP_Control_Init
                0x0000000008000ef8       0xa0 Core/Src/control_algo.o
                0x0000000008000ef8                APP_Control_Init
 .text.APP_Control_Process
                0x0000000008000f98     0x12c4 Core/Src/control_algo.o
                0x0000000008000f98                APP_Control_Process
 .text.HAL_ADC_ConvCpltCallback
                0x000000000800225c       0xf8 Core/Src/control_algo.o
                0x000000000800225c                HAL_ADC_ConvCpltCallback
 .text.factory_reset_eeprom_regs
                0x0000000008002354      0x188 Core/Src/control_table.o
                0x0000000008002354                factory_reset_eeprom_regs
 .text.load_eeprom_regs
                0x00000000080024dc       0x14 Core/Src/control_table.o
                0x00000000080024dc                load_eeprom_regs
 .text.store_eeprom_regs
                0x00000000080024f0       0x14 Core/Src/control_table.o
                0x00000000080024f0                store_eeprom_regs
 .text.reset_ram_regs
                0x0000000008002504      0x144 Core/Src/control_table.o
                0x0000000008002504                reset_ram_regs
 .text.eeprom_empty
                0x0000000008002648       0x24 Core/Src/eeprom.o
                0x0000000008002648                eeprom_empty
 .text.eeprom_restore
                0x000000000800266c       0x24 Core/Src/eeprom.o
                0x000000000800266c                eeprom_restore
 .text.eeprom_store
                0x0000000008002690       0xdc Core/Src/eeprom.o
                0x0000000008002690                eeprom_store
 .text.stop_blinking
                0x000000000800276c       0x4c Core/Src/led.o
                0x000000000800276c                stop_blinking
 .text.HAL_Led_Init
                0x00000000080027b8       0x4c Core/Src/led.o
                0x00000000080027b8                HAL_Led_Init
 .text.HAL_Led_Process
                0x0000000008002804      0x104 Core/Src/led.o
                0x0000000008002804                HAL_Led_Process
 .text.HAL_Led_Reset
                0x0000000008002908       0x38 Core/Src/led.o
                0x0000000008002908                HAL_Led_Reset
 .text.HAL_Led_Blink
                0x0000000008002940       0x8c Core/Src/led.o
                0x0000000008002940                HAL_Led_Blink
 .text.main     0x00000000080029cc       0xd0 Core/Src/main.o
                0x00000000080029cc                main
 .text.SystemClock_Config
                0x0000000008002a9c       0xd2 Core/Src/main.o
                0x0000000008002a9c                SystemClock_Config
 *fill*         0x0000000008002b6e        0x2 
 .text.MX_ADC1_Init
                0x0000000008002b70      0x12c Core/Src/main.o
 .text.MX_TIM1_Init
                0x0000000008002c9c       0xe0 Core/Src/main.o
 .text.MX_TIM4_Init
                0x0000000008002d7c      0x108 Core/Src/main.o
 .text.MX_TIM6_Init
                0x0000000008002e84       0x6c Core/Src/main.o
 .text.MX_USART2_UART_Init
                0x0000000008002ef0       0x98 Core/Src/main.o
 .text.MX_DMA_Init
                0x0000000008002f88       0x74 Core/Src/main.o
 .text.MX_GPIO_Init
                0x0000000008002ffc       0xfc Core/Src/main.o
 .text.Error_Handler
                0x00000000080030f8        0x8 Core/Src/main.o
                0x00000000080030f8                Error_Handler
 .text.fconstrain
                0x0000000008003100       0x52 Core/Src/math_tool.o
                0x0000000008003100                fconstrain
 .text.pid_reset
                0x0000000008003152       0x2c Core/Src/pid.o
                0x0000000008003152                pid_reset
 .text.pid_process_antiwindup_clamp_with_ff
                0x000000000800317e      0x15c Core/Src/pid.o
                0x000000000800317e                pid_process_antiwindup_clamp_with_ff
 .text.pid_process_antiwindup_clamp
                0x00000000080032da      0x150 Core/Src/pid.o
                0x00000000080032da                pid_process_antiwindup_clamp
 *fill*         0x000000000800342a        0x2 
 .text.updateCRC
                0x000000000800342c       0x64 Core/Src/protocol.o
                0x000000000800342c                updateCRC
 .text.packet_encapsulate
                0x0000000008003490       0x90 Core/Src/protocol.o
                0x0000000008003490                packet_encapsulate
 .text.instruction_handler
                0x0000000008003520      0x2ec Core/Src/protocol.o
                0x0000000008003520                instruction_handler
 .text.packet_handler
                0x000000000800380c      0x23c Core/Src/protocol.o
                0x000000000800380c                packet_handler
 .text.HAL_UART_ErrorCallback
                0x0000000008003a48       0x98 Core/Src/serial.o
                0x0000000008003a48                HAL_UART_ErrorCallback
 .text.HAL_Serial_Init_Half_Duplex
                0x0000000008003ae0      0x12c Core/Src/serial.o
                0x0000000008003ae0                HAL_Serial_Init_Half_Duplex
 .text.HAL_Serial_Available
                0x0000000008003c0c       0x60 Core/Src/serial.o
                0x0000000008003c0c                HAL_Serial_Available
 .text.HAL_Serial_GetChar
                0x0000000008003c6c       0xa0 Core/Src/serial.o
                0x0000000008003c6c                HAL_Serial_GetChar
 .text.HAL_Serial_Write
                0x0000000008003d0c      0x156 Core/Src/serial.o
                0x0000000008003d0c                HAL_Serial_Write
 *fill*         0x0000000008003e62        0x2 
 .text.HAL_UART_TxCpltCallback
                0x0000000008003e64      0x1dc Core/Src/serial.o
                0x0000000008003e64                HAL_UART_TxCpltCallback
 .text.HAL_MspInit
                0x0000000008004040       0x48 Core/Src/stm32g4xx_hal_msp.o
                0x0000000008004040                HAL_MspInit
 .text.HAL_ADC_MspInit
                0x0000000008004088      0x11c Core/Src/stm32g4xx_hal_msp.o
                0x0000000008004088                HAL_ADC_MspInit
 .text.HAL_TIM_Encoder_MspInit
                0x00000000080041a4       0x88 Core/Src/stm32g4xx_hal_msp.o
                0x00000000080041a4                HAL_TIM_Encoder_MspInit
 .text.HAL_TIM_Base_MspInit
                0x000000000800422c       0x74 Core/Src/stm32g4xx_hal_msp.o
                0x000000000800422c                HAL_TIM_Base_MspInit
 .text.HAL_TIM_MspPostInit
                0x00000000080042a0       0x70 Core/Src/stm32g4xx_hal_msp.o
                0x00000000080042a0                HAL_TIM_MspPostInit
 .text.HAL_UART_MspInit
                0x0000000008004310      0x188 Core/Src/stm32g4xx_hal_msp.o
                0x0000000008004310                HAL_UART_MspInit
 .text.NMI_Handler
                0x0000000008004498        0x6 Core/Src/stm32g4xx_it.o
                0x0000000008004498                NMI_Handler
 .text.HardFault_Handler
                0x000000000800449e        0x6 Core/Src/stm32g4xx_it.o
                0x000000000800449e                HardFault_Handler
 .text.MemManage_Handler
                0x00000000080044a4        0x6 Core/Src/stm32g4xx_it.o
                0x00000000080044a4                MemManage_Handler
 .text.BusFault_Handler
                0x00000000080044aa        0x6 Core/Src/stm32g4xx_it.o
                0x00000000080044aa                BusFault_Handler
 .text.UsageFault_Handler
                0x00000000080044b0        0x6 Core/Src/stm32g4xx_it.o
                0x00000000080044b0                UsageFault_Handler
 .text.SVC_Handler
                0x00000000080044b6        0xe Core/Src/stm32g4xx_it.o
                0x00000000080044b6                SVC_Handler
 .text.DebugMon_Handler
                0x00000000080044c4        0xe Core/Src/stm32g4xx_it.o
                0x00000000080044c4                DebugMon_Handler
 .text.PendSV_Handler
                0x00000000080044d2        0xe Core/Src/stm32g4xx_it.o
                0x00000000080044d2                PendSV_Handler
 .text.SysTick_Handler
                0x00000000080044e0        0xc Core/Src/stm32g4xx_it.o
                0x00000000080044e0                SysTick_Handler
 .text.DMA1_Channel1_IRQHandler
                0x00000000080044ec       0x14 Core/Src/stm32g4xx_it.o
                0x00000000080044ec                DMA1_Channel1_IRQHandler
 .text.DMA1_Channel2_IRQHandler
                0x0000000008004500       0x14 Core/Src/stm32g4xx_it.o
                0x0000000008004500                DMA1_Channel2_IRQHandler
 .text.DMA1_Channel3_IRQHandler
                0x0000000008004514       0x14 Core/Src/stm32g4xx_it.o
                0x0000000008004514                DMA1_Channel3_IRQHandler
 .text.ADC1_2_IRQHandler
                0x0000000008004528       0x14 Core/Src/stm32g4xx_it.o
                0x0000000008004528                ADC1_2_IRQHandler
 .text.TIM4_IRQHandler
                0x000000000800453c       0x14 Core/Src/stm32g4xx_it.o
                0x000000000800453c                TIM4_IRQHandler
 .text.USART2_IRQHandler
                0x0000000008004550       0x14 Core/Src/stm32g4xx_it.o
                0x0000000008004550                USART2_IRQHandler
 .text.SystemInit
                0x0000000008004564       0x2c Core/Src/system_stm32g4xx.o
                0x0000000008004564                SystemInit
 .text.Reset_Handler
                0x0000000008004590       0x50 Core/Startup/startup_stm32g431kbtx.o
                0x0000000008004590                Reset_Handler
 .text.Default_Handler
                0x00000000080045e0        0x2 Core/Startup/startup_stm32g431kbtx.o
                0x00000000080045e0                RTC_Alarm_IRQHandler
                0x00000000080045e0                EXTI2_IRQHandler
                0x00000000080045e0                TIM8_TRG_COM_IRQHandler
                0x00000000080045e0                TIM8_CC_IRQHandler
                0x00000000080045e0                TIM1_CC_IRQHandler
                0x00000000080045e0                USB_HP_IRQHandler
                0x00000000080045e0                CORDIC_IRQHandler
                0x00000000080045e0                EXTI3_IRQHandler
                0x00000000080045e0                I2C3_ER_IRQHandler
                0x00000000080045e0                EXTI0_IRQHandler
                0x00000000080045e0                I2C2_EV_IRQHandler
                0x00000000080045e0                FPU_IRQHandler
                0x00000000080045e0                FDCAN1_IT1_IRQHandler
                0x00000000080045e0                TIM1_UP_TIM16_IRQHandler
                0x00000000080045e0                SPI1_IRQHandler
                0x00000000080045e0                TIM6_DAC_IRQHandler
                0x00000000080045e0                TIM8_UP_IRQHandler
                0x00000000080045e0                DMA2_Channel2_IRQHandler
                0x00000000080045e0                DMA1_Channel4_IRQHandler
                0x00000000080045e0                USART3_IRQHandler
                0x00000000080045e0                DMA2_Channel1_IRQHandler
                0x00000000080045e0                I2C1_EV_IRQHandler
                0x00000000080045e0                DMA1_Channel6_IRQHandler
                0x00000000080045e0                UART4_IRQHandler
                0x00000000080045e0                DMA2_Channel4_IRQHandler
                0x00000000080045e0                TIM3_IRQHandler
                0x00000000080045e0                RCC_IRQHandler
                0x00000000080045e0                Default_Handler
                0x00000000080045e0                RTC_TAMP_LSECSS_IRQHandler
                0x00000000080045e0                FMAC_IRQHandler
                0x00000000080045e0                EXTI15_10_IRQHandler
                0x00000000080045e0                TIM7_IRQHandler
                0x00000000080045e0                UCPD1_IRQHandler
                0x00000000080045e0                I2C3_EV_IRQHandler
                0x00000000080045e0                EXTI9_5_IRQHandler
                0x00000000080045e0                RTC_WKUP_IRQHandler
                0x00000000080045e0                PVD_PVM_IRQHandler
                0x00000000080045e0                SPI2_IRQHandler
                0x00000000080045e0                DMA2_Channel5_IRQHandler
                0x00000000080045e0                CRS_IRQHandler
                0x00000000080045e0                DMA1_Channel5_IRQHandler
                0x00000000080045e0                USB_LP_IRQHandler
                0x00000000080045e0                EXTI4_IRQHandler
                0x00000000080045e0                RNG_IRQHandler
                0x00000000080045e0                TIM1_TRG_COM_TIM17_IRQHandler
                0x00000000080045e0                WWDG_IRQHandler
                0x00000000080045e0                LPUART1_IRQHandler
                0x00000000080045e0                DMA2_Channel6_IRQHandler
                0x00000000080045e0                FDCAN1_IT0_IRQHandler
                0x00000000080045e0                TIM2_IRQHandler
                0x00000000080045e0                COMP1_2_3_IRQHandler
                0x00000000080045e0                EXTI1_IRQHandler
                0x00000000080045e0                I2C2_ER_IRQHandler
                0x00000000080045e0                TIM8_BRK_IRQHandler
                0x00000000080045e0                FLASH_IRQHandler
                0x00000000080045e0                USART1_IRQHandler
                0x00000000080045e0                SPI3_IRQHandler
                0x00000000080045e0                I2C1_ER_IRQHandler
                0x00000000080045e0                LPTIM1_IRQHandler
                0x00000000080045e0                DMAMUX_OVR_IRQHandler
                0x00000000080045e0                USBWakeUp_IRQHandler
                0x00000000080045e0                SAI1_IRQHandler
                0x00000000080045e0                DMA2_Channel3_IRQHandler
                0x00000000080045e0                COMP4_IRQHandler
                0x00000000080045e0                TIM1_BRK_TIM15_IRQHandler
 .text.HAL_Init
                0x00000000080045e2       0x30 Drivers/STM32G4xx_HAL_Driver/Src/stm32g4xx_hal.o
                0x00000000080045e2                HAL_Init
 *fill*         0x0000000008004612        0x2 
 .text.HAL_InitTick
                0x0000000008004614       0x74 Drivers/STM32G4xx_HAL_Driver/Src/stm32g4xx_hal.o
                0x0000000008004614                HAL_InitTick
 .text.HAL_IncTick
                0x0000000008004688       0x24 Drivers/STM32G4xx_HAL_Driver/Src/stm32g4xx_hal.o
                0x0000000008004688                HAL_IncTick
 .text.HAL_GetTick
                0x00000000080046ac       0x18 Drivers/STM32G4xx_HAL_Driver/Src/stm32g4xx_hal.o
                0x00000000080046ac                HAL_GetTick
 .text.HAL_Delay
                0x00000000080046c4       0x44 Drivers/STM32G4xx_HAL_Driver/Src/stm32g4xx_hal.o
                0x00000000080046c4                HAL_Delay
 .text.LL_ADC_SetCommonClock
                0x0000000008004708       0x26 Drivers/STM32G4xx_HAL_Driver/Src/stm32g4xx_hal_adc.o
 .text.LL_ADC_SetCommonPathInternalCh
                0x000000000800472e       0x26 Drivers/STM32G4xx_HAL_Driver/Src/stm32g4xx_hal_adc.o
 .text.LL_ADC_GetCommonPathInternalCh
                0x0000000008004754       0x1c Drivers/STM32G4xx_HAL_Driver/Src/stm32g4xx_hal_adc.o
 .text.LL_ADC_SetOffset
                0x0000000008004770       0x48 Drivers/STM32G4xx_HAL_Driver/Src/stm32g4xx_hal_adc.o
 .text.LL_ADC_GetOffsetChannel
                0x00000000080047b8       0x2c Drivers/STM32G4xx_HAL_Driver/Src/stm32g4xx_hal_adc.o
 .text.LL_ADC_SetOffsetState
                0x00000000080047e4       0x36 Drivers/STM32G4xx_HAL_Driver/Src/stm32g4xx_hal_adc.o
 .text.LL_ADC_SetOffsetSign
                0x000000000800481a       0x36 Drivers/STM32G4xx_HAL_Driver/Src/stm32g4xx_hal_adc.o
 .text.LL_ADC_SetOffsetSaturation
                0x0000000008004850       0x36 Drivers/STM32G4xx_HAL_Driver/Src/stm32g4xx_hal_adc.o
 .text.LL_ADC_SetSamplingTimeCommonConfig
                0x0000000008004886       0x26 Drivers/STM32G4xx_HAL_Driver/Src/stm32g4xx_hal_adc.o
 .text.LL_ADC_REG_IsTriggerSourceSWStart
                0x00000000080048ac       0x26 Drivers/STM32G4xx_HAL_Driver/Src/stm32g4xx_hal_adc.o
 .text.LL_ADC_REG_SetSequencerRanks
                0x00000000080048d2       0x58 Drivers/STM32G4xx_HAL_Driver/Src/stm32g4xx_hal_adc.o
 .text.LL_ADC_INJ_IsTriggerSourceSWStart
                0x000000000800492a       0x26 Drivers/STM32G4xx_HAL_Driver/Src/stm32g4xx_hal_adc.o
 .text.LL_ADC_SetChannelSamplingTime
                0x0000000008004950       0x56 Drivers/STM32G4xx_HAL_Driver/Src/stm32g4xx_hal_adc.o
 *fill*         0x00000000080049a6        0x2 
 .text.LL_ADC_SetChannelSingleDiff
                0x00000000080049a8       0x48 Drivers/STM32G4xx_HAL_Driver/Src/stm32g4xx_hal_adc.o
 .text.LL_ADC_GetMultimode
                0x00000000080049f0       0x1c Drivers/STM32G4xx_HAL_Driver/Src/stm32g4xx_hal_adc.o
 .text.LL_ADC_GetMultiDMATransfer
                0x0000000008004a0c       0x1c Drivers/STM32G4xx_HAL_Driver/Src/stm32g4xx_hal_adc.o
 .text.LL_ADC_DisableDeepPowerDown
                0x0000000008004a28       0x24 Drivers/STM32G4xx_HAL_Driver/Src/stm32g4xx_hal_adc.o
 .text.LL_ADC_IsDeepPowerDownEnabled
                0x0000000008004a4c       0x28 Drivers/STM32G4xx_HAL_Driver/Src/stm32g4xx_hal_adc.o
 .text.LL_ADC_EnableInternalRegulator
                0x0000000008004a74       0x28 Drivers/STM32G4xx_HAL_Driver/Src/stm32g4xx_hal_adc.o
 .text.LL_ADC_IsInternalRegulatorEnabled
                0x0000000008004a9c       0x28 Drivers/STM32G4xx_HAL_Driver/Src/stm32g4xx_hal_adc.o
 .text.LL_ADC_Enable
                0x0000000008004ac4       0x28 Drivers/STM32G4xx_HAL_Driver/Src/stm32g4xx_hal_adc.o
 .text.LL_ADC_IsEnabled
                0x0000000008004aec       0x26 Drivers/STM32G4xx_HAL_Driver/Src/stm32g4xx_hal_adc.o
 .text.LL_ADC_REG_StartConversion
                0x0000000008004b12       0x28 Drivers/STM32G4xx_HAL_Driver/Src/stm32g4xx_hal_adc.o
 .text.LL_ADC_REG_IsConversionOngoing
                0x0000000008004b3a       0x26 Drivers/STM32G4xx_HAL_Driver/Src/stm32g4xx_hal_adc.o
 .text.LL_ADC_INJ_IsConversionOngoing
                0x0000000008004b60       0x26 Drivers/STM32G4xx_HAL_Driver/Src/stm32g4xx_hal_adc.o
 *fill*         0x0000000008004b86        0x2 
 .text.HAL_ADC_Init
                0x0000000008004b88      0x310 Drivers/STM32G4xx_HAL_Driver/Src/stm32g4xx_hal_adc.o
                0x0000000008004b88                HAL_ADC_Init
 .text.HAL_ADC_Start_DMA
                0x0000000008004e98      0x168 Drivers/STM32G4xx_HAL_Driver/Src/stm32g4xx_hal_adc.o
                0x0000000008004e98                HAL_ADC_Start_DMA
 .text.HAL_ADC_IRQHandler
                0x0000000008005000      0x434 Drivers/STM32G4xx_HAL_Driver/Src/stm32g4xx_hal_adc.o
                0x0000000008005000                HAL_ADC_IRQHandler
 .text.HAL_ADC_ConvHalfCpltCallback
                0x0000000008005434       0x14 Drivers/STM32G4xx_HAL_Driver/Src/stm32g4xx_hal_adc.o
                0x0000000008005434                HAL_ADC_ConvHalfCpltCallback
 .text.HAL_ADC_LevelOutOfWindowCallback
                0x0000000008005448       0x14 Drivers/STM32G4xx_HAL_Driver/Src/stm32g4xx_hal_adc.o
                0x0000000008005448                HAL_ADC_LevelOutOfWindowCallback
 .text.HAL_ADC_ErrorCallback
                0x000000000800545c       0x14 Drivers/STM32G4xx_HAL_Driver/Src/stm32g4xx_hal_adc.o
                0x000000000800545c                HAL_ADC_ErrorCallback
 .text.HAL_ADC_ConfigChannel
                0x0000000008005470      0x7e0 Drivers/STM32G4xx_HAL_Driver/Src/stm32g4xx_hal_adc.o
                0x0000000008005470                HAL_ADC_ConfigChannel
 .text.ADC_Enable
                0x0000000008005c50       0xb4 Drivers/STM32G4xx_HAL_Driver/Src/stm32g4xx_hal_adc.o
                0x0000000008005c50                ADC_Enable
 .text.ADC_DMAConvCplt
                0x0000000008005d04       0xd8 Drivers/STM32G4xx_HAL_Driver/Src/stm32g4xx_hal_adc.o
                0x0000000008005d04                ADC_DMAConvCplt
 .text.ADC_DMAHalfConvCplt
                0x0000000008005ddc       0x1c Drivers/STM32G4xx_HAL_Driver/Src/stm32g4xx_hal_adc.o
                0x0000000008005ddc                ADC_DMAHalfConvCplt
 .text.ADC_DMAError
                0x0000000008005df8       0x34 Drivers/STM32G4xx_HAL_Driver/Src/stm32g4xx_hal_adc.o
                0x0000000008005df8                ADC_DMAError
 .text.LL_ADC_IsEnabled
                0x0000000008005e2c       0x26 Drivers/STM32G4xx_HAL_Driver/Src/stm32g4xx_hal_adc_ex.o
 .text.LL_ADC_REG_IsConversionOngoing
                0x0000000008005e52       0x26 Drivers/STM32G4xx_HAL_Driver/Src/stm32g4xx_hal_adc_ex.o
 .text.HAL_ADCEx_InjectedConvCpltCallback
                0x0000000008005e78       0x14 Drivers/STM32G4xx_HAL_Driver/Src/stm32g4xx_hal_adc_ex.o
                0x0000000008005e78                HAL_ADCEx_InjectedConvCpltCallback
 .text.HAL_ADCEx_InjectedQueueOverflowCallback
                0x0000000008005e8c       0x14 Drivers/STM32G4xx_HAL_Driver/Src/stm32g4xx_hal_adc_ex.o
                0x0000000008005e8c                HAL_ADCEx_InjectedQueueOverflowCallback
 .text.HAL_ADCEx_LevelOutOfWindow2Callback
                0x0000000008005ea0       0x14 Drivers/STM32G4xx_HAL_Driver/Src/stm32g4xx_hal_adc_ex.o
                0x0000000008005ea0                HAL_ADCEx_LevelOutOfWindow2Callback
 .text.HAL_ADCEx_LevelOutOfWindow3Callback
                0x0000000008005eb4       0x14 Drivers/STM32G4xx_HAL_Driver/Src/stm32g4xx_hal_adc_ex.o
                0x0000000008005eb4                HAL_ADCEx_LevelOutOfWindow3Callback
 .text.HAL_ADCEx_EndOfSamplingCallback
                0x0000000008005ec8       0x14 Drivers/STM32G4xx_HAL_Driver/Src/stm32g4xx_hal_adc_ex.o
                0x0000000008005ec8                HAL_ADCEx_EndOfSamplingCallback
 .text.HAL_ADCEx_MultiModeConfigChannel
                0x0000000008005edc      0x140 Drivers/STM32G4xx_HAL_Driver/Src/stm32g4xx_hal_adc_ex.o
                0x0000000008005edc                HAL_ADCEx_MultiModeConfigChannel
 .text.__NVIC_SetPriorityGrouping
                0x000000000800601c       0x48 Drivers/STM32G4xx_HAL_Driver/Src/stm32g4xx_hal_cortex.o
 .text.__NVIC_GetPriorityGrouping
                0x0000000008006064       0x1c Drivers/STM32G4xx_HAL_Driver/Src/stm32g4xx_hal_cortex.o
 .text.__NVIC_EnableIRQ
                0x0000000008006080       0x3c Drivers/STM32G4xx_HAL_Driver/Src/stm32g4xx_hal_cortex.o
 .text.__NVIC_SetPriority
                0x00000000080060bc       0x54 Drivers/STM32G4xx_HAL_Driver/Src/stm32g4xx_hal_cortex.o
 .text.NVIC_EncodePriority
                0x0000000008006110       0x66 Drivers/STM32G4xx_HAL_Driver/Src/stm32g4xx_hal_cortex.o
 *fill*         0x0000000008006176        0x2 
 .text.__NVIC_SystemReset
                0x0000000008006178       0x28 Drivers/STM32G4xx_HAL_Driver/Src/stm32g4xx_hal_cortex.o
 .text.SysTick_Config
                0x00000000080061a0       0x44 Drivers/STM32G4xx_HAL_Driver/Src/stm32g4xx_hal_cortex.o
 .text.HAL_NVIC_SetPriorityGrouping
                0x00000000080061e4       0x16 Drivers/STM32G4xx_HAL_Driver/Src/stm32g4xx_hal_cortex.o
                0x00000000080061e4                HAL_NVIC_SetPriorityGrouping
 .text.HAL_NVIC_SetPriority
                0x00000000080061fa       0x34 Drivers/STM32G4xx_HAL_Driver/Src/stm32g4xx_hal_cortex.o
                0x00000000080061fa                HAL_NVIC_SetPriority
 .text.HAL_NVIC_EnableIRQ
                0x000000000800622e       0x1c Drivers/STM32G4xx_HAL_Driver/Src/stm32g4xx_hal_cortex.o
                0x000000000800622e                HAL_NVIC_EnableIRQ
 .text.HAL_NVIC_SystemReset
                0x000000000800624a        0x8 Drivers/STM32G4xx_HAL_Driver/Src/stm32g4xx_hal_cortex.o
                0x000000000800624a                HAL_NVIC_SystemReset
 .text.HAL_SYSTICK_Config
                0x0000000008006252       0x18 Drivers/STM32G4xx_HAL_Driver/Src/stm32g4xx_hal_cortex.o
                0x0000000008006252                HAL_SYSTICK_Config
 *fill*         0x000000000800626a        0x2 
 .text.HAL_DMA_Init
                0x000000000800626c      0x150 Drivers/STM32G4xx_HAL_Driver/Src/stm32g4xx_hal_dma.o
                0x000000000800626c                HAL_DMA_Init
 .text.HAL_DMA_Start_IT
                0x00000000080063bc       0xf6 Drivers/STM32G4xx_HAL_Driver/Src/stm32g4xx_hal_dma.o
                0x00000000080063bc                HAL_DMA_Start_IT
 .text.HAL_DMA_Abort_IT
                0x00000000080064b2       0xce Drivers/STM32G4xx_HAL_Driver/Src/stm32g4xx_hal_dma.o
                0x00000000080064b2                HAL_DMA_Abort_IT
 .text.HAL_DMA_IRQHandler
                0x0000000008006580      0x15e Drivers/STM32G4xx_HAL_Driver/Src/stm32g4xx_hal_dma.o
                0x0000000008006580                HAL_DMA_IRQHandler
 .text.DMA_SetConfig
                0x00000000080066de       0x7c Drivers/STM32G4xx_HAL_Driver/Src/stm32g4xx_hal_dma.o
 *fill*         0x000000000800675a        0x2 
 .text.DMA_CalcDMAMUXChannelBaseAndMask
                0x000000000800675c       0x7c Drivers/STM32G4xx_HAL_Driver/Src/stm32g4xx_hal_dma.o
 .text.DMA_CalcDMAMUXRequestGenBaseAndMask
                0x00000000080067d8       0x48 Drivers/STM32G4xx_HAL_Driver/Src/stm32g4xx_hal_dma.o
 .text.HAL_FLASH_Program
                0x0000000008006820       0xac Drivers/STM32G4xx_HAL_Driver/Src/stm32g4xx_hal_flash.o
                0x0000000008006820                HAL_FLASH_Program
 .text.HAL_FLASH_Unlock
                0x00000000080068cc       0x44 Drivers/STM32G4xx_HAL_Driver/Src/stm32g4xx_hal_flash.o
                0x00000000080068cc                HAL_FLASH_Unlock
 .text.HAL_FLASH_Lock
                0x0000000008006910       0x34 Drivers/STM32G4xx_HAL_Driver/Src/stm32g4xx_hal_flash.o
                0x0000000008006910                HAL_FLASH_Lock
 .text.HAL_FLASH_GetError
                0x0000000008006944       0x18 Drivers/STM32G4xx_HAL_Driver/Src/stm32g4xx_hal_flash.o
                0x0000000008006944                HAL_FLASH_GetError
 .text.FLASH_WaitForLastOperation
                0x000000000800695c       0xa8 Drivers/STM32G4xx_HAL_Driver/Src/stm32g4xx_hal_flash.o
                0x000000000800695c                FLASH_WaitForLastOperation
 .text.FLASH_Program_DoubleWord
                0x0000000008006a04       0x48 Drivers/STM32G4xx_HAL_Driver/Src/stm32g4xx_hal_flash.o
 .text.FLASH_Program_Fast
                0x0000000008006a4c       0x68 Drivers/STM32G4xx_HAL_Driver/Src/stm32g4xx_hal_flash.o
 .text.HAL_FLASHEx_Erase
                0x0000000008006ab4      0x13c Drivers/STM32G4xx_HAL_Driver/Src/stm32g4xx_hal_flash_ex.o
                0x0000000008006ab4                HAL_FLASHEx_Erase
 .text.FLASH_MassErase
                0x0000000008006bf0       0x3c Drivers/STM32G4xx_HAL_Driver/Src/stm32g4xx_hal_flash_ex.o
 .text.FLASH_PageErase
                0x0000000008006c2c       0x48 Drivers/STM32G4xx_HAL_Driver/Src/stm32g4xx_hal_flash_ex.o
                0x0000000008006c2c                FLASH_PageErase
 .text.FLASH_FlushCaches
                0x0000000008006c74       0x88 Drivers/STM32G4xx_HAL_Driver/Src/stm32g4xx_hal_flash_ex.o
                0x0000000008006c74                FLASH_FlushCaches
 .text.HAL_GPIO_Init
                0x0000000008006cfc      0x304 Drivers/STM32G4xx_HAL_Driver/Src/stm32g4xx_hal_gpio.o
                0x0000000008006cfc                HAL_GPIO_Init
 .text.HAL_GPIO_ReadPin
                0x0000000008007000       0x30 Drivers/STM32G4xx_HAL_Driver/Src/stm32g4xx_hal_gpio.o
                0x0000000008007000                HAL_GPIO_ReadPin
 .text.HAL_GPIO_WritePin
                0x0000000008007030       0x30 Drivers/STM32G4xx_HAL_Driver/Src/stm32g4xx_hal_gpio.o
                0x0000000008007030                HAL_GPIO_WritePin
 .text.HAL_PWREx_ControlVoltageScaling
                0x0000000008007060      0x148 Drivers/STM32G4xx_HAL_Driver/Src/stm32g4xx_hal_pwr_ex.o
                0x0000000008007060                HAL_PWREx_ControlVoltageScaling
 .text.HAL_PWREx_DisableUCPDDeadBattery
                0x00000000080071a8       0x20 Drivers/STM32G4xx_HAL_Driver/Src/stm32g4xx_hal_pwr_ex.o
                0x00000000080071a8                HAL_PWREx_DisableUCPDDeadBattery
 .text.HAL_RCC_OscConfig
                0x00000000080071c8      0x630 Drivers/STM32G4xx_HAL_Driver/Src/stm32g4xx_hal_rcc.o
                0x00000000080071c8                HAL_RCC_OscConfig
 .text.HAL_RCC_ClockConfig
                0x00000000080077f8      0x278 Drivers/STM32G4xx_HAL_Driver/Src/stm32g4xx_hal_rcc.o
                0x00000000080077f8                HAL_RCC_ClockConfig
 .text.HAL_RCC_GetSysClockFreq
                0x0000000008007a70       0xc4 Drivers/STM32G4xx_HAL_Driver/Src/stm32g4xx_hal_rcc.o
                0x0000000008007a70                HAL_RCC_GetSysClockFreq
 .text.HAL_RCC_GetHCLKFreq
                0x0000000008007b34       0x18 Drivers/STM32G4xx_HAL_Driver/Src/stm32g4xx_hal_rcc.o
                0x0000000008007b34                HAL_RCC_GetHCLKFreq
 .text.HAL_RCC_GetPCLK1Freq
                0x0000000008007b4c       0x2c Drivers/STM32G4xx_HAL_Driver/Src/stm32g4xx_hal_rcc.o
                0x0000000008007b4c                HAL_RCC_GetPCLK1Freq
 .text.HAL_RCC_GetPCLK2Freq
                0x0000000008007b78       0x2c Drivers/STM32G4xx_HAL_Driver/Src/stm32g4xx_hal_rcc.o
                0x0000000008007b78                HAL_RCC_GetPCLK2Freq
 .text.RCC_GetSysClockFreqFromPLLSource
                0x0000000008007ba4       0x8c Drivers/STM32G4xx_HAL_Driver/Src/stm32g4xx_hal_rcc.o
 .text.HAL_RCCEx_PeriphCLKConfig
                0x0000000008007c30      0x3e0 Drivers/STM32G4xx_HAL_Driver/Src/stm32g4xx_hal_rcc_ex.o
                0x0000000008007c30                HAL_RCCEx_PeriphCLKConfig
 .text.HAL_TIM_Base_Init
                0x0000000008008010       0xae Drivers/STM32G4xx_HAL_Driver/Src/stm32g4xx_hal_tim.o
                0x0000000008008010                HAL_TIM_Base_Init
 *fill*         0x00000000080080be        0x2 
 .text.HAL_TIM_Base_Start
                0x00000000080080c0       0xc4 Drivers/STM32G4xx_HAL_Driver/Src/stm32g4xx_hal_tim.o
                0x00000000080080c0                HAL_TIM_Base_Start
 .text.HAL_TIM_PWM_Init
                0x0000000008008184       0xae Drivers/STM32G4xx_HAL_Driver/Src/stm32g4xx_hal_tim.o
                0x0000000008008184                HAL_TIM_PWM_Init
 .text.HAL_TIM_PWM_MspInit
                0x0000000008008232       0x14 Drivers/STM32G4xx_HAL_Driver/Src/stm32g4xx_hal_tim.o
                0x0000000008008232                HAL_TIM_PWM_MspInit
 *fill*         0x0000000008008246        0x2 
 .text.HAL_TIM_PWM_Start_IT
                0x0000000008008248      0x28c Drivers/STM32G4xx_HAL_Driver/Src/stm32g4xx_hal_tim.o
                0x0000000008008248                HAL_TIM_PWM_Start_IT
 .text.HAL_TIM_Encoder_Init
                0x00000000080084d4      0x14c Drivers/STM32G4xx_HAL_Driver/Src/stm32g4xx_hal_tim.o
                0x00000000080084d4                HAL_TIM_Encoder_Init
 .text.HAL_TIM_IRQHandler
                0x0000000008008620      0x2fe Drivers/STM32G4xx_HAL_Driver/Src/stm32g4xx_hal_tim.o
                0x0000000008008620                HAL_TIM_IRQHandler
 *fill*         0x000000000800891e        0x2 
 .text.HAL_TIM_PWM_ConfigChannel
                0x0000000008008920      0x220 Drivers/STM32G4xx_HAL_Driver/Src/stm32g4xx_hal_tim.o
                0x0000000008008920                HAL_TIM_PWM_ConfigChannel
 .text.HAL_TIM_ConfigClockSource
                0x0000000008008b40      0x1a4 Drivers/STM32G4xx_HAL_Driver/Src/stm32g4xx_hal_tim.o
                0x0000000008008b40                HAL_TIM_ConfigClockSource
 .text.HAL_TIM_PeriodElapsedCallback
                0x0000000008008ce4       0x14 Drivers/STM32G4xx_HAL_Driver/Src/stm32g4xx_hal_tim.o
                0x0000000008008ce4                HAL_TIM_PeriodElapsedCallback
 .text.HAL_TIM_OC_DelayElapsedCallback
                0x0000000008008cf8       0x14 Drivers/STM32G4xx_HAL_Driver/Src/stm32g4xx_hal_tim.o
                0x0000000008008cf8                HAL_TIM_OC_DelayElapsedCallback
 .text.HAL_TIM_IC_CaptureCallback
                0x0000000008008d0c       0x14 Drivers/STM32G4xx_HAL_Driver/Src/stm32g4xx_hal_tim.o
                0x0000000008008d0c                HAL_TIM_IC_CaptureCallback
 .text.HAL_TIM_PWM_PulseFinishedCallback
                0x0000000008008d20       0x14 Drivers/STM32G4xx_HAL_Driver/Src/stm32g4xx_hal_tim.o
                0x0000000008008d20                HAL_TIM_PWM_PulseFinishedCallback
 .text.HAL_TIM_TriggerCallback
                0x0000000008008d34       0x14 Drivers/STM32G4xx_HAL_Driver/Src/stm32g4xx_hal_tim.o
                0x0000000008008d34                HAL_TIM_TriggerCallback
 .text.TIM_Base_SetConfig
                0x0000000008008d48      0x120 Drivers/STM32G4xx_HAL_Driver/Src/stm32g4xx_hal_tim.o
                0x0000000008008d48                TIM_Base_SetConfig
 .text.TIM_OC1_SetConfig
                0x0000000008008e68      0x120 Drivers/STM32G4xx_HAL_Driver/Src/stm32g4xx_hal_tim.o
 .text.TIM_OC2_SetConfig
                0x0000000008008f88      0x114 Drivers/STM32G4xx_HAL_Driver/Src/stm32g4xx_hal_tim.o
                0x0000000008008f88                TIM_OC2_SetConfig
 .text.TIM_OC3_SetConfig
                0x000000000800909c      0x110 Drivers/STM32G4xx_HAL_Driver/Src/stm32g4xx_hal_tim.o
 .text.TIM_OC4_SetConfig
                0x00000000080091ac      0x114 Drivers/STM32G4xx_HAL_Driver/Src/stm32g4xx_hal_tim.o
 .text.TIM_OC5_SetConfig
                0x00000000080092c0       0xc8 Drivers/STM32G4xx_HAL_Driver/Src/stm32g4xx_hal_tim.o
 .text.TIM_OC6_SetConfig
                0x0000000008009388       0xcc Drivers/STM32G4xx_HAL_Driver/Src/stm32g4xx_hal_tim.o
 .text.TIM_TI1_ConfigInputStage
                0x0000000008009454       0x5e Drivers/STM32G4xx_HAL_Driver/Src/stm32g4xx_hal_tim.o
 .text.TIM_TI2_ConfigInputStage
                0x00000000080094b2       0x60 Drivers/STM32G4xx_HAL_Driver/Src/stm32g4xx_hal_tim.o
 .text.TIM_ITRx_SetConfig
                0x0000000008009512       0x3a Drivers/STM32G4xx_HAL_Driver/Src/stm32g4xx_hal_tim.o
 .text.TIM_ETR_SetConfig
                0x000000000800954c       0x40 Drivers/STM32G4xx_HAL_Driver/Src/stm32g4xx_hal_tim.o
                0x000000000800954c                TIM_ETR_SetConfig
 .text.TIM_CCxChannelCmd
                0x000000000800958c       0x4a Drivers/STM32G4xx_HAL_Driver/Src/stm32g4xx_hal_tim.o
                0x000000000800958c                TIM_CCxChannelCmd
 *fill*         0x00000000080095d6        0x2 
 .text.HAL_TIMEx_MasterConfigSynchronization
                0x00000000080095d8      0x104 Drivers/STM32G4xx_HAL_Driver/Src/stm32g4xx_hal_tim_ex.o
                0x00000000080095d8                HAL_TIMEx_MasterConfigSynchronization
 .text.HAL_TIMEx_ConfigBreakDeadTime
                0x00000000080096dc      0x140 Drivers/STM32G4xx_HAL_Driver/Src/stm32g4xx_hal_tim_ex.o
                0x00000000080096dc                HAL_TIMEx_ConfigBreakDeadTime
 .text.HAL_TIMEx_CommutCallback
                0x000000000800981c       0x14 Drivers/STM32G4xx_HAL_Driver/Src/stm32g4xx_hal_tim_ex.o
                0x000000000800981c                HAL_TIMEx_CommutCallback
 .text.HAL_TIMEx_BreakCallback
                0x0000000008009830       0x14 Drivers/STM32G4xx_HAL_Driver/Src/stm32g4xx_hal_tim_ex.o
                0x0000000008009830                HAL_TIMEx_BreakCallback
 .text.HAL_TIMEx_Break2Callback
                0x0000000008009844       0x14 Drivers/STM32G4xx_HAL_Driver/Src/stm32g4xx_hal_tim_ex.o
                0x0000000008009844                HAL_TIMEx_Break2Callback
 .text.HAL_TIMEx_EncoderIndexCallback
                0x0000000008009858       0x14 Drivers/STM32G4xx_HAL_Driver/Src/stm32g4xx_hal_tim_ex.o
                0x0000000008009858                HAL_TIMEx_EncoderIndexCallback
 .text.HAL_TIMEx_DirectionChangeCallback
                0x000000000800986c       0x14 Drivers/STM32G4xx_HAL_Driver/Src/stm32g4xx_hal_tim_ex.o
                0x000000000800986c                HAL_TIMEx_DirectionChangeCallback
 .text.HAL_TIMEx_IndexErrorCallback
                0x0000000008009880       0x14 Drivers/STM32G4xx_HAL_Driver/Src/stm32g4xx_hal_tim_ex.o
                0x0000000008009880                HAL_TIMEx_IndexErrorCallback
 .text.HAL_TIMEx_TransitionErrorCallback
                0x0000000008009894       0x14 Drivers/STM32G4xx_HAL_Driver/Src/stm32g4xx_hal_tim_ex.o
                0x0000000008009894                HAL_TIMEx_TransitionErrorCallback
 .text.HAL_UART_Init
                0x00000000080098a8       0xa0 Drivers/STM32G4xx_HAL_Driver/Src/stm32g4xx_hal_uart.o
                0x00000000080098a8                HAL_UART_Init
 .text.HAL_UART_Transmit_DMA
                0x0000000008009948      0x100 Drivers/STM32G4xx_HAL_Driver/Src/stm32g4xx_hal_uart.o
                0x0000000008009948                HAL_UART_Transmit_DMA
 .text.HAL_UART_Receive_DMA
                0x0000000008009a48      0x110 Drivers/STM32G4xx_HAL_Driver/Src/stm32g4xx_hal_uart.o
                0x0000000008009a48                HAL_UART_Receive_DMA
 .text.HAL_UART_IRQHandler
                0x0000000008009b58      0x300 Drivers/STM32G4xx_HAL_Driver/Src/stm32g4xx_hal_uart.o
                0x0000000008009b58                HAL_UART_IRQHandler
 .text.HAL_UART_TxHalfCpltCallback
                0x0000000008009e58       0x14 Drivers/STM32G4xx_HAL_Driver/Src/stm32g4xx_hal_uart.o
                0x0000000008009e58                HAL_UART_TxHalfCpltCallback
 .text.HAL_UART_RxCpltCallback
                0x0000000008009e6c       0x14 Drivers/STM32G4xx_HAL_Driver/Src/stm32g4xx_hal_uart.o
                0x0000000008009e6c                HAL_UART_RxCpltCallback
 .text.HAL_UART_RxHalfCpltCallback
                0x0000000008009e80       0x14 Drivers/STM32G4xx_HAL_Driver/Src/stm32g4xx_hal_uart.o
                0x0000000008009e80                HAL_UART_RxHalfCpltCallback
 .text.UART_SetConfig
                0x0000000008009e94      0x550 Drivers/STM32G4xx_HAL_Driver/Src/stm32g4xx_hal_uart.o
                0x0000000008009e94                UART_SetConfig
 .text.UART_AdvFeatureConfig
                0x000000000800a3e4      0x144 Drivers/STM32G4xx_HAL_Driver/Src/stm32g4xx_hal_uart.o
                0x000000000800a3e4                UART_AdvFeatureConfig
 .text.UART_CheckIdleState
                0x000000000800a528       0x90 Drivers/STM32G4xx_HAL_Driver/Src/stm32g4xx_hal_uart.o
                0x000000000800a528                UART_CheckIdleState
 .text.UART_WaitOnFlagUntilTimeout
                0x000000000800a5b8      0x100 Drivers/STM32G4xx_HAL_Driver/Src/stm32g4xx_hal_uart.o
                0x000000000800a5b8                UART_WaitOnFlagUntilTimeout
 .text.UART_EndTxTransfer
                0x000000000800a6b8       0x3c Drivers/STM32G4xx_HAL_Driver/Src/stm32g4xx_hal_uart.o
 .text.UART_EndRxTransfer
                0x000000000800a6f4       0x46 Drivers/STM32G4xx_HAL_Driver/Src/stm32g4xx_hal_uart.o
 .text.UART_DMATransmitCplt
                0x000000000800a73a       0x54 Drivers/STM32G4xx_HAL_Driver/Src/stm32g4xx_hal_uart.o
 .text.UART_DMATxHalfCplt
                0x000000000800a78e       0x1c Drivers/STM32G4xx_HAL_Driver/Src/stm32g4xx_hal_uart.o
 .text.UART_DMAReceiveCplt
                0x000000000800a7aa       0x6a Drivers/STM32G4xx_HAL_Driver/Src/stm32g4xx_hal_uart.o
 .text.UART_DMARxHalfCplt
                0x000000000800a814       0x1c Drivers/STM32G4xx_HAL_Driver/Src/stm32g4xx_hal_uart.o
 .text.UART_DMAError
                0x000000000800a830       0x80 Drivers/STM32G4xx_HAL_Driver/Src/stm32g4xx_hal_uart.o
 .text.UART_DMAAbortOnError
                0x000000000800a8b0       0x2c Drivers/STM32G4xx_HAL_Driver/Src/stm32g4xx_hal_uart.o
 .text.UART_EndTransmit_IT
                0x000000000800a8dc       0x34 Drivers/STM32G4xx_HAL_Driver/Src/stm32g4xx_hal_uart.o
 .text.HAL_UARTEx_WakeupCallback
                0x000000000800a910       0x14 Drivers/STM32G4xx_HAL_Driver/Src/stm32g4xx_hal_uart_ex.o
                0x000000000800a910                HAL_UARTEx_WakeupCallback
 .text.HAL_UARTEx_RxFifoFullCallback
                0x000000000800a924       0x14 Drivers/STM32G4xx_HAL_Driver/Src/stm32g4xx_hal_uart_ex.o
                0x000000000800a924                HAL_UARTEx_RxFifoFullCallback
 .text.HAL_UARTEx_TxFifoEmptyCallback
                0x000000000800a938       0x14 Drivers/STM32G4xx_HAL_Driver/Src/stm32g4xx_hal_uart_ex.o
                0x000000000800a938                HAL_UARTEx_TxFifoEmptyCallback
 .text.HAL_UARTEx_DisableFifoMode
                0x000000000800a94c       0x72 Drivers/STM32G4xx_HAL_Driver/Src/stm32g4xx_hal_uart_ex.o
                0x000000000800a94c                HAL_UARTEx_DisableFifoMode
 .text.HAL_UARTEx_SetTxFifoThreshold
                0x000000000800a9be       0x7c Drivers/STM32G4xx_HAL_Driver/Src/stm32g4xx_hal_uart_ex.o
                0x000000000800a9be                HAL_UARTEx_SetTxFifoThreshold
 .text.HAL_UARTEx_SetRxFifoThreshold
                0x000000000800aa3a       0x7c Drivers/STM32G4xx_HAL_Driver/Src/stm32g4xx_hal_uart_ex.o
                0x000000000800aa3a                HAL_UARTEx_SetRxFifoThreshold
 *fill*         0x000000000800aab6        0x2 
 .text.UARTEx_SetNbDataToProcess
                0x000000000800aab8       0xd0 Drivers/STM32G4xx_HAL_Driver/Src/stm32g4xx_hal_uart_ex.o
 .text.__errno  0x000000000800ab88        0xc c:/st/stm32cubeide_1.4.0/stm32cubeide/plugins/com.st.stm32cube.ide.mcu.externaltools.gnu-tools-for-stm32.7-2018-q2-update.win32_1.5.0.202011040924/tools/bin/../lib/gcc/arm-none-eabi/7.3.1/../../../../arm-none-eabi/lib/thumb/v7e-m/fpv4-sp/hard\libc_nano.a(lib_a-errno.o)
                0x000000000800ab88                __errno
 .text.__libc_init_array
                0x000000000800ab94       0x48 c:/st/stm32cubeide_1.4.0/stm32cubeide/plugins/com.st.stm32cube.ide.mcu.externaltools.gnu-tools-for-stm32.7-2018-q2-update.win32_1.5.0.202011040924/tools/bin/../lib/gcc/arm-none-eabi/7.3.1/../../../../arm-none-eabi/lib/thumb/v7e-m/fpv4-sp/hard\libc_nano.a(lib_a-init.o)
                0x000000000800ab94                __libc_init_array
 .text.memcpy   0x000000000800abdc       0x16 c:/st/stm32cubeide_1.4.0/stm32cubeide/plugins/com.st.stm32cube.ide.mcu.externaltools.gnu-tools-for-stm32.7-2018-q2-update.win32_1.5.0.202011040924/tools/bin/../lib/gcc/arm-none-eabi/7.3.1/../../../../arm-none-eabi/lib/thumb/v7e-m/fpv4-sp/hard\libc_nano.a(lib_a-memcpy-stub.o)
                0x000000000800abdc                memcpy
 .text.memset   0x000000000800abf2       0x10 c:/st/stm32cubeide_1.4.0/stm32cubeide/plugins/com.st.stm32cube.ide.mcu.externaltools.gnu-tools-for-stm32.7-2018-q2-update.win32_1.5.0.202011040924/tools/bin/../lib/gcc/arm-none-eabi/7.3.1/../../../../arm-none-eabi/lib/thumb/v7e-m/fpv4-sp/hard\libc_nano.a(lib_a-memset.o)
                0x000000000800abf2                memset
 *fill*         0x000000000800ac02        0x2 
 .text.sqrtf    0x000000000800ac04       0xa0 c:/st/stm32cubeide_1.4.0/stm32cubeide/plugins/com.st.stm32cube.ide.mcu.externaltools.gnu-tools-for-stm32.7-2018-q2-update.win32_1.5.0.202011040924/tools/bin/../lib/gcc/arm-none-eabi/7.3.1/../../../../arm-none-eabi/lib/thumb/v7e-m/fpv4-sp/hard\libm.a(lib_a-wf_sqrt.o)
                0x000000000800ac04                sqrtf
 .text.__ieee754_sqrtf
                0x000000000800aca4        0x6 c:/st/stm32cubeide_1.4.0/stm32cubeide/plugins/com.st.stm32cube.ide.mcu.externaltools.gnu-tools-for-stm32.7-2018-q2-update.win32_1.5.0.202011040924/tools/bin/../lib/gcc/arm-none-eabi/7.3.1/../../../../arm-none-eabi/lib/thumb/v7e-m/fpv4-sp/hard\libm.a(lib_a-ef_sqrt.o)
                0x000000000800aca4                __ieee754_sqrtf
 .text.matherr  0x000000000800acaa        0x4 c:/st/stm32cubeide_1.4.0/stm32cubeide/plugins/com.st.stm32cube.ide.mcu.externaltools.gnu-tools-for-stm32.7-2018-q2-update.win32_1.5.0.202011040924/tools/bin/../lib/gcc/arm-none-eabi/7.3.1/../../../../arm-none-eabi/lib/thumb/v7e-m/fpv4-sp/hard\libm.a(lib_a-s_matherr.o)
                0x000000000800acaa                matherr
 *(.glue_7)
 .glue_7        0x000000000800acae        0x0 linker stubs
 *(.glue_7t)
 .glue_7t       0x000000000800acae        0x0 linker stubs
 *(.eh_frame)
 *fill*         0x000000000800acae        0x2 
 .eh_frame      0x000000000800acb0        0x0 c:/st/stm32cubeide_1.4.0/stm32cubeide/plugins/com.st.stm32cube.ide.mcu.externaltools.gnu-tools-for-stm32.7-2018-q2-update.win32_1.5.0.202011040924/tools/bin/../lib/gcc/arm-none-eabi/7.3.1/thumb/v7e-m/fpv4-sp/hard/crtbegin.o
 *(.init)
 .init          0x000000000800acb0        0x4 c:/st/stm32cubeide_1.4.0/stm32cubeide/plugins/com.st.stm32cube.ide.mcu.externaltools.gnu-tools-for-stm32.7-2018-q2-update.win32_1.5.0.202011040924/tools/bin/../lib/gcc/arm-none-eabi/7.3.1/thumb/v7e-m/fpv4-sp/hard/crti.o
                0x000000000800acb0                _init
 .init          0x000000000800acb4        0x8 c:/st/stm32cubeide_1.4.0/stm32cubeide/plugins/com.st.stm32cube.ide.mcu.externaltools.gnu-tools-for-stm32.7-2018-q2-update.win32_1.5.0.202011040924/tools/bin/../lib/gcc/arm-none-eabi/7.3.1/thumb/v7e-m/fpv4-sp/hard/crtn.o
 *(.fini)
 .fini          0x000000000800acbc        0x4 c:/st/stm32cubeide_1.4.0/stm32cubeide/plugins/com.st.stm32cube.ide.mcu.externaltools.gnu-tools-for-stm32.7-2018-q2-update.win32_1.5.0.202011040924/tools/bin/../lib/gcc/arm-none-eabi/7.3.1/thumb/v7e-m/fpv4-sp/hard/crti.o
                0x000000000800acbc                _fini
 .fini          0x000000000800acc0        0x8 c:/st/stm32cubeide_1.4.0/stm32cubeide/plugins/com.st.stm32cube.ide.mcu.externaltools.gnu-tools-for-stm32.7-2018-q2-update.win32_1.5.0.202011040924/tools/bin/../lib/gcc/arm-none-eabi/7.3.1/thumb/v7e-m/fpv4-sp/hard/crtn.o
                0x000000000800acc8                . = ALIGN (0x4)
                0x000000000800acc8                _etext = .

.vfp11_veneer   0x000000000800acc8        0x0
 .vfp11_veneer  0x000000000800acc8        0x0 linker stubs

.v4_bx          0x000000000800acc8        0x0
 .v4_bx         0x000000000800acc8        0x0 linker stubs

.iplt           0x000000000800acc8        0x0
 .iplt          0x000000000800acc8        0x0 c:/st/stm32cubeide_1.4.0/stm32cubeide/plugins/com.st.stm32cube.ide.mcu.externaltools.gnu-tools-for-stm32.7-2018-q2-update.win32_1.5.0.202011040924/tools/bin/../lib/gcc/arm-none-eabi/7.3.1/thumb/v7e-m/fpv4-sp/hard/crtbegin.o

.rodata         0x000000000800acc8      0x254
                0x000000000800acc8                . = ALIGN (0x4)
 *(.rodata)
 .rodata        0x000000000800acc8       0x10 Drivers/STM32G4xx_HAL_Driver/Src/stm32g4xx_hal_uart_ex.o
 *(.rodata*)
 .rodata.hal_led_id_to_pin
                0x000000000800acd8        0x4 Core/Src/led.o
 .rodata.hal_led_id_to_port
                0x000000000800acdc        0x8 Core/Src/led.o
 .rodata.crc_table.9408
                0x000000000800ace4      0x200 Core/Src/protocol.o
 .rodata.AHBPrescTable
                0x000000000800aee4       0x10 Core/Src/system_stm32g4xx.o
                0x000000000800aee4                AHBPrescTable
 .rodata.APBPrescTable
                0x000000000800aef4        0x8 Core/Src/system_stm32g4xx.o
                0x000000000800aef4                APBPrescTable
 .rodata.UARTPrescTable
                0x000000000800aefc       0x18 Drivers/STM32G4xx_HAL_Driver/Src/stm32g4xx_hal_uart.o
                0x000000000800aefc                UARTPrescTable
 .rodata.sqrtf.str1.1
                0x000000000800af14        0x6 c:/st/stm32cubeide_1.4.0/stm32cubeide/plugins/com.st.stm32cube.ide.mcu.externaltools.gnu-tools-for-stm32.7-2018-q2-update.win32_1.5.0.202011040924/tools/bin/../lib/gcc/arm-none-eabi/7.3.1/../../../../arm-none-eabi/lib/thumb/v7e-m/fpv4-sp/hard\libm.a(lib_a-wf_sqrt.o)
                0x000000000800af1c                . = ALIGN (0x4)
 *fill*         0x000000000800af1a        0x2 

.ARM.extab      0x000000000800af1c        0x0
                0x000000000800af1c                . = ALIGN (0x4)
 *(.ARM.extab* .gnu.linkonce.armextab.*)
                0x000000000800af1c                . = ALIGN (0x4)

.ARM            0x000000000800af1c        0x8
                0x000000000800af1c                . = ALIGN (0x4)
                0x000000000800af1c                __exidx_start = .
 *(.ARM.exidx*)
 .ARM.exidx     0x000000000800af1c        0x8 c:/st/stm32cubeide_1.4.0/stm32cubeide/plugins/com.st.stm32cube.ide.mcu.externaltools.gnu-tools-for-stm32.7-2018-q2-update.win32_1.5.0.202011040924/tools/bin/../lib/gcc/arm-none-eabi/7.3.1/thumb/v7e-m/fpv4-sp/hard\libgcc.a(_udivmoddi4.o)
                0x000000000800af24                __exidx_end = .
                0x000000000800af24                . = ALIGN (0x4)

.rel.dyn        0x000000000800af24        0x0
 .rel.iplt      0x000000000800af24        0x0 c:/st/stm32cubeide_1.4.0/stm32cubeide/plugins/com.st.stm32cube.ide.mcu.externaltools.gnu-tools-for-stm32.7-2018-q2-update.win32_1.5.0.202011040924/tools/bin/../lib/gcc/arm-none-eabi/7.3.1/thumb/v7e-m/fpv4-sp/hard/crtbegin.o

.preinit_array  0x000000000800af24        0x0
                0x000000000800af24                . = ALIGN (0x4)
                0x000000000800af24                PROVIDE (__preinit_array_start = .)
 *(.preinit_array*)
                0x000000000800af24                PROVIDE (__preinit_array_end = .)
                0x000000000800af24                . = ALIGN (0x4)

.init_array     0x000000000800af24        0x4
                0x000000000800af24                . = ALIGN (0x4)
                0x000000000800af24                PROVIDE (__init_array_start = .)
 *(SORT_BY_NAME(.init_array.*))
 *(.init_array*)
 .init_array    0x000000000800af24        0x4 c:/st/stm32cubeide_1.4.0/stm32cubeide/plugins/com.st.stm32cube.ide.mcu.externaltools.gnu-tools-for-stm32.7-2018-q2-update.win32_1.5.0.202011040924/tools/bin/../lib/gcc/arm-none-eabi/7.3.1/thumb/v7e-m/fpv4-sp/hard/crtbegin.o
                0x000000000800af28                PROVIDE (__init_array_end = .)
                0x000000000800af28                . = ALIGN (0x4)

.fini_array     0x000000000800af28        0x4
                0x000000000800af28                . = ALIGN (0x4)
                [!provide]                        PROVIDE (__fini_array_start = .)
 *(SORT_BY_NAME(.fini_array.*))
 *(.fini_array*)
 .fini_array    0x000000000800af28        0x4 c:/st/stm32cubeide_1.4.0/stm32cubeide/plugins/com.st.stm32cube.ide.mcu.externaltools.gnu-tools-for-stm32.7-2018-q2-update.win32_1.5.0.202011040924/tools/bin/../lib/gcc/arm-none-eabi/7.3.1/thumb/v7e-m/fpv4-sp/hard/crtbegin.o
                [!provide]                        PROVIDE (__fini_array_end = .)
                0x000000000800af2c                . = ALIGN (0x4)
                0x000000000800af2c                _sidata = LOADADDR (.data)

.data           0x0000000020000000       0x9c load address 0x000000000800af2c
                0x0000000020000000                . = ALIGN (0x4)
                0x0000000020000000                _sdata = .
 *(.data)
 *(.data*)
 .data.entering_state
                0x0000000020000000        0x1 Core/Src/control_algo.o
 *fill*         0x0000000020000001        0x3 
 .data.current_control_mode
                0x0000000020000004        0x4 Core/Src/control_algo.o
 .data.SystemCoreClock
                0x0000000020000008        0x4 Core/Src/system_stm32g4xx.o
                0x0000000020000008                SystemCoreClock
 .data.uwTickPrio
                0x000000002000000c        0x4 Drivers/STM32G4xx_HAL_Driver/Src/stm32g4xx_hal.o
                0x000000002000000c                uwTickPrio
 .data.uwTickFreq
                0x0000000020000010        0x4 Drivers/STM32G4xx_HAL_Driver/Src/stm32g4xx_hal.o
                0x0000000020000010                uwTickFreq
 .data.pFlash   0x0000000020000014       0x20 Drivers/STM32G4xx_HAL_Driver/Src/stm32g4xx_hal_flash.o
                0x0000000020000014                pFlash
 .data._impure_ptr
                0x0000000020000034        0x4 c:/st/stm32cubeide_1.4.0/stm32cubeide/plugins/com.st.stm32cube.ide.mcu.externaltools.gnu-tools-for-stm32.7-2018-q2-update.win32_1.5.0.202011040924/tools/bin/../lib/gcc/arm-none-eabi/7.3.1/../../../../arm-none-eabi/lib/thumb/v7e-m/fpv4-sp/hard\libc_nano.a(lib_a-impure.o)
                0x0000000020000034                _impure_ptr
 .data.impure_data
                0x0000000020000038       0x60 c:/st/stm32cubeide_1.4.0/stm32cubeide/plugins/com.st.stm32cube.ide.mcu.externaltools.gnu-tools-for-stm32.7-2018-q2-update.win32_1.5.0.202011040924/tools/bin/../lib/gcc/arm-none-eabi/7.3.1/../../../../arm-none-eabi/lib/thumb/v7e-m/fpv4-sp/hard\libc_nano.a(lib_a-impure.o)
 .data.__fdlib_version
                0x0000000020000098        0x1 c:/st/stm32cubeide_1.4.0/stm32cubeide/plugins/com.st.stm32cube.ide.mcu.externaltools.gnu-tools-for-stm32.7-2018-q2-update.win32_1.5.0.202011040924/tools/bin/../lib/gcc/arm-none-eabi/7.3.1/../../../../arm-none-eabi/lib/thumb/v7e-m/fpv4-sp/hard\libm.a(lib_a-s_lib_ver.o)
                0x0000000020000098                __fdlib_version
 *(.RamFunc)
 *(.RamFunc*)
                0x000000002000009c                . = ALIGN (0x4)
 *fill*         0x0000000020000099        0x3 
                0x000000002000009c                _edata = .

.igot.plt       0x000000002000009c        0x0 load address 0x000000000800afc8
 .igot.plt      0x000000002000009c        0x0 c:/st/stm32cubeide_1.4.0/stm32cubeide/plugins/com.st.stm32cube.ide.mcu.externaltools.gnu-tools-for-stm32.7-2018-q2-update.win32_1.5.0.202011040924/tools/bin/../lib/gcc/arm-none-eabi/7.3.1/thumb/v7e-m/fpv4-sp/hard/crtbegin.o
                0x000000002000009c                . = ALIGN (0x4)

.bss            0x000000002000009c     0x3580 load address 0x000000000800afc8
                0x000000002000009c                _sbss = .
                0x000000002000009c                __bss_start__ = _sbss
 *(.bss)
 .bss           0x000000002000009c       0x1c c:/st/stm32cubeide_1.4.0/stm32cubeide/plugins/com.st.stm32cube.ide.mcu.externaltools.gnu-tools-for-stm32.7-2018-q2-update.win32_1.5.0.202011040924/tools/bin/../lib/gcc/arm-none-eabi/7.3.1/thumb/v7e-m/fpv4-sp/hard/crtbegin.o
 *(.bss*)
 .bss.ADC_DMA   0x00000000200000b8        0x6 Core/Src/control_algo.o
                0x00000000200000b8                ADC_DMA
 *fill*         0x00000000200000be        0x2 
 .bss.motor_current_input_adc
                0x00000000200000c0        0x4 Core/Src/control_algo.o
 .bss.voltage_input_adc
                0x00000000200000c4        0x4 Core/Src/control_algo.o
 .bss.motor_current_input_adc_offset
                0x00000000200000c8        0x4 Core/Src/control_algo.o
 .bss.pwm_sign  0x00000000200000cc        0x4 Core/Src/control_algo.o
 .bss.pwm_ratio
                0x00000000200000d0        0x4 Core/Src/control_algo.o
 .bss.present_motor_current_ma
                0x00000000200000d4        0x4 Core/Src/control_algo.o
 .bss.present_position_deg
                0x00000000200000d8        0x4 Core/Src/control_algo.o
 .bss.present_voltage_0v1
                0x00000000200000dc        0x4 Core/Src/control_algo.o
 .bss.setpoint_pwm
                0x00000000200000e0        0x4 Core/Src/control_algo.o
 .bss.setpoint_current_ma
                0x00000000200000e4        0x4 Core/Src/control_algo.o
 .bss.setpoint_acceleration_dpss
                0x00000000200000e8        0x4 Core/Src/control_algo.o
 .bss.setpoint_velocity_dps
                0x00000000200000ec        0x4 Core/Src/control_algo.o
 .bss.setpoint_position_deg
                0x00000000200000f0        0x4 Core/Src/control_algo.o
 .bss.counter   0x00000000200000f4        0x4 Core/Src/control_algo.o
 .bss.pid_position
                0x00000000200000f8        0xc Core/Src/control_algo.o
 .bss.pid_current
                0x0000000020000104        0xc Core/Src/control_algo.o
 .bss.present_velocity_dps
                0x0000000020000110        0x4 Core/Src/control_algo.o
 .bss.last_present_position_deg
                0x0000000020000114        0x4 Core/Src/control_algo.o
 .bss.last_setpoint_velocity_dps
                0x0000000020000118        0x4 Core/Src/control_algo.o
 .bss.blinkin_period
                0x000000002000011c        0x8 Core/Src/led.o
 .bss.blinkin_counter
                0x0000000020000124        0x8 Core/Src/led.o
 .bss.blinkin_infinite
                0x000000002000012c        0x2 Core/Src/led.o
 *fill*         0x000000002000012e        0x2 
 .bss.last_state_change_time
                0x0000000020000130        0x8 Core/Src/led.o
 .bss.rx_packet_position
                0x0000000020000138        0x4 Core/Src/protocol.o
                0x0000000020000138                rx_packet_position
 .bss.rx_packet_payload_bytes
                0x000000002000013c        0x4 Core/Src/protocol.o
                0x000000002000013c                rx_packet_payload_bytes
 .bss.tx_packet_length
                0x0000000020000140        0x4 Core/Src/protocol.o
                0x0000000020000140                tx_packet_length
 .bss.packet_state
                0x0000000020000144        0x1 Core/Src/protocol.o
                0x0000000020000144                packet_state
 *fill*         0x0000000020000145        0x3 
 .bss.hserial_table
                0x0000000020000148        0x4 Core/Src/serial.o
                0x0000000020000148                hserial_table
 .bss.serial_counter
                0x000000002000014c        0x4 Core/Src/serial.o
                0x000000002000014c                serial_counter
 .bss.id.9781   0x0000000020000150        0x4 Core/Src/serial.o
 .bss.id.9829   0x0000000020000154        0x4 Core/Src/serial.o
 *(COMMON)
 COMMON         0x0000000020000158       0x82 Core/Src/control_table.o
                0x0000000020000158                regs
 *fill*         0x00000000200001da        0x2 
 COMMON         0x00000000200001dc     0x2ba4 Core/Src/main.o
                0x00000000200001dc                hdma_usart2_rx
                0x000000002000023c                htim4
                0x0000000020000288                hadc1
                0x00000000200002f4                hdma_usart2_tx
                0x0000000020000354                serial
                0x0000000020002bfc                hdma_adc1
                0x0000000020002c5c                htim6
                0x0000000020002ca8                htim1
                0x0000000020002cf4                huart2
 COMMON         0x0000000020002d80      0x898 Core/Src/protocol.o
                0x0000000020002d80                rx_packet_buffer
                0x00000000200031cc                tx_packet_buffer
 COMMON         0x0000000020003618        0x4 Drivers/STM32G4xx_HAL_Driver/Src/stm32g4xx_hal.o
                0x0000000020003618                uwTick
                0x000000002000361c                . = ALIGN (0x4)
                0x000000002000361c                _ebss = .
                0x000000002000361c                __bss_end__ = _ebss

._user_heap_stack
                0x000000002000361c      0x604 load address 0x000000000800afc8
                0x0000000020003620                . = ALIGN (0x8)
 *fill*         0x000000002000361c        0x4 
                [!provide]                        PROVIDE (end = .)
                0x0000000020003620                PROVIDE (_end = .)
                0x0000000020003820                . = (. + _Min_Heap_Size)
 *fill*         0x0000000020003620      0x200 
                0x0000000020003c20                . = (. + _Min_Stack_Size)
 *fill*         0x0000000020003820      0x400 
                0x0000000020003c20                . = ALIGN (0x8)

/DISCARD/
 libc.a(*)
 libm.a(*)
 libgcc.a(*)

.ARM.attributes
                0x0000000000000000       0x30
 *(.ARM.attributes)
 .ARM.attributes
                0x0000000000000000       0x22 c:/st/stm32cubeide_1.4.0/stm32cubeide/plugins/com.st.stm32cube.ide.mcu.externaltools.gnu-tools-for-stm32.7-2018-q2-update.win32_1.5.0.202011040924/tools/bin/../lib/gcc/arm-none-eabi/7.3.1/thumb/v7e-m/fpv4-sp/hard/crti.o
 .ARM.attributes
                0x0000000000000022       0x34 c:/st/stm32cubeide_1.4.0/stm32cubeide/plugins/com.st.stm32cube.ide.mcu.externaltools.gnu-tools-for-stm32.7-2018-q2-update.win32_1.5.0.202011040924/tools/bin/../lib/gcc/arm-none-eabi/7.3.1/thumb/v7e-m/fpv4-sp/hard/crtbegin.o
 .ARM.attributes
                0x0000000000000056       0x39 Core/Src/control_algo.o
 .ARM.attributes
                0x000000000000008f       0x39 Core/Src/control_table.o
 .ARM.attributes
                0x00000000000000c8       0x39 Core/Src/eeprom.o
 .ARM.attributes
                0x0000000000000101       0x39 Core/Src/led.o
 .ARM.attributes
                0x000000000000013a       0x39 Core/Src/main.o
 .ARM.attributes
                0x0000000000000173       0x39 Core/Src/math_tool.o
 .ARM.attributes
                0x00000000000001ac       0x39 Core/Src/pid.o
 .ARM.attributes
                0x00000000000001e5       0x39 Core/Src/protocol.o
 .ARM.attributes
                0x000000000000021e       0x39 Core/Src/serial.o
 .ARM.attributes
                0x0000000000000257       0x39 Core/Src/stm32g4xx_hal_msp.o
 .ARM.attributes
                0x0000000000000290       0x39 Core/Src/stm32g4xx_it.o
 .ARM.attributes
                0x00000000000002c9       0x39 Core/Src/system_stm32g4xx.o
 .ARM.attributes
                0x0000000000000302       0x21 Core/Startup/startup_stm32g431kbtx.o
 .ARM.attributes
                0x0000000000000323       0x39 Drivers/STM32G4xx_HAL_Driver/Src/stm32g4xx_hal.o
 .ARM.attributes
                0x000000000000035c       0x39 Drivers/STM32G4xx_HAL_Driver/Src/stm32g4xx_hal_adc.o
 .ARM.attributes
                0x0000000000000395       0x39 Drivers/STM32G4xx_HAL_Driver/Src/stm32g4xx_hal_adc_ex.o
 .ARM.attributes
                0x00000000000003ce       0x39 Drivers/STM32G4xx_HAL_Driver/Src/stm32g4xx_hal_cortex.o
 .ARM.attributes
                0x0000000000000407       0x39 Drivers/STM32G4xx_HAL_Driver/Src/stm32g4xx_hal_dma.o
 .ARM.attributes
                0x0000000000000440       0x39 Drivers/STM32G4xx_HAL_Driver/Src/stm32g4xx_hal_flash.o
 .ARM.attributes
                0x0000000000000479       0x39 Drivers/STM32G4xx_HAL_Driver/Src/stm32g4xx_hal_flash_ex.o
 .ARM.attributes
                0x00000000000004b2       0x39 Drivers/STM32G4xx_HAL_Driver/Src/stm32g4xx_hal_gpio.o
 .ARM.attributes
                0x00000000000004eb       0x39 Drivers/STM32G4xx_HAL_Driver/Src/stm32g4xx_hal_pwr_ex.o
 .ARM.attributes
                0x0000000000000524       0x39 Drivers/STM32G4xx_HAL_Driver/Src/stm32g4xx_hal_rcc.o
 .ARM.attributes
                0x000000000000055d       0x39 Drivers/STM32G4xx_HAL_Driver/Src/stm32g4xx_hal_rcc_ex.o
 .ARM.attributes
                0x0000000000000596       0x39 Drivers/STM32G4xx_HAL_Driver/Src/stm32g4xx_hal_tim.o
 .ARM.attributes
                0x00000000000005cf       0x39 Drivers/STM32G4xx_HAL_Driver/Src/stm32g4xx_hal_tim_ex.o
 .ARM.attributes
                0x0000000000000608       0x39 Drivers/STM32G4xx_HAL_Driver/Src/stm32g4xx_hal_uart.o
 .ARM.attributes
                0x0000000000000641       0x39 Drivers/STM32G4xx_HAL_Driver/Src/stm32g4xx_hal_uart_ex.o
 .ARM.attributes
                0x000000000000067a       0x34 c:/st/stm32cubeide_1.4.0/stm32cubeide/plugins/com.st.stm32cube.ide.mcu.externaltools.gnu-tools-for-stm32.7-2018-q2-update.win32_1.5.0.202011040924/tools/bin/../lib/gcc/arm-none-eabi/7.3.1/../../../../arm-none-eabi/lib/thumb/v7e-m/fpv4-sp/hard\libc_nano.a(lib_a-errno.o)
 .ARM.attributes
                0x00000000000006ae       0x34 c:/st/stm32cubeide_1.4.0/stm32cubeide/plugins/com.st.stm32cube.ide.mcu.externaltools.gnu-tools-for-stm32.7-2018-q2-update.win32_1.5.0.202011040924/tools/bin/../lib/gcc/arm-none-eabi/7.3.1/../../../../arm-none-eabi/lib/thumb/v7e-m/fpv4-sp/hard\libc_nano.a(lib_a-impure.o)
 .ARM.attributes
                0x00000000000006e2       0x34 c:/st/stm32cubeide_1.4.0/stm32cubeide/plugins/com.st.stm32cube.ide.mcu.externaltools.gnu-tools-for-stm32.7-2018-q2-update.win32_1.5.0.202011040924/tools/bin/../lib/gcc/arm-none-eabi/7.3.1/../../../../arm-none-eabi/lib/thumb/v7e-m/fpv4-sp/hard\libc_nano.a(lib_a-init.o)
 .ARM.attributes
                0x0000000000000716       0x34 c:/st/stm32cubeide_1.4.0/stm32cubeide/plugins/com.st.stm32cube.ide.mcu.externaltools.gnu-tools-for-stm32.7-2018-q2-update.win32_1.5.0.202011040924/tools/bin/../lib/gcc/arm-none-eabi/7.3.1/../../../../arm-none-eabi/lib/thumb/v7e-m/fpv4-sp/hard\libc_nano.a(lib_a-memcpy-stub.o)
 .ARM.attributes
                0x000000000000074a       0x34 c:/st/stm32cubeide_1.4.0/stm32cubeide/plugins/com.st.stm32cube.ide.mcu.externaltools.gnu-tools-for-stm32.7-2018-q2-update.win32_1.5.0.202011040924/tools/bin/../lib/gcc/arm-none-eabi/7.3.1/../../../../arm-none-eabi/lib/thumb/v7e-m/fpv4-sp/hard\libc_nano.a(lib_a-memset.o)
 .ARM.attributes
                0x000000000000077e       0x34 c:/st/stm32cubeide_1.4.0/stm32cubeide/plugins/com.st.stm32cube.ide.mcu.externaltools.gnu-tools-for-stm32.7-2018-q2-update.win32_1.5.0.202011040924/tools/bin/../lib/gcc/arm-none-eabi/7.3.1/../../../../arm-none-eabi/lib/thumb/v7e-m/fpv4-sp/hard\libm.a(lib_a-wf_sqrt.o)
 .ARM.attributes
                0x00000000000007b2       0x34 c:/st/stm32cubeide_1.4.0/stm32cubeide/plugins/com.st.stm32cube.ide.mcu.externaltools.gnu-tools-for-stm32.7-2018-q2-update.win32_1.5.0.202011040924/tools/bin/../lib/gcc/arm-none-eabi/7.3.1/../../../../arm-none-eabi/lib/thumb/v7e-m/fpv4-sp/hard\libm.a(lib_a-ef_sqrt.o)
 .ARM.attributes
                0x00000000000007e6       0x34 c:/st/stm32cubeide_1.4.0/stm32cubeide/plugins/com.st.stm32cube.ide.mcu.externaltools.gnu-tools-for-stm32.7-2018-q2-update.win32_1.5.0.202011040924/tools/bin/../lib/gcc/arm-none-eabi/7.3.1/../../../../arm-none-eabi/lib/thumb/v7e-m/fpv4-sp/hard\libm.a(lib_a-s_lib_ver.o)
 .ARM.attributes
                0x000000000000081a       0x34 c:/st/stm32cubeide_1.4.0/stm32cubeide/plugins/com.st.stm32cube.ide.mcu.externaltools.gnu-tools-for-stm32.7-2018-q2-update.win32_1.5.0.202011040924/tools/bin/../lib/gcc/arm-none-eabi/7.3.1/../../../../arm-none-eabi/lib/thumb/v7e-m/fpv4-sp/hard\libm.a(lib_a-s_matherr.o)
 .ARM.attributes
                0x000000000000084e       0x22 c:/st/stm32cubeide_1.4.0/stm32cubeide/plugins/com.st.stm32cube.ide.mcu.externaltools.gnu-tools-for-stm32.7-2018-q2-update.win32_1.5.0.202011040924/tools/bin/../lib/gcc/arm-none-eabi/7.3.1/thumb/v7e-m/fpv4-sp/hard\libgcc.a(_arm_addsubdf3.o)
 .ARM.attributes
                0x0000000000000870       0x22 c:/st/stm32cubeide_1.4.0/stm32cubeide/plugins/com.st.stm32cube.ide.mcu.externaltools.gnu-tools-for-stm32.7-2018-q2-update.win32_1.5.0.202011040924/tools/bin/../lib/gcc/arm-none-eabi/7.3.1/thumb/v7e-m/fpv4-sp/hard\libgcc.a(_arm_muldivdf3.o)
 .ARM.attributes
                0x0000000000000892       0x22 c:/st/stm32cubeide_1.4.0/stm32cubeide/plugins/com.st.stm32cube.ide.mcu.externaltools.gnu-tools-for-stm32.7-2018-q2-update.win32_1.5.0.202011040924/tools/bin/../lib/gcc/arm-none-eabi/7.3.1/thumb/v7e-m/fpv4-sp/hard\libgcc.a(_arm_truncdfsf2.o)
 .ARM.attributes
                0x00000000000008b4       0x22 c:/st/stm32cubeide_1.4.0/stm32cubeide/plugins/com.st.stm32cube.ide.mcu.externaltools.gnu-tools-for-stm32.7-2018-q2-update.win32_1.5.0.202011040924/tools/bin/../lib/gcc/arm-none-eabi/7.3.1/thumb/v7e-m/fpv4-sp/hard\libgcc.a(_aeabi_uldivmod.o)
 .ARM.attributes
                0x00000000000008d6       0x34 c:/st/stm32cubeide_1.4.0/stm32cubeide/plugins/com.st.stm32cube.ide.mcu.externaltools.gnu-tools-for-stm32.7-2018-q2-update.win32_1.5.0.202011040924/tools/bin/../lib/gcc/arm-none-eabi/7.3.1/thumb/v7e-m/fpv4-sp/hard\libgcc.a(_udivmoddi4.o)
 .ARM.attributes
                0x000000000000090a       0x22 c:/st/stm32cubeide_1.4.0/stm32cubeide/plugins/com.st.stm32cube.ide.mcu.externaltools.gnu-tools-for-stm32.7-2018-q2-update.win32_1.5.0.202011040924/tools/bin/../lib/gcc/arm-none-eabi/7.3.1/thumb/v7e-m/fpv4-sp/hard\libgcc.a(_dvmd_tls.o)
 .ARM.attributes
                0x000000000000092c       0x22 c:/st/stm32cubeide_1.4.0/stm32cubeide/plugins/com.st.stm32cube.ide.mcu.externaltools.gnu-tools-for-stm32.7-2018-q2-update.win32_1.5.0.202011040924/tools/bin/../lib/gcc/arm-none-eabi/7.3.1/thumb/v7e-m/fpv4-sp/hard/crtn.o
OUTPUT(ControlFirmware.elf elf32-littlearm)

.debug_info     0x0000000000000000    0x1cdbb
 .debug_info    0x0000000000000000     0x1cae Core/Src/control_algo.o
 .debug_info    0x0000000000001cae      0x302 Core/Src/control_table.o
 .debug_info    0x0000000000001fb0      0xc9b Core/Src/eeprom.o
 .debug_info    0x0000000000002c4b      0x5b8 Core/Src/led.o
 .debug_info    0x0000000000003203     0x1f5e Core/Src/main.o
 .debug_info    0x0000000000005161      0x3d9 Core/Src/math_tool.o
 .debug_info    0x000000000000553a      0xdd5 Core/Src/pid.o
 .debug_info    0x000000000000630f      0xdfe Core/Src/protocol.o
 .debug_info    0x000000000000710d     0x176d Core/Src/serial.o
 .debug_info    0x000000000000887a     0x18a8 Core/Src/stm32g4xx_hal_msp.o
 .debug_info    0x000000000000a122     0x119e Core/Src/stm32g4xx_it.o
 .debug_info    0x000000000000b2c0      0x6eb Core/Src/system_stm32g4xx.o
 .debug_info    0x000000000000b9ab       0x22 Core/Startup/startup_stm32g431kbtx.o
 .debug_info    0x000000000000b9cd      0xbe6 Drivers/STM32G4xx_HAL_Driver/Src/stm32g4xx_hal.o
 .debug_info    0x000000000000c5b3     0x2123 Drivers/STM32G4xx_HAL_Driver/Src/stm32g4xx_hal_adc.o
 .debug_info    0x000000000000e6d6     0x1e34 Drivers/STM32G4xx_HAL_Driver/Src/stm32g4xx_hal_adc_ex.o
 .debug_info    0x000000000001050a      0xef7 Drivers/STM32G4xx_HAL_Driver/Src/stm32g4xx_hal_cortex.o
 .debug_info    0x0000000000011401      0xa43 Drivers/STM32G4xx_HAL_Driver/Src/stm32g4xx_hal_dma.o
 .debug_info    0x0000000000011e44      0x784 Drivers/STM32G4xx_HAL_Driver/Src/stm32g4xx_hal_flash.o
 .debug_info    0x00000000000125c8      0x997 Drivers/STM32G4xx_HAL_Driver/Src/stm32g4xx_hal_flash_ex.o
 .debug_info    0x0000000000012f5f      0x99e Drivers/STM32G4xx_HAL_Driver/Src/stm32g4xx_hal_gpio.o
 .debug_info    0x00000000000138fd      0xad8 Drivers/STM32G4xx_HAL_Driver/Src/stm32g4xx_hal_pwr_ex.o
 .debug_info    0x00000000000143d5      0xccb Drivers/STM32G4xx_HAL_Driver/Src/stm32g4xx_hal_rcc.o
 .debug_info    0x00000000000150a0      0xdb8 Drivers/STM32G4xx_HAL_Driver/Src/stm32g4xx_hal_rcc_ex.o
 .debug_info    0x0000000000015e58     0x2b63 Drivers/STM32G4xx_HAL_Driver/Src/stm32g4xx_hal_tim.o
 .debug_info    0x00000000000189bb     0x1ccf Drivers/STM32G4xx_HAL_Driver/Src/stm32g4xx_hal_tim_ex.o
 .debug_info    0x000000000001a68a     0x1a91 Drivers/STM32G4xx_HAL_Driver/Src/stm32g4xx_hal_uart.o
 .debug_info    0x000000000001c11b      0xca0 Drivers/STM32G4xx_HAL_Driver/Src/stm32g4xx_hal_uart_ex.o

.debug_abbrev   0x0000000000000000     0x3883
 .debug_abbrev  0x0000000000000000      0x2b0 Core/Src/control_algo.o
 .debug_abbrev  0x00000000000002b0       0xeb Core/Src/control_table.o
 .debug_abbrev  0x000000000000039b      0x1e3 Core/Src/eeprom.o
 .debug_abbrev  0x000000000000057e      0x190 Core/Src/led.o
 .debug_abbrev  0x000000000000070e      0x2ab Core/Src/main.o
 .debug_abbrev  0x00000000000009b9      0x122 Core/Src/math_tool.o
 .debug_abbrev  0x0000000000000adb      0x1ed Core/Src/pid.o
 .debug_abbrev  0x0000000000000cc8      0x241 Core/Src/protocol.o
 .debug_abbrev  0x0000000000000f09      0x314 Core/Src/serial.o
 .debug_abbrev  0x000000000000121d      0x209 Core/Src/stm32g4xx_hal_msp.o
 .debug_abbrev  0x0000000000001426      0x1ac Core/Src/stm32g4xx_it.o
 .debug_abbrev  0x00000000000015d2      0x147 Core/Src/system_stm32g4xx.o
 .debug_abbrev  0x0000000000001719       0x12 Core/Startup/startup_stm32g431kbtx.o
 .debug_abbrev  0x000000000000172b      0x1fb Drivers/STM32G4xx_HAL_Driver/Src/stm32g4xx_hal.o
 .debug_abbrev  0x0000000000001926      0x25d Drivers/STM32G4xx_HAL_Driver/Src/stm32g4xx_hal_adc.o
 .debug_abbrev  0x0000000000001b83      0x27d Drivers/STM32G4xx_HAL_Driver/Src/stm32g4xx_hal_adc_ex.o
 .debug_abbrev  0x0000000000001e00      0x2f1 Drivers/STM32G4xx_HAL_Driver/Src/stm32g4xx_hal_cortex.o
 .debug_abbrev  0x00000000000020f1      0x1d9 Drivers/STM32G4xx_HAL_Driver/Src/stm32g4xx_hal_dma.o
 .debug_abbrev  0x00000000000022ca      0x2b6 Drivers/STM32G4xx_HAL_Driver/Src/stm32g4xx_hal_flash.o
 .debug_abbrev  0x0000000000002580      0x24d Drivers/STM32G4xx_HAL_Driver/Src/stm32g4xx_hal_flash_ex.o
 .debug_abbrev  0x00000000000027cd      0x1c0 Drivers/STM32G4xx_HAL_Driver/Src/stm32g4xx_hal_gpio.o
 .debug_abbrev  0x000000000000298d      0x1fd Drivers/STM32G4xx_HAL_Driver/Src/stm32g4xx_hal_pwr_ex.o
 .debug_abbrev  0x0000000000002b8a      0x245 Drivers/STM32G4xx_HAL_Driver/Src/stm32g4xx_hal_rcc.o
 .debug_abbrev  0x0000000000002dcf      0x204 Drivers/STM32G4xx_HAL_Driver/Src/stm32g4xx_hal_rcc_ex.o
 .debug_abbrev  0x0000000000002fd3      0x25b Drivers/STM32G4xx_HAL_Driver/Src/stm32g4xx_hal_tim.o
 .debug_abbrev  0x000000000000322e      0x261 Drivers/STM32G4xx_HAL_Driver/Src/stm32g4xx_hal_tim_ex.o
 .debug_abbrev  0x000000000000348f      0x212 Drivers/STM32G4xx_HAL_Driver/Src/stm32g4xx_hal_uart.o
 .debug_abbrev  0x00000000000036a1      0x1e2 Drivers/STM32G4xx_HAL_Driver/Src/stm32g4xx_hal_uart_ex.o

.debug_aranges  0x0000000000000000     0x17c0
 .debug_aranges
                0x0000000000000000       0x40 Core/Src/control_algo.o
 .debug_aranges
                0x0000000000000040       0x38 Core/Src/control_table.o
 .debug_aranges
                0x0000000000000078       0x38 Core/Src/eeprom.o
 .debug_aranges
                0x00000000000000b0       0x58 Core/Src/led.o
 .debug_aranges
                0x0000000000000108       0x68 Core/Src/main.o
 .debug_aranges
                0x0000000000000170       0x38 Core/Src/math_tool.o
 .debug_aranges
                0x00000000000001a8       0x38 Core/Src/pid.o
 .debug_aranges
                0x00000000000001e0       0x38 Core/Src/protocol.o
 .debug_aranges
                0x0000000000000218       0x78 Core/Src/serial.o
 .debug_aranges
                0x0000000000000290       0x68 Core/Src/stm32g4xx_hal_msp.o
 .debug_aranges
                0x00000000000002f8       0x90 Core/Src/stm32g4xx_it.o
 .debug_aranges
                0x0000000000000388       0x28 Core/Src/system_stm32g4xx.o
 .debug_aranges
                0x00000000000003b0       0x28 Core/Startup/startup_stm32g431kbtx.o
 .debug_aranges
                0x00000000000003d8      0x130 Drivers/STM32G4xx_HAL_Driver/Src/stm32g4xx_hal.o
 .debug_aranges
                0x0000000000000508      0x248 Drivers/STM32G4xx_HAL_Driver/Src/stm32g4xx_hal_adc.o
 .debug_aranges
                0x0000000000000750      0x1c0 Drivers/STM32G4xx_HAL_Driver/Src/stm32g4xx_hal_adc_ex.o
 .debug_aranges
                0x0000000000000910      0x118 Drivers/STM32G4xx_HAL_Driver/Src/stm32g4xx_hal_cortex.o
 .debug_aranges
                0x0000000000000a28       0x90 Drivers/STM32G4xx_HAL_Driver/Src/stm32g4xx_hal_dma.o
 .debug_aranges
                0x0000000000000ab8       0x88 Drivers/STM32G4xx_HAL_Driver/Src/stm32g4xx_hal_flash.o
 .debug_aranges
                0x0000000000000b40       0xc8 Drivers/STM32G4xx_HAL_Driver/Src/stm32g4xx_hal_flash_ex.o
 .debug_aranges
                0x0000000000000c08       0x58 Drivers/STM32G4xx_HAL_Driver/Src/stm32g4xx_hal_gpio.o
 .debug_aranges
                0x0000000000000c60      0x140 Drivers/STM32G4xx_HAL_Driver/Src/stm32g4xx_hal_pwr_ex.o
 .debug_aranges
                0x0000000000000da0       0x98 Drivers/STM32G4xx_HAL_Driver/Src/stm32g4xx_hal_rcc.o
 .debug_aranges
                0x0000000000000e38       0xb0 Drivers/STM32G4xx_HAL_Driver/Src/stm32g4xx_hal_rcc_ex.o
 .debug_aranges
                0x0000000000000ee8      0x3e0 Drivers/STM32G4xx_HAL_Driver/Src/stm32g4xx_hal_tim.o
 .debug_aranges
                0x00000000000012c8      0x240 Drivers/STM32G4xx_HAL_Driver/Src/stm32g4xx_hal_tim_ex.o
 .debug_aranges
                0x0000000000001508      0x230 Drivers/STM32G4xx_HAL_Driver/Src/stm32g4xx_hal_uart.o
 .debug_aranges
                0x0000000000001738       0x88 Drivers/STM32G4xx_HAL_Driver/Src/stm32g4xx_hal_uart_ex.o

.debug_ranges   0x0000000000000000     0x1608
 .debug_ranges  0x0000000000000000       0x30 Core/Src/control_algo.o
 .debug_ranges  0x0000000000000030       0x28 Core/Src/control_table.o
 .debug_ranges  0x0000000000000058       0x28 Core/Src/eeprom.o
 .debug_ranges  0x0000000000000080       0x48 Core/Src/led.o
 .debug_ranges  0x00000000000000c8       0x58 Core/Src/main.o
 .debug_ranges  0x0000000000000120       0x28 Core/Src/math_tool.o
 .debug_ranges  0x0000000000000148       0x28 Core/Src/pid.o
 .debug_ranges  0x0000000000000170       0x28 Core/Src/protocol.o
 .debug_ranges  0x0000000000000198       0x68 Core/Src/serial.o
 .debug_ranges  0x0000000000000200       0x58 Core/Src/stm32g4xx_hal_msp.o
 .debug_ranges  0x0000000000000258       0x80 Core/Src/stm32g4xx_it.o
 .debug_ranges  0x00000000000002d8       0x18 Core/Src/system_stm32g4xx.o
 .debug_ranges  0x00000000000002f0       0x20 Core/Startup/startup_stm32g431kbtx.o
 .debug_ranges  0x0000000000000310      0x120 Drivers/STM32G4xx_HAL_Driver/Src/stm32g4xx_hal.o
 .debug_ranges  0x0000000000000430      0x238 Drivers/STM32G4xx_HAL_Driver/Src/stm32g4xx_hal_adc.o
 .debug_ranges  0x0000000000000668      0x1b0 Drivers/STM32G4xx_HAL_Driver/Src/stm32g4xx_hal_adc_ex.o
 .debug_ranges  0x0000000000000818      0x108 Drivers/STM32G4xx_HAL_Driver/Src/stm32g4xx_hal_cortex.o
 .debug_ranges  0x0000000000000920       0x80 Drivers/STM32G4xx_HAL_Driver/Src/stm32g4xx_hal_dma.o
 .debug_ranges  0x00000000000009a0       0x78 Drivers/STM32G4xx_HAL_Driver/Src/stm32g4xx_hal_flash.o
 .debug_ranges  0x0000000000000a18       0xb8 Drivers/STM32G4xx_HAL_Driver/Src/stm32g4xx_hal_flash_ex.o
 .debug_ranges  0x0000000000000ad0       0x48 Drivers/STM32G4xx_HAL_Driver/Src/stm32g4xx_hal_gpio.o
 .debug_ranges  0x0000000000000b18      0x130 Drivers/STM32G4xx_HAL_Driver/Src/stm32g4xx_hal_pwr_ex.o
 .debug_ranges  0x0000000000000c48       0x88 Drivers/STM32G4xx_HAL_Driver/Src/stm32g4xx_hal_rcc.o
 .debug_ranges  0x0000000000000cd0       0xa0 Drivers/STM32G4xx_HAL_Driver/Src/stm32g4xx_hal_rcc_ex.o
 .debug_ranges  0x0000000000000d70      0x3d0 Drivers/STM32G4xx_HAL_Driver/Src/stm32g4xx_hal_tim.o
 .debug_ranges  0x0000000000001140      0x230 Drivers/STM32G4xx_HAL_Driver/Src/stm32g4xx_hal_tim_ex.o
 .debug_ranges  0x0000000000001370      0x220 Drivers/STM32G4xx_HAL_Driver/Src/stm32g4xx_hal_uart.o
 .debug_ranges  0x0000000000001590       0x78 Drivers/STM32G4xx_HAL_Driver/Src/stm32g4xx_hal_uart_ex.o

.debug_macro    0x0000000000000000    0x22060
 .debug_macro   0x0000000000000000      0x2f7 Core/Src/control_algo.o
 .debug_macro   0x00000000000002f7      0xa5a Core/Src/control_algo.o
 .debug_macro   0x0000000000000d51      0x161 Core/Src/control_algo.o
 .debug_macro   0x0000000000000eb2       0x2e Core/Src/control_algo.o
 .debug_macro   0x0000000000000ee0       0x28 Core/Src/control_algo.o
 .debug_macro   0x0000000000000f08       0x22 Core/Src/control_algo.o
 .debug_macro   0x0000000000000f2a       0x8e Core/Src/control_algo.o
 .debug_macro   0x0000000000000fb8       0x51 Core/Src/control_algo.o
 .debug_macro   0x0000000000001009       0xef Core/Src/control_algo.o
 .debug_macro   0x00000000000010f8       0x6a Core/Src/control_algo.o
 .debug_macro   0x0000000000001162      0x1df Core/Src/control_algo.o
 .debug_macro   0x0000000000001341       0x1c Core/Src/control_algo.o
 .debug_macro   0x000000000000135d       0x22 Core/Src/control_algo.o
 .debug_macro   0x000000000000137f      0x101 Core/Src/control_algo.o
 .debug_macro   0x0000000000001480     0x1011 Core/Src/control_algo.o
 .debug_macro   0x0000000000002491      0x11f Core/Src/control_algo.o
 .debug_macro   0x00000000000025b0    0x1138f Core/Src/control_algo.o
 .debug_macro   0x000000000001393f       0x43 Core/Src/control_algo.o
 .debug_macro   0x0000000000013982     0x34ed Core/Src/control_algo.o
 .debug_macro   0x0000000000016e6f      0x174 Core/Src/control_algo.o
 .debug_macro   0x0000000000016fe3       0x5a Core/Src/control_algo.o
 .debug_macro   0x000000000001703d     0x13de Core/Src/control_algo.o
 .debug_macro   0x000000000001841b      0x535 Core/Src/control_algo.o
 .debug_macro   0x0000000000018950      0x137 Core/Src/control_algo.o
 .debug_macro   0x0000000000018a87      0x289 Core/Src/control_algo.o
 .debug_macro   0x0000000000018d10      0x41d Core/Src/control_algo.o
 .debug_macro   0x000000000001912d      0x18b Core/Src/control_algo.o
 .debug_macro   0x00000000000192b8       0x43 Core/Src/control_algo.o
 .debug_macro   0x00000000000192fb      0x23d Core/Src/control_algo.o
 .debug_macro   0x0000000000019538     0x10fd Core/Src/control_algo.o
 .debug_macro   0x000000000001a635      0x72e Core/Src/control_algo.o
 .debug_macro   0x000000000001ad63      0x391 Core/Src/control_algo.o
 .debug_macro   0x000000000001b0f4      0x212 Core/Src/control_algo.o
 .debug_macro   0x000000000001b306      0x401 Core/Src/control_algo.o
 .debug_macro   0x000000000001b707      0x107 Core/Src/control_algo.o
 .debug_macro   0x000000000001b80e      0x122 Core/Src/control_algo.o
 .debug_macro   0x000000000001b930      0x3d1 Core/Src/control_algo.o
 .debug_macro   0x000000000001bd01      0xbbe Core/Src/control_algo.o
 .debug_macro   0x000000000001c8bf      0x47e Core/Src/control_algo.o
 .debug_macro   0x000000000001cd3d      0x662 Core/Src/control_algo.o
 .debug_macro   0x000000000001d39f       0xa6 Core/Src/control_algo.o
 .debug_macro   0x000000000001d445      0x307 Core/Src/control_algo.o
 .debug_macro   0x000000000001d74c      0x35e Core/Src/control_algo.o
 .debug_macro   0x000000000001daaa       0x1c Core/Src/control_algo.o
 .debug_macro   0x000000000001dac6       0x10 Core/Src/control_algo.o
 .debug_macro   0x000000000001dad6       0x22 Core/Src/control_algo.o
 .debug_macro   0x000000000001daf8       0x46 Core/Src/control_algo.o
 .debug_macro   0x000000000001db3e       0x18 Core/Src/control_algo.o
 .debug_macro   0x000000000001db56       0x3c Core/Src/control_algo.o
 .debug_macro   0x000000000001db92       0x34 Core/Src/control_algo.o
 .debug_macro   0x000000000001dbc6       0x52 Core/Src/control_algo.o
 .debug_macro   0x000000000001dc18       0x1f Core/Src/control_algo.o
 .debug_macro   0x000000000001dc37       0x43 Core/Src/control_algo.o
 .debug_macro   0x000000000001dc7a       0x20 Core/Src/control_algo.o
 .debug_macro   0x000000000001dc9a      0x1a3 Core/Src/control_algo.o
 .debug_macro   0x000000000001de3d      0x32a Core/Src/control_algo.o
 .debug_macro   0x000000000001e167      0x1e1 Core/Src/control_algo.o
 .debug_macro   0x000000000001e348      0x21c Core/Src/control_table.o
 .debug_macro   0x000000000001e564      0x358 Core/Src/control_table.o
 .debug_macro   0x000000000001e8bc      0x2c5 Core/Src/eeprom.o
 .debug_macro   0x000000000001eb81       0x10 Core/Src/eeprom.o
 .debug_macro   0x000000000001eb91       0x35 Core/Src/eeprom.o
 .debug_macro   0x000000000001ebc6       0x20 Core/Src/eeprom.o
 .debug_macro   0x000000000001ebe6      0x20d Core/Src/led.o
 .debug_macro   0x000000000001edf3       0x46 Core/Src/led.o
 .debug_macro   0x000000000001ee39      0x24d Core/Src/main.o
 .debug_macro   0x000000000001f086       0x40 Core/Src/main.o
 .debug_macro   0x000000000001f0c6       0x1c Core/Src/main.o
 .debug_macro   0x000000000001f0e2      0x1fb Core/Src/math_tool.o
 .debug_macro   0x000000000001f2dd      0x2d5 Core/Src/pid.o
 .debug_macro   0x000000000001f5b2      0x2d9 Core/Src/protocol.o
 .debug_macro   0x000000000001f88b      0x2d3 Core/Src/serial.o
 .debug_macro   0x000000000001fb5e       0x58 Core/Src/serial.o
 .debug_macro   0x000000000001fbb6      0x200 Core/Src/stm32g4xx_hal_msp.o
 .debug_macro   0x000000000001fdb6      0x20a Core/Src/stm32g4xx_it.o
 .debug_macro   0x000000000001ffc0      0x1f7 Core/Src/system_stm32g4xx.o
 .debug_macro   0x00000000000201b7      0x23f Drivers/STM32G4xx_HAL_Driver/Src/stm32g4xx_hal.o
 .debug_macro   0x00000000000203f6      0x20e Drivers/STM32G4xx_HAL_Driver/Src/stm32g4xx_hal_adc.o
 .debug_macro   0x0000000000020604      0x1fd Drivers/STM32G4xx_HAL_Driver/Src/stm32g4xx_hal_adc_ex.o
 .debug_macro   0x0000000000020801      0x1f1 Drivers/STM32G4xx_HAL_Driver/Src/stm32g4xx_hal_cortex.o
 .debug_macro   0x00000000000209f2      0x1f1 Drivers/STM32G4xx_HAL_Driver/Src/stm32g4xx_hal_dma.o
 .debug_macro   0x0000000000020be3      0x1f7 Drivers/STM32G4xx_HAL_Driver/Src/stm32g4xx_hal_flash.o