Archive member included to satisfy reference by file (symbol)

c:/st/stm32cubeide_1.4.0/stm32cubeide/plugins/com.st.stm32cube.ide.mcu.externaltools.gnu-tools-for-stm32.7-2018-q2-update.win32_1.5.0.202011040924/tools/bin/../lib/gcc/arm-none-eabi/7.3.1/../../../../arm-none-eabi/lib/thumb/v7e-m/fpv4-sp/hard\libc_nano.a(lib_a-errno.o)
                              Core/Src/syscalls.o (__errno)
c:/st/stm32cubeide_1.4.0/stm32cubeide/plugins/com.st.stm32cube.ide.mcu.externaltools.gnu-tools-for-stm32.7-2018-q2-update.win32_1.5.0.202011040924/tools/bin/../lib/gcc/arm-none-eabi/7.3.1/../../../../arm-none-eabi/lib/thumb/v7e-m/fpv4-sp/hard\libc_nano.a(lib_a-exit.o)
                              c:/st/stm32cubeide_1.4.0/stm32cubeide/plugins/com.st.stm32cube.ide.mcu.externaltools.gnu-tools-for-stm32.7-2018-q2-update.win32_1.5.0.202011040924/tools/bin/../lib/gcc/arm-none-eabi/7.3.1/../../../../arm-none-eabi/lib/thumb/v7e-m/fpv4-sp/hard/crt0.o (exit)
c:/st/stm32cubeide_1.4.0/stm32cubeide/plugins/com.st.stm32cube.ide.mcu.externaltools.gnu-tools-for-stm32.7-2018-q2-update.win32_1.5.0.202011040924/tools/bin/../lib/gcc/arm-none-eabi/7.3.1/../../../../arm-none-eabi/lib/thumb/v7e-m/fpv4-sp/hard\libc_nano.a(lib_a-impure.o)
                              c:/st/stm32cubeide_1.4.0/stm32cubeide/plugins/com.st.stm32cube.ide.mcu.externaltools.gnu-tools-for-stm32.7-2018-q2-update.win32_1.5.0.202011040924/tools/bin/../lib/gcc/arm-none-eabi/7.3.1/../../../../arm-none-eabi/lib/thumb/v7e-m/fpv4-sp/hard\libc_nano.a(lib_a-exit.o) (_global_impure_ptr)
c:/st/stm32cubeide_1.4.0/stm32cubeide/plugins/com.st.stm32cube.ide.mcu.externaltools.gnu-tools-for-stm32.7-2018-q2-update.win32_1.5.0.202011040924/tools/bin/../lib/gcc/arm-none-eabi/7.3.1/../../../../arm-none-eabi/lib/thumb/v7e-m/fpv4-sp/hard\libc_nano.a(lib_a-init.o)
                              c:/st/stm32cubeide_1.4.0/stm32cubeide/plugins/com.st.stm32cube.ide.mcu.externaltools.gnu-tools-for-stm32.7-2018-q2-update.win32_1.5.0.202011040924/tools/bin/../lib/gcc/arm-none-eabi/7.3.1/../../../../arm-none-eabi/lib/thumb/v7e-m/fpv4-sp/hard/crt0.o (__libc_init_array)
c:/st/stm32cubeide_1.4.0/stm32cubeide/plugins/com.st.stm32cube.ide.mcu.externaltools.gnu-tools-for-stm32.7-2018-q2-update.win32_1.5.0.202011040924/tools/bin/../lib/gcc/arm-none-eabi/7.3.1/../../../../arm-none-eabi/lib/thumb/v7e-m/fpv4-sp/hard\libc_nano.a(lib_a-memcpy-stub.o)
                              Core/Src/eeprom.o (memcpy)
c:/st/stm32cubeide_1.4.0/stm32cubeide/plugins/com.st.stm32cube.ide.mcu.externaltools.gnu-tools-for-stm32.7-2018-q2-update.win32_1.5.0.202011040924/tools/bin/../lib/gcc/arm-none-eabi/7.3.1/../../../../arm-none-eabi/lib/thumb/v7e-m/fpv4-sp/hard\libc_nano.a(lib_a-memset.o)
                              c:/st/stm32cubeide_1.4.0/stm32cubeide/plugins/com.st.stm32cube.ide.mcu.externaltools.gnu-tools-for-stm32.7-2018-q2-update.win32_1.5.0.202011040924/tools/bin/../lib/gcc/arm-none-eabi/7.3.1/../../../../arm-none-eabi/lib/thumb/v7e-m/fpv4-sp/hard/crt0.o (memset)
c:/st/stm32cubeide_1.4.0/stm32cubeide/plugins/com.st.stm32cube.ide.mcu.externaltools.gnu-tools-for-stm32.7-2018-q2-update.win32_1.5.0.202011040924/tools/bin/../lib/gcc/arm-none-eabi/7.3.1/../../../../arm-none-eabi/lib/thumb/v7e-m/fpv4-sp/hard\libm.a(lib_a-wf_sqrt.o)
                              Core/Src/control_algo.o (sqrtf)
c:/st/stm32cubeide_1.4.0/stm32cubeide/plugins/com.st.stm32cube.ide.mcu.externaltools.gnu-tools-for-stm32.7-2018-q2-update.win32_1.5.0.202011040924/tools/bin/../lib/gcc/arm-none-eabi/7.3.1/../../../../arm-none-eabi/lib/thumb/v7e-m/fpv4-sp/hard\libm.a(lib_a-ef_sqrt.o)
                              c:/st/stm32cubeide_1.4.0/stm32cubeide/plugins/com.st.stm32cube.ide.mcu.externaltools.gnu-tools-for-stm32.7-2018-q2-update.win32_1.5.0.202011040924/tools/bin/../lib/gcc/arm-none-eabi/7.3.1/../../../../arm-none-eabi/lib/thumb/v7e-m/fpv4-sp/hard\libm.a(lib_a-wf_sqrt.o) (__ieee754_sqrtf)
c:/st/stm32cubeide_1.4.0/stm32cubeide/plugins/com.st.stm32cube.ide.mcu.externaltools.gnu-tools-for-stm32.7-2018-q2-update.win32_1.5.0.202011040924/tools/bin/../lib/gcc/arm-none-eabi/7.3.1/../../../../arm-none-eabi/lib/thumb/v7e-m/fpv4-sp/hard\libm.a(lib_a-s_lib_ver.o)
                              c:/st/stm32cubeide_1.4.0/stm32cubeide/plugins/com.st.stm32cube.ide.mcu.externaltools.gnu-tools-for-stm32.7-2018-q2-update.win32_1.5.0.202011040924/tools/bin/../lib/gcc/arm-none-eabi/7.3.1/../../../../arm-none-eabi/lib/thumb/v7e-m/fpv4-sp/hard\libm.a(lib_a-wf_sqrt.o) (__fdlib_version)
c:/st/stm32cubeide_1.4.0/stm32cubeide/plugins/com.st.stm32cube.ide.mcu.externaltools.gnu-tools-for-stm32.7-2018-q2-update.win32_1.5.0.202011040924/tools/bin/../lib/gcc/arm-none-eabi/7.3.1/../../../../arm-none-eabi/lib/thumb/v7e-m/fpv4-sp/hard\libm.a(lib_a-s_matherr.o)
[...]
Memory Configuration

Name             Origin             Length             Attributes
RAM              0x0000000020000000 0x0000000000008000 xrw
FLASH            0x0000000008000000 0x0000000000020000 xr
*default*        0x0000000000000000 0xffffffffffffffff

Linker script and memory map

LOAD c:/st/stm32cubeide_1.4.0/stm32cubeide/plugins/com.st.stm32cube.ide.mcu.externaltools.gnu-tools-for-stm32.7-2018-q2-update.win32_1.5.0.202011040924/tools/bin/../lib/gcc/arm-none-eabi/7.3.1/thumb/v7e-m/fpv4-sp/hard/crti.o
LOAD c:/st/stm32cubeide_1.4.0/stm32cubeide/plugins/com.st.stm32cube.ide.mcu.externaltools.gnu-tools-for-stm32.7-2018-q2-update.win32_1.5.0.202011040924/tools/bin/../lib/gcc/arm-none-eabi/7.3.1/thumb/v7e-m/fpv4-sp/hard/crtbegin.o
LOAD c:/st/stm32cubeide_1.4.0/stm32cubeide/plugins/com.st.stm32cube.ide.mcu.externaltools.gnu-tools-for-stm32.7-2018-q2-update.win32_1.5.0.202011040924/tools/bin/../lib/gcc/arm-none-eabi/7.3.1/../../../../arm-none-eabi/lib/thumb/v7e-m/fpv4-sp/hard/crt0.o
LOAD Core/Src/control_algo.o
LOAD Core/Src/control_table.o
LOAD Core/Src/eeprom.o
LOAD Core/Src/led.o
LOAD Core/Src/main.o
LOAD Core/Src/math_tool.o
LOAD Core/Src/pid.o
LOAD Core/Src/protocol.o
LOAD Core/Src/serial.o
LOAD Core/Src/stm32g4xx_hal_msp.o
LOAD Core/Src/stm32g4xx_it.o
LOAD Core/Src/syscalls.o
LOAD Core/Src/sysmem.o
LOAD Core/Src/system_stm32g4xx.o
LOAD Core/Startup/startup_stm32g431kbtx.o
LOAD Drivers/STM32G4xx_HAL_Driver/Src/stm32g4xx_hal.o
LOAD Drivers/STM32G4xx_HAL_Driver/Src/stm32g4xx_hal_adc.o
LOAD Drivers/STM32G4xx_HAL_Driver/Src/stm32g4xx_hal_adc_ex.o
LOAD Drivers/STM32G4xx_HAL_Driver/Src/stm32g4xx_hal_cortex.o
LOAD Drivers/STM32G4xx_HAL_Driver/Src/stm32g4xx_hal_dma.o
LOAD Drivers/STM32G4xx_HAL_Driver/Src/stm32g4xx_hal_dma_ex.o
LOAD Drivers/STM32G4xx_HAL_Driver/Src/stm32g4xx_hal_exti.o
LOAD Drivers/STM32G4xx_HAL_Driver/Src/stm32g4xx_hal_flash.o
LOAD Drivers/STM32G4xx_HAL_Driver/Src/stm32g4xx_hal_flash_ex.o
LOAD Drivers/STM32G4xx_HAL_Driver/Src/stm32g4xx_hal_flash_ramfunc.o
LOAD Drivers/STM32G4xx_HAL_Driver/Src/stm32g4xx_hal_gpio.o
LOAD Drivers/STM32G4xx_HAL_Driver/Src/stm32g4xx_hal_pwr.o
LOAD Drivers/STM32G4xx_HAL_Driver/Src/stm32g4xx_hal_pwr_ex.o
LOAD Drivers/STM32G4xx_HAL_Driver/Src/stm32g4xx_hal_rcc.o
LOAD Drivers/STM32G4xx_HAL_Driver/Src/stm32g4xx_hal_rcc_ex.o
LOAD Drivers/STM32G4xx_HAL_Driver/Src/stm32g4xx_hal_tim.o
LOAD Drivers/STM32G4xx_HAL_Driver/Src/stm32g4xx_hal_tim_ex.o
LOAD Drivers/STM32G4xx_HAL_Driver/Src/stm32g4xx_hal_uart.o
LOAD Drivers/STM32G4xx_HAL_Driver/Src/stm32g4xx_hal_uart_ex.o
LOAD Drivers/STM32G4xx_HAL_Driver/Src/stm32g4xx_ll_adc.o
START GROUP
LOAD c:/st/stm32cubeide_1.4.0/stm32cubeide/plugins/com.st.stm32cube.ide.mcu.externaltools.gnu-tools-for-stm32.7-2018-q2-update.win32_1.5.0.202011040924/tools/bin/../lib/gcc/arm-none-eabi/7.3.1/../../../../arm-none-eabi/lib/thumb/v7e-m/fpv4-sp/hard\libc_nano.a
LOAD c:/st/stm32cubeide_1.4.0/stm32cubeide/plugins/com.st.stm32cube.ide.mcu.externaltools.gnu-tools-for-stm32.7-2018-q2-update.win32_1.5.0.202011040924/tools/bin/../lib/gcc/arm-none-eabi/7.3.1/../../../../arm-none-eabi/lib/thumb/v7e-m/fpv4-sp/hard\libm.a
END GROUP
START GROUP
LOAD c:/st/stm32cubeide_1.4.0/stm32cubeide/plugins/com.st.stm32cube.ide.mcu.externaltools.gnu-tools-for-stm32.7-2018-q2-update.win32_1.5.0.202011040924/tools/bin/../lib/gcc/arm-none-eabi/7.3.1/thumb/v7e-m/fpv4-sp/hard\libgcc.a
LOAD c:/st/stm32cubeide_1.4.0/stm32cubeide/plugins/com.st.stm32cube.ide.mcu.externaltools.gnu-tools-for-stm32.7-2018-q2-update.win32_1.5.0.202011040924/tools/bin/../lib/gcc/arm-none-eabi/7.3.1/../../../../arm-none-eabi/lib/thumb/v7e-m/fpv4-sp/hard\libc_nano.a
END GROUP
START GROUP
LOAD c:/st/stm32cubeide_1.4.0/stm32cubeide/plugins/com.st.stm32cube.ide.mcu.externaltools.gnu-tools-for-stm32.7-2018-q2-update.win32_1.5.0.202011040924/tools/bin/../lib/gcc/arm-none-eabi/7.3.1/thumb/v7e-m/fpv4-sp/hard\libgcc.a
LOAD c:/st/stm32cubeide_1.4.0/stm32cubeide/plugins/com.st.stm32cube.ide.mcu.externaltools.gnu-tools-for-stm32.7-2018-q2-update.win32_1.5.0.202011040924/tools/bin/../lib/gcc/arm-none-eabi/7.3.1/../../../../arm-none-eabi/lib/thumb/v7e-m/fpv4-sp/hard\libc_nano.a
LOAD c:/st/stm32cubeide_1.4.0/stm32cubeide/plugins/com.st.stm32cube.ide.mcu.externaltools.gnu-tools-for-stm32.7-2018-q2-update.win32_1.5.0.202011040924/tools/bin/../lib/gcc/arm-none-eabi/7.3.1/../../../../arm-none-eabi/lib/thumb/v7e-m/fpv4-sp/hard\libnosys.a
END GROUP
START GROUP
LOAD c:/st/stm32cubeide_1.4.0/stm32cubeide/plugins/com.st.stm32cube.ide.mcu.externaltools.gnu-tools-for-stm32.7-2018-q2-update.win32_1.5.0.202011040924/tools/bin/../lib/gcc/arm-none-eabi/7.3.1/thumb/v7e-m/fpv4-sp/hard\libgcc.a
LOAD c:/st/stm32cubeide_1.4.0/stm32cubeide/plugins/com.st.stm32cube.ide.mcu.externaltools.gnu-tools-for-stm32.7-2018-q2-update.win32_1.5.0.202011040924/tools/bin/../lib/gcc/arm-none-eabi/7.3.1/../../../../arm-none-eabi/lib/thumb/v7e-m/fpv4-sp/hard\libc_nano.a
LOAD c:/st/stm32cubeide_1.4.0/stm32cubeide/plugins/com.st.stm32cube.ide.mcu.externaltools.gnu-tools-for-stm32.7-2018-q2-update.win32_1.5.0.202011040924/tools/bin/../lib/gcc/arm-none-eabi/7.3.1/../../../../arm-none-eabi/lib/thumb/v7e-m/fpv4-sp/hard\libnosys.a
END GROUP
LOAD c:/st/stm32cubeide_1.4.0/stm32cubeide/plugins/com.st.stm32cube.ide.mcu.externaltools.gnu-tools-for-stm32.7-2018-q2-update.win32_1.5.0.202011040924/tools/bin/../lib/gcc/arm-none-eabi/7.3.1/thumb/v7e-m/fpv4-sp/hard/crtend.o
LOAD c:/st/stm32cubeide_1.4.0/stm32cubeide/plugins/com.st.stm32cube.ide.mcu.externaltools.gnu-tools-for-stm32.7-2018-q2-update.win32_1.5.0.202011040924/tools/bin/../lib/gcc/arm-none-eabi/7.3.1/thumb/v7e-m/fpv4-sp/hard/crtn.o
                0x0000000020008000                _estack = (ORIGIN (RAM) + LENGTH (RAM))
                0x0000000000000200                _Min_Heap_Size = 0x200
                0x0000000000000400                _Min_Stack_Size = 0x400

.isr_vector     0x0000000008000000      0x1d8
                0x0000000008000000                . = ALIGN (0x4)
 *(.isr_vector)
 .isr_vector    0x0000000008000000      0x1d8 Core/Startup/startup_stm32g431kbtx.o
                0x0000000008000000                g_pfnVectors
                0x00000000080001d8                . = ALIGN (0x4)

.text           0x00000000080001d8     0x9e84
                0x00000000080001d8                . = ALIGN (0x4)
 *(.text)
 .text          0x00000000080001d8       0x40 c:/st/stm32cubeide_1.4.0/stm32cubeide/plugins/com.st.stm32cube.ide.mcu.externaltools.gnu-tools-for-stm32.7-2018-q2-update.win32_1.5.0.202011040924/tools/bin/../lib/gcc/arm-none-eabi/7.3.1/thumb/v7e-m/fpv4-sp/hard/crtbegin.o
 .text          0x0000000008000218      0x378 c:/st/stm32cubeide_1.4.0/stm32cubeide/plugins/com.st.stm32cube.ide.mcu.externaltools.gnu-tools-for-stm32.7-2018-q2-update.win32_1.5.0.202011040924/tools/bin/../lib/gcc/arm-none-eabi/7.3.1/thumb/v7e-m/fpv4-sp/hard\libgcc.a(_arm_addsubdf3.o)
                0x0000000008000218                __aeabi_drsub
                0x0000000008000220                __aeabi_dsub
                0x0000000008000220                __subdf3
                0x0000000008000224                __aeabi_dadd
                0x0000000008000224                __adddf3
                0x000000000800049c                __floatunsidf
                0x000000000800049c                __aeabi_ui2d
                0x00000000080004bc                __floatsidf
                0x00000000080004bc                __aeabi_i2d
                0x00000000080004e0                __aeabi_f2d
                0x00000000080004e0                __extendsfdf2
                0x0000000008000524                __floatundidf
                0x0000000008000524                __aeabi_ul2d
                0x0000000008000534                __floatdidf
                0x0000000008000534                __aeabi_l2d
 .text          0x0000000008000590      0x424 c:/st/stm32cubeide_1.4.0/stm32cubeide/plugins/com.st.stm32cube.ide.mcu.externaltools.gnu-tools-for-stm32.7-2018-q2-update.win32_1.5.0.202011040924/tools/bin/../lib/gcc/arm-none-eabi/7.3.1/thumb/v7e-m/fpv4-sp/hard\libgcc.a(_arm_muldivdf3.o)
                0x0000000008000590                __aeabi_dmul
                0x0000000008000590                __muldf3
                0x00000000080007e4                __divdf3
                0x00000000080007e4                __aeabi_ddiv
 .text          0x00000000080009b4       0xa0 c:/st/stm32cubeide_1.4.0/stm32cubeide/plugins/com.st.stm32cube.ide.mcu.externaltools.gnu-tools-for-stm32.7-2018-q2-update.win32_1.5.0.202011040924/tools/bin/../lib/gcc/arm-none-eabi/7.3.1/thumb/v7e-m/fpv4-sp/hard\libgcc.a(_arm_truncdfsf2.o)
                0x00000000080009b4                __truncdfsf2
                0x00000000080009b4                __aeabi_d2f
 .text          0x0000000008000a54       0x30 c:/st/stm32cubeide_1.4.0/stm32cubeide/plugins/com.st.stm32cube.ide.mcu.externaltools.gnu-tools-for-stm32.7-2018-q2-update.win32_1.5.0.202011040924/tools/bin/../lib/gcc/arm-none-eabi/7.3.1/thumb/v7e-m/fpv4-sp/hard\libgcc.a(_aeabi_uldivmod.o)
                0x0000000008000a54                __aeabi_uldivmod
 .text          0x0000000008000a84      0x2cc c:/st/stm32cubeide_1.4.0/stm32cubeide/plugins/com.st.stm32cube.ide.mcu.externaltools.gnu-tools-for-stm32.7-2018-q2-update.win32_1.5.0.202011040924/tools/bin/../lib/gcc/arm-none-eabi/7.3.1/thumb/v7e-m/fpv4-sp/hard\libgcc.a(_udivmoddi4.o)
                0x0000000008000a84                __udivmoddi4
 .text          0x0000000008000d50        0x4 c:/st/stm32cubeide_1.4.0/stm32cubeide/plugins/com.st.stm32cube.ide.mcu.externaltools.gnu-tools-for-stm32.7-2018-q2-update.win32_1.5.0.202011040924/tools/bin/../lib/gcc/arm-none-eabi/7.3.1/thumb/v7e-m/fpv4-sp/hard\libgcc.a(_dvmd_tls.o)
                0x0000000008000d50                __aeabi_idiv0
                0x0000000008000d50                __aeabi_ldiv0
 *(.text*)
 .text.scale_all_sensors
                0x0000000008000d54      0x174 Core/Src/control_algo.o
                0x0000000008000d54                scale_all_sensors
 .text.APP_Control_Reset
                0x0000000008000ec8       0xd0 Core/Src/control_algo.o
                0x0000000008000ec8                APP_Control_Reset
 .text.APP_Control_Init
                0x0000000008000f98       0x98 Core/Src/control_algo.o
                0x0000000008000f98                APP_Control_Init
 .text.APP_Control_Process
                0x0000000008001030     0x12ec Core/Src/control_algo.o
                0x0000000008001030                APP_Control_Process
 .text.factory_reset_eeprom_regs
                0x000000000800231c      0x188 Core/Src/control_table.o
                0x000000000800231c                factory_reset_eeprom_regs
 .text.load_eeprom_regs
                0x00000000080024a4       0x14 Core/Src/control_table.o
                0x00000000080024a4                load_eeprom_regs
 .text.store_eeprom_regs
                0x00000000080024b8       0x14 Core/Src/control_table.o
                0x00000000080024b8                store_eeprom_regs
 .text.reset_ram_regs
                0x00000000080024cc      0x144 Core/Src/control_table.o
                0x00000000080024cc                reset_ram_regs
 .text.eeprom_empty
                0x0000000008002610       0x24 Core/Src/eeprom.o
                0x0000000008002610                eeprom_empty
 .text.eeprom_restore
                0x0000000008002634       0x24 Core/Src/eeprom.o
                0x0000000008002634                eeprom_restore
 .text.eeprom_store
                0x0000000008002658       0xdc Core/Src/eeprom.o
                0x0000000008002658                eeprom_store
 .text.stop_blinking
                0x0000000008002734       0x4c Core/Src/led.o
                0x0000000008002734                stop_blinking
 .text.HAL_Led_Init
                0x0000000008002780       0x4c Core/Src/led.o
                0x0000000008002780                HAL_Led_Init
 .text.HAL_Led_Process
                0x00000000080027cc      0x104 Core/Src/led.o
                0x00000000080027cc                HAL_Led_Process
 .text.HAL_Led_Reset
                0x00000000080028d0       0x38 Core/Src/led.o
                0x00000000080028d0                HAL_Led_Reset
 .text.HAL_Led_Blink
                0x0000000008002908       0x8c Core/Src/led.o
                0x0000000008002908                HAL_Led_Blink
 .text.main     0x0000000008002994       0xd4 Core/Src/main.o
                0x0000000008002994                main
 .text.SystemClock_Config
                0x0000000008002a68       0xd2 Core/Src/main.o
                0x0000000008002a68                SystemClock_Config
 *fill*         0x0000000008002b3a        0x2 
 .text.MX_ADC1_Init
                0x0000000008002b3c       0xf0 Core/Src/main.o
 .text.MX_ADC2_Init
                0x0000000008002c2c       0xcc Core/Src/main.o
 .text.MX_TIM1_Init
                0x0000000008002cf8       0xe0 Core/Src/main.o
 .text.MX_TIM4_Init
                0x0000000008002dd8      0x108 Core/Src/main.o
 .text.MX_TIM6_Init
                0x0000000008002ee0       0x6c Core/Src/main.o
 .text.MX_USART2_UART_Init
                0x0000000008002f4c       0x98 Core/Src/main.o
 .text.MX_DMA_Init
                0x0000000008002fe4       0x64 Core/Src/main.o
 .text.MX_GPIO_Init
                0x0000000008003048       0xfc Core/Src/main.o
 .text.Error_Handler
                0x0000000008003144        0x8 Core/Src/main.o
                0x0000000008003144                Error_Handler
 .text.fconstrain
                0x000000000800314c       0x52 Core/Src/math_tool.o
                0x000000000800314c                fconstrain
 .text.fmap     0x000000000800319e       0x8c Core/Src/math_tool.o
                0x000000000800319e                fmap
 .text.pid_reset
                0x000000000800322a       0x2c Core/Src/pid.o
                0x000000000800322a                pid_reset
 .text.pid_process_antiwindup_clamp_with_ff
                0x0000000008003256      0x15c Core/Src/pid.o
                0x0000000008003256                pid_process_antiwindup_clamp_with_ff
 .text.pid_process_antiwindup_clamp
                0x00000000080033b2      0x150 Core/Src/pid.o
                0x00000000080033b2                pid_process_antiwindup_clamp
 *fill*         0x0000000008003502        0x2 
 .text.updateCRC
                0x0000000008003504       0x64 Core/Src/protocol.o
                0x0000000008003504                updateCRC
 .text.packet_encapsulate
                0x0000000008003568       0x90 Core/Src/protocol.o
                0x0000000008003568                packet_encapsulate
 .text.instruction_handler
                0x00000000080035f8      0x2ec Core/Src/protocol.o
                0x00000000080035f8                instruction_handler
 .text.packet_handler
                0x00000000080038e4      0x23c Core/Src/protocol.o
                0x00000000080038e4                packet_handler
 .text.HAL_UART_ErrorCallback
                0x0000000008003b20       0x98 Core/Src/serial.o
                0x0000000008003b20                HAL_UART_ErrorCallback
 .text.HAL_Serial_Init_Half_Duplex
                0x0000000008003bb8      0x12c Core/Src/serial.o
                0x0000000008003bb8                HAL_Serial_Init_Half_Duplex
 .text.HAL_Serial_Available
                0x0000000008003ce4       0x60 Core/Src/serial.o
                0x0000000008003ce4                HAL_Serial_Available
 .text.HAL_Serial_GetChar
                0x0000000008003d44       0xa0 Core/Src/serial.o
                0x0000000008003d44                HAL_Serial_GetChar
 .text.HAL_Serial_Write
                0x0000000008003de4      0x156 Core/Src/serial.o
                0x0000000008003de4                HAL_Serial_Write
 *fill*         0x0000000008003f3a        0x2 
 .text.HAL_UART_TxCpltCallback
                0x0000000008003f3c      0x1dc Core/Src/serial.o
                0x0000000008003f3c                HAL_UART_TxCpltCallback
 .text.HAL_MspInit
                0x0000000008004118       0x48 Core/Src/stm32g4xx_hal_msp.o
                0x0000000008004118                HAL_MspInit
 .text.HAL_ADC_MspInit
                0x0000000008004160       0xfc Core/Src/stm32g4xx_hal_msp.o
                0x0000000008004160                HAL_ADC_MspInit
 .text.HAL_TIM_Encoder_MspInit
                0x000000000800425c       0x88 Core/Src/stm32g4xx_hal_msp.o
                0x000000000800425c                HAL_TIM_Encoder_MspInit
 .text.HAL_TIM_Base_MspInit
                0x00000000080042e4       0x68 Core/Src/stm32g4xx_hal_msp.o
                0x00000000080042e4                HAL_TIM_Base_MspInit
 .text.HAL_TIM_MspPostInit
                0x000000000800434c       0x70 Core/Src/stm32g4xx_hal_msp.o
                0x000000000800434c                HAL_TIM_MspPostInit
 .text.HAL_UART_MspInit
                0x00000000080043bc      0x188 Core/Src/stm32g4xx_hal_msp.o
                0x00000000080043bc                HAL_UART_MspInit
 .text.NMI_Handler
                0x0000000008004544        0x6 Core/Src/stm32g4xx_it.o
                0x0000000008004544                NMI_Handler
 .text.HardFault_Handler
                0x000000000800454a        0x6 Core/Src/stm32g4xx_it.o
                0x000000000800454a                HardFault_Handler
 .text.MemManage_Handler
                0x0000000008004550        0x6 Core/Src/stm32g4xx_it.o
                0x0000000008004550                MemManage_Handler
 .text.BusFault_Handler
                0x0000000008004556        0x6 Core/Src/stm32g4xx_it.o
                0x0000000008004556                BusFault_Handler
 .text.UsageFault_Handler
                0x000000000800455c        0x6 Core/Src/stm32g4xx_it.o
                0x000000000800455c                UsageFault_Handler
 .text.SVC_Handler
                0x0000000008004562        0xe Core/Src/stm32g4xx_it.o
                0x0000000008004562                SVC_Handler
 .text.DebugMon_Handler
                0x0000000008004570        0xe Core/Src/stm32g4xx_it.o
                0x0000000008004570                DebugMon_Handler
 .text.PendSV_Handler
                0x000000000800457e        0xe Core/Src/stm32g4xx_it.o
                0x000000000800457e                PendSV_Handler
 .text.SysTick_Handler
                0x000000000800458c        0xc Core/Src/stm32g4xx_it.o
                0x000000000800458c                SysTick_Handler
 .text.DMA1_Channel1_IRQHandler
                0x0000000008004598       0x14 Core/Src/stm32g4xx_it.o
                0x0000000008004598                DMA1_Channel1_IRQHandler
 .text.DMA1_Channel2_IRQHandler
                0x00000000080045ac       0x14 Core/Src/stm32g4xx_it.o
                0x00000000080045ac                DMA1_Channel2_IRQHandler
 .text.USART2_IRQHandler
                0x00000000080045c0       0x14 Core/Src/stm32g4xx_it.o
                0x00000000080045c0                USART2_IRQHandler
 .text.SystemInit
                0x00000000080045d4       0x2c Core/Src/system_stm32g4xx.o
                0x00000000080045d4                SystemInit
 .text.Reset_Handler
                0x0000000008004600       0x50 Core/Startup/startup_stm32g431kbtx.o
                0x0000000008004600                Reset_Handler
 .text.Default_Handler
                0x0000000008004650        0x2 Core/Startup/startup_stm32g431kbtx.o
                0x0000000008004650                RTC_Alarm_IRQHandler
                0x0000000008004650                EXTI2_IRQHandler
                0x0000000008004650                TIM8_TRG_COM_IRQHandler
                0x0000000008004650                TIM8_CC_IRQHandler
                0x0000000008004650                TIM1_CC_IRQHandler
                0x0000000008004650                USB_HP_IRQHandler
                0x0000000008004650                CORDIC_IRQHandler
                0x0000000008004650                EXTI3_IRQHandler
                0x0000000008004650                I2C3_ER_IRQHandler
                0x0000000008004650                EXTI0_IRQHandler
                0x0000000008004650                I2C2_EV_IRQHandler
                0x0000000008004650                FPU_IRQHandler
                0x0000000008004650                FDCAN1_IT1_IRQHandler
                0x0000000008004650                TIM1_UP_TIM16_IRQHandler
                0x0000000008004650                ADC1_2_IRQHandler
                0x0000000008004650                SPI1_IRQHandler
                0x0000000008004650                TIM6_DAC_IRQHandler
                0x0000000008004650                TIM8_UP_IRQHandler
                0x0000000008004650                DMA2_Channel2_IRQHandler
                0x0000000008004650                DMA1_Channel4_IRQHandler
                0x0000000008004650                USART3_IRQHandler
                0x0000000008004650                TIM4_IRQHandler
                0x0000000008004650                DMA2_Channel1_IRQHandler
                0x0000000008004650                I2C1_EV_IRQHandler
                0x0000000008004650                DMA1_Channel6_IRQHandler
                0x0000000008004650                UART4_IRQHandler
                0x0000000008004650                DMA2_Channel4_IRQHandler
                0x0000000008004650                TIM3_IRQHandler
                0x0000000008004650                RCC_IRQHandler
                0x0000000008004650                Default_Handler
                0x0000000008004650                RTC_TAMP_LSECSS_IRQHandler
                0x0000000008004650                FMAC_IRQHandler
                0x0000000008004650                EXTI15_10_IRQHandler
                0x0000000008004650                TIM7_IRQHandler
                0x0000000008004650                UCPD1_IRQHandler
                0x0000000008004650                I2C3_EV_IRQHandler
                0x0000000008004650                EXTI9_5_IRQHandler
                0x0000000008004650                RTC_WKUP_IRQHandler
                0x0000000008004650                PVD_PVM_IRQHandler
                0x0000000008004650                SPI2_IRQHandler
                0x0000000008004650                DMA2_Channel5_IRQHandler
                0x0000000008004650                CRS_IRQHandler
                0x0000000008004650                DMA1_Channel5_IRQHandler
                0x0000000008004650                USB_LP_IRQHandler
                0x0000000008004650                EXTI4_IRQHandler
                0x0000000008004650                RNG_IRQHandler
                0x0000000008004650                TIM1_TRG_COM_TIM17_IRQHandler
                0x0000000008004650                DMA1_Channel3_IRQHandler
                0x0000000008004650                WWDG_IRQHandler
                0x0000000008004650                LPUART1_IRQHandler
                0x0000000008004650                DMA2_Channel6_IRQHandler
                0x0000000008004650                FDCAN1_IT0_IRQHandler
                0x0000000008004650                TIM2_IRQHandler
                0x0000000008004650                COMP1_2_3_IRQHandler
                0x0000000008004650                EXTI1_IRQHandler
                0x0000000008004650                I2C2_ER_IRQHandler
                0x0000000008004650                TIM8_BRK_IRQHandler
                0x0000000008004650                FLASH_IRQHandler
                0x0000000008004650                USART1_IRQHandler
                0x0000000008004650                SPI3_IRQHandler
                0x0000000008004650                I2C1_ER_IRQHandler
                0x0000000008004650                LPTIM1_IRQHandler
                0x0000000008004650                DMAMUX_OVR_IRQHandler
                0x0000000008004650                USBWakeUp_IRQHandler
                0x0000000008004650                SAI1_IRQHandler
                0x0000000008004650                DMA2_Channel3_IRQHandler
                0x0000000008004650                COMP4_IRQHandler
                0x0000000008004650                TIM1_BRK_TIM15_IRQHandler
 .text.HAL_Init
                0x0000000008004652       0x30 Drivers/STM32G4xx_HAL_Driver/Src/stm32g4xx_hal.o
                0x0000000008004652                HAL_Init
 *fill*         0x0000000008004682        0x2 
 .text.HAL_InitTick
                0x0000000008004684       0x74 Drivers/STM32G4xx_HAL_Driver/Src/stm32g4xx_hal.o
                0x0000000008004684                HAL_InitTick
 .text.HAL_IncTick
                0x00000000080046f8       0x24 Drivers/STM32G4xx_HAL_Driver/Src/stm32g4xx_hal.o
                0x00000000080046f8                HAL_IncTick
 .text.HAL_GetTick
                0x000000000800471c       0x18 Drivers/STM32G4xx_HAL_Driver/Src/stm32g4xx_hal.o
                0x000000000800471c                HAL_GetTick
 .text.HAL_Delay
                0x0000000008004734       0x44 Drivers/STM32G4xx_HAL_Driver/Src/stm32g4xx_hal.o
                0x0000000008004734                HAL_Delay
 .text.LL_ADC_SetCommonClock
                0x0000000008004778       0x26 Drivers/STM32G4xx_HAL_Driver/Src/stm32g4xx_hal_adc.o
 .text.LL_ADC_SetCommonPathInternalCh
                0x000000000800479e       0x26 Drivers/STM32G4xx_HAL_Driver/Src/stm32g4xx_hal_adc.o
 .text.LL_ADC_GetCommonPathInternalCh
                0x00000000080047c4       0x1c Drivers/STM32G4xx_HAL_Driver/Src/stm32g4xx_hal_adc.o
 .text.LL_ADC_SetOffset
                0x00000000080047e0       0x48 Drivers/STM32G4xx_HAL_Driver/Src/stm32g4xx_hal_adc.o
 .text.LL_ADC_GetOffsetChannel
                0x0000000008004828       0x2c Drivers/STM32G4xx_HAL_Driver/Src/stm32g4xx_hal_adc.o
 .text.LL_ADC_SetOffsetState
                0x0000000008004854       0x36 Drivers/STM32G4xx_HAL_Driver/Src/stm32g4xx_hal_adc.o
 .text.LL_ADC_SetOffsetSign
                0x000000000800488a       0x36 Drivers/STM32G4xx_HAL_Driver/Src/stm32g4xx_hal_adc.o
 .text.LL_ADC_SetOffsetSaturation
                0x00000000080048c0       0x36 Drivers/STM32G4xx_HAL_Driver/Src/stm32g4xx_hal_adc.o
 .text.LL_ADC_SetSamplingTimeCommonConfig
                0x00000000080048f6       0x26 Drivers/STM32G4xx_HAL_Driver/Src/stm32g4xx_hal_adc.o
 .text.LL_ADC_REG_SetSequencerRanks
                0x000000000800491c       0x58 Drivers/STM32G4xx_HAL_Driver/Src/stm32g4xx_hal_adc.o
 .text.LL_ADC_SetChannelSamplingTime
                0x0000000008004974       0x56 Drivers/STM32G4xx_HAL_Driver/Src/stm32g4xx_hal_adc.o
 *fill*         0x00000000080049ca        0x2 
 .text.LL_ADC_SetChannelSingleDiff
                0x00000000080049cc       0x48 Drivers/STM32G4xx_HAL_Driver/Src/stm32g4xx_hal_adc.o
 .text.LL_ADC_DisableDeepPowerDown
                0x0000000008004a14       0x24 Drivers/STM32G4xx_HAL_Driver/Src/stm32g4xx_hal_adc.o
 .text.LL_ADC_IsDeepPowerDownEnabled
                0x0000000008004a38       0x28 Drivers/STM32G4xx_HAL_Driver/Src/stm32g4xx_hal_adc.o
 .text.LL_ADC_EnableInternalRegulator
                0x0000000008004a60       0x28 Drivers/STM32G4xx_HAL_Driver/Src/stm32g4xx_hal_adc.o
 .text.LL_ADC_IsInternalRegulatorEnabled
                0x0000000008004a88       0x28 Drivers/STM32G4xx_HAL_Driver/Src/stm32g4xx_hal_adc.o
 .text.LL_ADC_IsEnabled
                0x0000000008004ab0       0x26 Drivers/STM32G4xx_HAL_Driver/Src/stm32g4xx_hal_adc.o
 .text.LL_ADC_REG_IsConversionOngoing
                0x0000000008004ad6       0x26 Drivers/STM32G4xx_HAL_Driver/Src/stm32g4xx_hal_adc.o
 .text.LL_ADC_INJ_IsConversionOngoing
                0x0000000008004afc       0x26 Drivers/STM32G4xx_HAL_Driver/Src/stm32g4xx_hal_adc.o
 *fill*         0x0000000008004b22        0x2 
 .text.HAL_ADC_Init
                0x0000000008004b24      0x310 Drivers/STM32G4xx_HAL_Driver/Src/stm32g4xx_hal_adc.o
                0x0000000008004b24                HAL_ADC_Init
 .text.HAL_ADC_ConfigChannel
                0x0000000008004e34      0x7e0 Drivers/STM32G4xx_HAL_Driver/Src/stm32g4xx_hal_adc.o
                0x0000000008004e34                HAL_ADC_ConfigChannel
 .text.LL_ADC_IsEnabled
                0x0000000008005614       0x26 Drivers/STM32G4xx_HAL_Driver/Src/stm32g4xx_hal_adc_ex.o
 .text.LL_ADC_REG_IsConversionOngoing
                0x000000000800563a       0x26 Drivers/STM32G4xx_HAL_Driver/Src/stm32g4xx_hal_adc_ex.o
 .text.HAL_ADCEx_MultiModeConfigChannel
                0x0000000008005660      0x140 Drivers/STM32G4xx_HAL_Driver/Src/stm32g4xx_hal_adc_ex.o
                0x0000000008005660                HAL_ADCEx_MultiModeConfigChannel
 .text.__NVIC_SetPriorityGrouping
                0x00000000080057a0       0x48 Drivers/STM32G4xx_HAL_Driver/Src/stm32g4xx_hal_cortex.o
 .text.__NVIC_GetPriorityGrouping
                0x00000000080057e8       0x1c Drivers/STM32G4xx_HAL_Driver/Src/stm32g4xx_hal_cortex.o
 .text.__NVIC_EnableIRQ
                0x0000000008005804       0x3c Drivers/STM32G4xx_HAL_Driver/Src/stm32g4xx_hal_cortex.o
 .text.__NVIC_SetPriority
                0x0000000008005840       0x54 Drivers/STM32G4xx_HAL_Driver/Src/stm32g4xx_hal_cortex.o
 .text.NVIC_EncodePriority
                0x0000000008005894       0x66 Drivers/STM32G4xx_HAL_Driver/Src/stm32g4xx_hal_cortex.o
 *fill*         0x00000000080058fa        0x2 
 .text.__NVIC_SystemReset
                0x00000000080058fc       0x28 Drivers/STM32G4xx_HAL_Driver/Src/stm32g4xx_hal_cortex.o
 .text.SysTick_Config
                0x0000000008005924       0x44 Drivers/STM32G4xx_HAL_Driver/Src/stm32g4xx_hal_cortex.o
 .text.HAL_NVIC_SetPriorityGrouping
                0x0000000008005968       0x16 Drivers/STM32G4xx_HAL_Driver/Src/stm32g4xx_hal_cortex.o
                0x0000000008005968                HAL_NVIC_SetPriorityGrouping
 .text.HAL_NVIC_SetPriority
                0x000000000800597e       0x34 Drivers/STM32G4xx_HAL_Driver/Src/stm32g4xx_hal_cortex.o
                0x000000000800597e                HAL_NVIC_SetPriority
 .text.HAL_NVIC_EnableIRQ
                0x00000000080059b2       0x1c Drivers/STM32G4xx_HAL_Driver/Src/stm32g4xx_hal_cortex.o
                0x00000000080059b2                HAL_NVIC_EnableIRQ
 .text.HAL_NVIC_SystemReset
                0x00000000080059ce        0x8 Drivers/STM32G4xx_HAL_Driver/Src/stm32g4xx_hal_cortex.o
                0x00000000080059ce                HAL_NVIC_SystemReset
 .text.HAL_SYSTICK_Config
                0x00000000080059d6       0x18 Drivers/STM32G4xx_HAL_Driver/Src/stm32g4xx_hal_cortex.o
                0x00000000080059d6                HAL_SYSTICK_Config
 *fill*         0x00000000080059ee        0x2 
 .text.HAL_DMA_Init
                0x00000000080059f0      0x150 Drivers/STM32G4xx_HAL_Driver/Src/stm32g4xx_hal_dma.o
                0x00000000080059f0                HAL_DMA_Init
 .text.HAL_DMA_Start_IT
                0x0000000008005b40       0xf6 Drivers/STM32G4xx_HAL_Driver/Src/stm32g4xx_hal_dma.o
                0x0000000008005b40                HAL_DMA_Start_IT
 .text.HAL_DMA_Abort_IT
                0x0000000008005c36       0xce Drivers/STM32G4xx_HAL_Driver/Src/stm32g4xx_hal_dma.o
                0x0000000008005c36                HAL_DMA_Abort_IT
 .text.HAL_DMA_IRQHandler
                0x0000000008005d04      0x15e Drivers/STM32G4xx_HAL_Driver/Src/stm32g4xx_hal_dma.o
                0x0000000008005d04                HAL_DMA_IRQHandler
 .text.DMA_SetConfig
                0x0000000008005e62       0x7c Drivers/STM32G4xx_HAL_Driver/Src/stm32g4xx_hal_dma.o
 *fill*         0x0000000008005ede        0x2 
 .text.DMA_CalcDMAMUXChannelBaseAndMask
                0x0000000008005ee0       0x7c Drivers/STM32G4xx_HAL_Driver/Src/stm32g4xx_hal_dma.o
 .text.DMA_CalcDMAMUXRequestGenBaseAndMask
                0x0000000008005f5c       0x48 Drivers/STM32G4xx_HAL_Driver/Src/stm32g4xx_hal_dma.o
 .text.HAL_FLASH_Program
                0x0000000008005fa4       0xac Drivers/STM32G4xx_HAL_Driver/Src/stm32g4xx_hal_flash.o
                0x0000000008005fa4                HAL_FLASH_Program
 .text.HAL_FLASH_Unlock
                0x0000000008006050       0x44 Drivers/STM32G4xx_HAL_Driver/Src/stm32g4xx_hal_flash.o
                0x0000000008006050                HAL_FLASH_Unlock
 .text.HAL_FLASH_Lock
                0x0000000008006094       0x34 Drivers/STM32G4xx_HAL_Driver/Src/stm32g4xx_hal_flash.o
                0x0000000008006094                HAL_FLASH_Lock
 .text.HAL_FLASH_GetError
                0x00000000080060c8       0x18 Drivers/STM32G4xx_HAL_Driver/Src/stm32g4xx_hal_flash.o
                0x00000000080060c8                HAL_FLASH_GetError
 .text.FLASH_WaitForLastOperation
                0x00000000080060e0       0xa8 Drivers/STM32G4xx_HAL_Driver/Src/stm32g4xx_hal_flash.o
                0x00000000080060e0                FLASH_WaitForLastOperation
 .text.FLASH_Program_DoubleWord
                0x0000000008006188       0x48 Drivers/STM32G4xx_HAL_Driver/Src/stm32g4xx_hal_flash.o
 .text.FLASH_Program_Fast
                0x00000000080061d0       0x68 Drivers/STM32G4xx_HAL_Driver/Src/stm32g4xx_hal_flash.o
 .text.HAL_FLASHEx_Erase
                0x0000000008006238      0x13c Drivers/STM32G4xx_HAL_Driver/Src/stm32g4xx_hal_flash_ex.o
                0x0000000008006238                HAL_FLASHEx_Erase
 .text.FLASH_MassErase
                0x0000000008006374       0x3c Drivers/STM32G4xx_HAL_Driver/Src/stm32g4xx_hal_flash_ex.o
 .text.FLASH_PageErase
                0x00000000080063b0       0x48 Drivers/STM32G4xx_HAL_Driver/Src/stm32g4xx_hal_flash_ex.o
                0x00000000080063b0                FLASH_PageErase
 .text.FLASH_FlushCaches
                0x00000000080063f8       0x88 Drivers/STM32G4xx_HAL_Driver/Src/stm32g4xx_hal_flash_ex.o
                0x00000000080063f8                FLASH_FlushCaches
 .text.HAL_GPIO_Init
                0x0000000008006480      0x304 Drivers/STM32G4xx_HAL_Driver/Src/stm32g4xx_hal_gpio.o
                0x0000000008006480                HAL_GPIO_Init
 .text.HAL_GPIO_ReadPin
                0x0000000008006784       0x30 Drivers/STM32G4xx_HAL_Driver/Src/stm32g4xx_hal_gpio.o
                0x0000000008006784                HAL_GPIO_ReadPin
 .text.HAL_GPIO_WritePin
                0x00000000080067b4       0x30 Drivers/STM32G4xx_HAL_Driver/Src/stm32g4xx_hal_gpio.o
                0x00000000080067b4                HAL_GPIO_WritePin
 .text.HAL_PWREx_ControlVoltageScaling
                0x00000000080067e4      0x148 Drivers/STM32G4xx_HAL_Driver/Src/stm32g4xx_hal_pwr_ex.o
                0x00000000080067e4                HAL_PWREx_ControlVoltageScaling
 .text.HAL_PWREx_DisableUCPDDeadBattery
                0x000000000800692c       0x20 Drivers/STM32G4xx_HAL_Driver/Src/stm32g4xx_hal_pwr_ex.o
                0x000000000800692c                HAL_PWREx_DisableUCPDDeadBattery
 .text.HAL_RCC_OscConfig
                0x000000000800694c      0x630 Drivers/STM32G4xx_HAL_Driver/Src/stm32g4xx_hal_rcc.o
                0x000000000800694c                HAL_RCC_OscConfig
 .text.HAL_RCC_ClockConfig
                0x0000000008006f7c      0x278 Drivers/STM32G4xx_HAL_Driver/Src/stm32g4xx_hal_rcc.o
                0x0000000008006f7c                HAL_RCC_ClockConfig
 .text.HAL_RCC_GetSysClockFreq
                0x00000000080071f4       0xc4 Drivers/STM32G4xx_HAL_Driver/Src/stm32g4xx_hal_rcc.o
                0x00000000080071f4                HAL_RCC_GetSysClockFreq
 .text.HAL_RCC_GetHCLKFreq
                0x00000000080072b8       0x18 Drivers/STM32G4xx_HAL_Driver/Src/stm32g4xx_hal_rcc.o
                0x00000000080072b8                HAL_RCC_GetHCLKFreq
 .text.HAL_RCC_GetPCLK1Freq
                0x00000000080072d0       0x2c Drivers/STM32G4xx_HAL_Driver/Src/stm32g4xx_hal_rcc.o
                0x00000000080072d0                HAL_RCC_GetPCLK1Freq
 .text.HAL_RCC_GetPCLK2Freq
                0x00000000080072fc       0x2c Drivers/STM32G4xx_HAL_Driver/Src/stm32g4xx_hal_rcc.o
                0x00000000080072fc                HAL_RCC_GetPCLK2Freq
 .text.RCC_GetSysClockFreqFromPLLSource
                0x0000000008007328       0x8c Drivers/STM32G4xx_HAL_Driver/Src/stm32g4xx_hal_rcc.o
 .text.HAL_RCCEx_PeriphCLKConfig
                0x00000000080073b4      0x3e0 Drivers/STM32G4xx_HAL_Driver/Src/stm32g4xx_hal_rcc_ex.o
                0x00000000080073b4                HAL_RCCEx_PeriphCLKConfig
 .text.HAL_TIM_Base_Init
                0x0000000008007794       0xae Drivers/STM32G4xx_HAL_Driver/Src/stm32g4xx_hal_tim.o
                0x0000000008007794                HAL_TIM_Base_Init
 *fill*         0x0000000008007842        0x2 
 .text.HAL_TIM_Base_Start
                0x0000000008007844       0xc4 Drivers/STM32G4xx_HAL_Driver/Src/stm32g4xx_hal_tim.o
                0x0000000008007844                HAL_TIM_Base_Start
 .text.HAL_TIM_PWM_Init
                0x0000000008007908       0xae Drivers/STM32G4xx_HAL_Driver/Src/stm32g4xx_hal_tim.o
                0x0000000008007908                HAL_TIM_PWM_Init
 .text.HAL_TIM_PWM_MspInit
                0x00000000080079b6       0x14 Drivers/STM32G4xx_HAL_Driver/Src/stm32g4xx_hal_tim.o
                0x00000000080079b6                HAL_TIM_PWM_MspInit
 *fill*         0x00000000080079ca        0x2 
 .text.HAL_TIM_PWM_Start_IT
                0x00000000080079cc      0x28c Drivers/STM32G4xx_HAL_Driver/Src/stm32g4xx_hal_tim.o
                0x00000000080079cc                HAL_TIM_PWM_Start_IT
 .text.HAL_TIM_Encoder_Init
                0x0000000008007c58      0x14c Drivers/STM32G4xx_HAL_Driver/Src/stm32g4xx_hal_tim.o
                0x0000000008007c58                HAL_TIM_Encoder_Init
 .text.HAL_TIM_PWM_ConfigChannel
                0x0000000008007da4      0x220 Drivers/STM32G4xx_HAL_Driver/Src/stm32g4xx_hal_tim.o
                0x0000000008007da4                HAL_TIM_PWM_ConfigChannel
 .text.HAL_TIM_ConfigClockSource
                0x0000000008007fc4      0x1a4 Drivers/STM32G4xx_HAL_Driver/Src/stm32g4xx_hal_tim.o
                0x0000000008007fc4                HAL_TIM_ConfigClockSource
 .text.TIM_Base_SetConfig
                0x0000000008008168      0x120 Drivers/STM32G4xx_HAL_Driver/Src/stm32g4xx_hal_tim.o
                0x0000000008008168                TIM_Base_SetConfig
 .text.TIM_OC1_SetConfig
                0x0000000008008288      0x120 Drivers/STM32G4xx_HAL_Driver/Src/stm32g4xx_hal_tim.o
 .text.TIM_OC2_SetConfig
                0x00000000080083a8      0x114 Drivers/STM32G4xx_HAL_Driver/Src/stm32g4xx_hal_tim.o
                0x00000000080083a8                TIM_OC2_SetConfig
 .text.TIM_OC3_SetConfig
                0x00000000080084bc      0x110 Drivers/STM32G4xx_HAL_Driver/Src/stm32g4xx_hal_tim.o
 .text.TIM_OC4_SetConfig
                0x00000000080085cc      0x114 Drivers/STM32G4xx_HAL_Driver/Src/stm32g4xx_hal_tim.o
 .text.TIM_OC5_SetConfig
                0x00000000080086e0       0xc8 Drivers/STM32G4xx_HAL_Driver/Src/stm32g4xx_hal_tim.o
 .text.TIM_OC6_SetConfig
                0x00000000080087a8       0xcc Drivers/STM32G4xx_HAL_Driver/Src/stm32g4xx_hal_tim.o
 .text.TIM_TI1_ConfigInputStage
                0x0000000008008874       0x5e Drivers/STM32G4xx_HAL_Driver/Src/stm32g4xx_hal_tim.o
 .text.TIM_TI2_ConfigInputStage
                0x00000000080088d2       0x60 Drivers/STM32G4xx_HAL_Driver/Src/stm32g4xx_hal_tim.o
 .text.TIM_ITRx_SetConfig
                0x0000000008008932       0x3a Drivers/STM32G4xx_HAL_Driver/Src/stm32g4xx_hal_tim.o
 .text.TIM_ETR_SetConfig
                0x000000000800896c       0x40 Drivers/STM32G4xx_HAL_Driver/Src/stm32g4xx_hal_tim.o
                0x000000000800896c                TIM_ETR_SetConfig
 .text.TIM_CCxChannelCmd
                0x00000000080089ac       0x4a Drivers/STM32G4xx_HAL_Driver/Src/stm32g4xx_hal_tim.o
                0x00000000080089ac                TIM_CCxChannelCmd
 *fill*         0x00000000080089f6        0x2 
 .text.HAL_TIMEx_MasterConfigSynchronization
                0x00000000080089f8      0x104 Drivers/STM32G4xx_HAL_Driver/Src/stm32g4xx_hal_tim_ex.o
                0x00000000080089f8                HAL_TIMEx_MasterConfigSynchronization
 .text.HAL_TIMEx_ConfigBreakDeadTime
                0x0000000008008afc      0x140 Drivers/STM32G4xx_HAL_Driver/Src/stm32g4xx_hal_tim_ex.o
                0x0000000008008afc                HAL_TIMEx_ConfigBreakDeadTime
 .text.HAL_UART_Init
                0x0000000008008c3c       0xa0 Drivers/STM32G4xx_HAL_Driver/Src/stm32g4xx_hal_uart.o
                0x0000000008008c3c                HAL_UART_Init
 .text.HAL_UART_Transmit_DMA
                0x0000000008008cdc      0x100 Drivers/STM32G4xx_HAL_Driver/Src/stm32g4xx_hal_uart.o
                0x0000000008008cdc                HAL_UART_Transmit_DMA
 .text.HAL_UART_Receive_DMA
                0x0000000008008ddc      0x110 Drivers/STM32G4xx_HAL_Driver/Src/stm32g4xx_hal_uart.o
                0x0000000008008ddc                HAL_UART_Receive_DMA
 .text.HAL_UART_IRQHandler
                0x0000000008008eec      0x300 Drivers/STM32G4xx_HAL_Driver/Src/stm32g4xx_hal_uart.o
                0x0000000008008eec                HAL_UART_IRQHandler
 .text.HAL_UART_TxHalfCpltCallback
                0x00000000080091ec       0x14 Drivers/STM32G4xx_HAL_Driver/Src/stm32g4xx_hal_uart.o
                0x00000000080091ec                HAL_UART_TxHalfCpltCallback
 .text.HAL_UART_RxCpltCallback
                0x0000000008009200       0x14 Drivers/STM32G4xx_HAL_Driver/Src/stm32g4xx_hal_uart.o
                0x0000000008009200                HAL_UART_RxCpltCallback
 .text.HAL_UART_RxHalfCpltCallback
                0x0000000008009214       0x14 Drivers/STM32G4xx_HAL_Driver/Src/stm32g4xx_hal_uart.o
                0x0000000008009214                HAL_UART_RxHalfCpltCallback
 .text.UART_SetConfig
                0x0000000008009228      0x550 Drivers/STM32G4xx_HAL_Driver/Src/stm32g4xx_hal_uart.o
                0x0000000008009228                UART_SetConfig
 .text.UART_AdvFeatureConfig
                0x0000000008009778      0x144 Drivers/STM32G4xx_HAL_Driver/Src/stm32g4xx_hal_uart.o
                0x0000000008009778                UART_AdvFeatureConfig
 .text.UART_CheckIdleState
                0x00000000080098bc       0x90 Drivers/STM32G4xx_HAL_Driver/Src/stm32g4xx_hal_uart.o
                0x00000000080098bc                UART_CheckIdleState
 .text.UART_WaitOnFlagUntilTimeout
                0x000000000800994c      0x100 Drivers/STM32G4xx_HAL_Driver/Src/stm32g4xx_hal_uart.o
                0x000000000800994c                UART_WaitOnFlagUntilTimeout
 .text.UART_EndTxTransfer
                0x0000000008009a4c       0x3c Drivers/STM32G4xx_HAL_Driver/Src/stm32g4xx_hal_uart.o
 .text.UART_EndRxTransfer
                0x0000000008009a88       0x46 Drivers/STM32G4xx_HAL_Driver/Src/stm32g4xx_hal_uart.o
 .text.UART_DMATransmitCplt
                0x0000000008009ace       0x54 Drivers/STM32G4xx_HAL_Driver/Src/stm32g4xx_hal_uart.o
 .text.UART_DMATxHalfCplt
                0x0000000008009b22       0x1c Drivers/STM32G4xx_HAL_Driver/Src/stm32g4xx_hal_uart.o
 .text.UART_DMAReceiveCplt
                0x0000000008009b3e       0x6a Drivers/STM32G4xx_HAL_Driver/Src/stm32g4xx_hal_uart.o
 .text.UART_DMARxHalfCplt
                0x0000000008009ba8       0x1c Drivers/STM32G4xx_HAL_Driver/Src/stm32g4xx_hal_uart.o
 .text.UART_DMAError
                0x0000000008009bc4       0x80 Drivers/STM32G4xx_HAL_Driver/Src/stm32g4xx_hal_uart.o
 .text.UART_DMAAbortOnError
                0x0000000008009c44       0x2c Drivers/STM32G4xx_HAL_Driver/Src/stm32g4xx_hal_uart.o
 .text.UART_EndTransmit_IT
                0x0000000008009c70       0x34 Drivers/STM32G4xx_HAL_Driver/Src/stm32g4xx_hal_uart.o
 .text.HAL_UARTEx_WakeupCallback
                0x0000000008009ca4       0x14 Drivers/STM32G4xx_HAL_Driver/Src/stm32g4xx_hal_uart_ex.o
                0x0000000008009ca4                HAL_UARTEx_WakeupCallback
 .text.HAL_UARTEx_RxFifoFullCallback
                0x0000000008009cb8       0x14 Drivers/STM32G4xx_HAL_Driver/Src/stm32g4xx_hal_uart_ex.o
                0x0000000008009cb8                HAL_UARTEx_RxFifoFullCallback
 .text.HAL_UARTEx_TxFifoEmptyCallback
                0x0000000008009ccc       0x14 Drivers/STM32G4xx_HAL_Driver/Src/stm32g4xx_hal_uart_ex.o
                0x0000000008009ccc                HAL_UARTEx_TxFifoEmptyCallback
 .text.HAL_UARTEx_DisableFifoMode
                0x0000000008009ce0       0x72 Drivers/STM32G4xx_HAL_Driver/Src/stm32g4xx_hal_uart_ex.o
                0x0000000008009ce0                HAL_UARTEx_DisableFifoMode
 .text.HAL_UARTEx_SetTxFifoThreshold
                0x0000000008009d52       0x7c Drivers/STM32G4xx_HAL_Driver/Src/stm32g4xx_hal_uart_ex.o
                0x0000000008009d52                HAL_UARTEx_SetTxFifoThreshold
 .text.HAL_UARTEx_SetRxFifoThreshold
                0x0000000008009dce       0x7c Drivers/STM32G4xx_HAL_Driver/Src/stm32g4xx_hal_uart_ex.o
                0x0000000008009dce                HAL_UARTEx_SetRxFifoThreshold
 *fill*         0x0000000008009e4a        0x2 
 .text.UARTEx_SetNbDataToProcess
                0x0000000008009e4c       0xd0 Drivers/STM32G4xx_HAL_Driver/Src/stm32g4xx_hal_uart_ex.o
 .text.__errno  0x0000000008009f1c        0xc c:/st/stm32cubeide_1.4.0/stm32cubeide/plugins/com.st.stm32cube.ide.mcu.externaltools.gnu-tools-for-stm32.7-2018-q2-update.win32_1.5.0.202011040924/tools/bin/../lib/gcc/arm-none-eabi/7.3.1/../../../../arm-none-eabi/lib/thumb/v7e-m/fpv4-sp/hard\libc_nano.a(lib_a-errno.o)
                0x0000000008009f1c                __errno
 .text.__libc_init_array
                0x0000000008009f28       0x48 c:/st/stm32cubeide_1.4.0/stm32cubeide/plugins/com.st.stm32cube.ide.mcu.externaltools.gnu-tools-for-stm32.7-2018-q2-update.win32_1.5.0.202011040924/tools/bin/../lib/gcc/arm-none-eabi/7.3.1/../../../../arm-none-eabi/lib/thumb/v7e-m/fpv4-sp/hard\libc_nano.a(lib_a-init.o)
                0x0000000008009f28                __libc_init_array
 .text.memcpy   0x0000000008009f70       0x16 c:/st/stm32cubeide_1.4.0/stm32cubeide/plugins/com.st.stm32cube.ide.mcu.externaltools.gnu-tools-for-stm32.7-2018-q2-update.win32_1.5.0.202011040924/tools/bin/../lib/gcc/arm-none-eabi/7.3.1/../../../../arm-none-eabi/lib/thumb/v7e-m/fpv4-sp/hard\libc_nano.a(lib_a-memcpy-stub.o)
                0x0000000008009f70                memcpy
 .text.memset   0x0000000008009f86       0x10 c:/st/stm32cubeide_1.4.0/stm32cubeide/plugins/com.st.stm32cube.ide.mcu.externaltools.gnu-tools-for-stm32.7-2018-q2-update.win32_1.5.0.202011040924/tools/bin/../lib/gcc/arm-none-eabi/7.3.1/../../../../arm-none-eabi/lib/thumb/v7e-m/fpv4-sp/hard\libc_nano.a(lib_a-memset.o)
                0x0000000008009f86                memset
 *fill*         0x0000000008009f96        0x2 
 .text.sqrtf    0x0000000008009f98       0xa0 c:/st/stm32cubeide_1.4.0/stm32cubeide/plugins/com.st.stm32cube.ide.mcu.externaltools.gnu-tools-for-stm32.7-2018-q2-update.win32_1.5.0.202011040924/tools/bin/../lib/gcc/arm-none-eabi/7.3.1/../../../../arm-none-eabi/lib/thumb/v7e-m/fpv4-sp/hard\libm.a(lib_a-wf_sqrt.o)
                0x0000000008009f98                sqrtf
 .text.__ieee754_sqrtf
                0x000000000800a038        0x6 c:/st/stm32cubeide_1.4.0/stm32cubeide/plugins/com.st.stm32cube.ide.mcu.externaltools.gnu-tools-for-stm32.7-2018-q2-update.win32_1.5.0.202011040924/tools/bin/../lib/gcc/arm-none-eabi/7.3.1/../../../../arm-none-eabi/lib/thumb/v7e-m/fpv4-sp/hard\libm.a(lib_a-ef_sqrt.o)
                0x000000000800a038                __ieee754_sqrtf
 .text.matherr  0x000000000800a03e        0x4 c:/st/stm32cubeide_1.4.0/stm32cubeide/plugins/com.st.stm32cube.ide.mcu.externaltools.gnu-tools-for-stm32.7-2018-q2-update.win32_1.5.0.202011040924/tools/bin/../lib/gcc/arm-none-eabi/7.3.1/../../../../arm-none-eabi/lib/thumb/v7e-m/fpv4-sp/hard\libm.a(lib_a-s_matherr.o)
                0x000000000800a03e                matherr
 *(.glue_7)
 .glue_7        0x000000000800a042        0x0 linker stubs
 *(.glue_7t)
 .glue_7t       0x000000000800a042        0x0 linker stubs
 *(.eh_frame)
 *fill*         0x000000000800a042        0x2 
 .eh_frame      0x000000000800a044        0x0 c:/st/stm32cubeide_1.4.0/stm32cubeide/plugins/com.st.stm32cube.ide.mcu.externaltools.gnu-tools-for-stm32.7-2018-q2-update.win32_1.5.0.202011040924/tools/bin/../lib/gcc/arm-none-eabi/7.3.1/thumb/v7e-m/fpv4-sp/hard/crtbegin.o
 *(.init)
 .init          0x000000000800a044        0x4 c:/st/stm32cubeide_1.4.0/stm32cubeide/plugins/com.st.stm32cube.ide.mcu.externaltools.gnu-tools-for-stm32.7-2018-q2-update.win32_1.5.0.202011040924/tools/bin/../lib/gcc/arm-none-eabi/7.3.1/thumb/v7e-m/fpv4-sp/hard/crti.o
                0x000000000800a044                _init
 .init          0x000000000800a048        0x8 c:/st/stm32cubeide_1.4.0/stm32cubeide/plugins/com.st.stm32cube.ide.mcu.externaltools.gnu-tools-for-stm32.7-2018-q2-update.win32_1.5.0.202011040924/tools/bin/../lib/gcc/arm-none-eabi/7.3.1/thumb/v7e-m/fpv4-sp/hard/crtn.o
 *(.fini)
 .fini          0x000000000800a050        0x4 c:/st/stm32cubeide_1.4.0/stm32cubeide/plugins/com.st.stm32cube.ide.mcu.externaltools.gnu-tools-for-stm32.7-2018-q2-update.win32_1.5.0.202011040924/tools/bin/../lib/gcc/arm-none-eabi/7.3.1/thumb/v7e-m/fpv4-sp/hard/crti.o
                0x000000000800a050                _fini
 .fini          0x000000000800a054        0x8 c:/st/stm32cubeide_1.4.0/stm32cubeide/plugins/com.st.stm32cube.ide.mcu.externaltools.gnu-tools-for-stm32.7-2018-q2-update.win32_1.5.0.202011040924/tools/bin/../lib/gcc/arm-none-eabi/7.3.1/thumb/v7e-m/fpv4-sp/hard/crtn.o
                0x000000000800a05c                . = ALIGN (0x4)
                0x000000000800a05c                _etext = .

.vfp11_veneer   0x000000000800a05c        0x0
 .vfp11_veneer  0x000000000800a05c        0x0 linker stubs

.v4_bx          0x000000000800a05c        0x0
 .v4_bx         0x000000000800a05c        0x0 linker stubs

.iplt           0x000000000800a05c        0x0
 .iplt          0x000000000800a05c        0x0 c:/st/stm32cubeide_1.4.0/stm32cubeide/plugins/com.st.stm32cube.ide.mcu.externaltools.gnu-tools-for-stm32.7-2018-q2-update.win32_1.5.0.202011040924/tools/bin/../lib/gcc/arm-none-eabi/7.3.1/thumb/v7e-m/fpv4-sp/hard/crtbegin.o

.rodata         0x000000000800a05c      0x254
                0x000000000800a05c                . = ALIGN (0x4)
 *(.rodata)
 .rodata        0x000000000800a05c       0x10 Drivers/STM32G4xx_HAL_Driver/Src/stm32g4xx_hal_uart_ex.o
 *(.rodata*)
 .rodata.hal_led_id_to_pin
                0x000000000800a06c        0x4 Core/Src/led.o
 .rodata.hal_led_id_to_port
                0x000000000800a070        0x8 Core/Src/led.o
 .rodata.crc_table.9408
                0x000000000800a078      0x200 Core/Src/protocol.o
 .rodata.AHBPrescTable
                0x000000000800a278       0x10 Core/Src/system_stm32g4xx.o
                0x000000000800a278                AHBPrescTable
 .rodata.APBPrescTable
                0x000000000800a288        0x8 Core/Src/system_stm32g4xx.o
                0x000000000800a288                APBPrescTable
 .rodata.UARTPrescTable
                0x000000000800a290       0x18 Drivers/STM32G4xx_HAL_Driver/Src/stm32g4xx_hal_uart.o
                0x000000000800a290                UARTPrescTable
 .rodata.sqrtf.str1.1
                0x000000000800a2a8        0x6 c:/st/stm32cubeide_1.4.0/stm32cubeide/plugins/com.st.stm32cube.ide.mcu.externaltools.gnu-tools-for-stm32.7-2018-q2-update.win32_1.5.0.202011040924/tools/bin/../lib/gcc/arm-none-eabi/7.3.1/../../../../arm-none-eabi/lib/thumb/v7e-m/fpv4-sp/hard\libm.a(lib_a-wf_sqrt.o)
                0x000000000800a2b0                . = ALIGN (0x4)
 *fill*         0x000000000800a2ae        0x2 

.ARM.extab      0x000000000800a2b0        0x0
                0x000000000800a2b0                . = ALIGN (0x4)
 *(.ARM.extab* .gnu.linkonce.armextab.*)
                0x000000000800a2b0                . = ALIGN (0x4)

.ARM            0x000000000800a2b0        0x8
                0x000000000800a2b0                . = ALIGN (0x4)
                0x000000000800a2b0                __exidx_start = .
 *(.ARM.exidx*)
 .ARM.exidx     0x000000000800a2b0        0x8 c:/st/stm32cubeide_1.4.0/stm32cubeide/plugins/com.st.stm32cube.ide.mcu.externaltools.gnu-tools-for-stm32.7-2018-q2-update.win32_1.5.0.202011040924/tools/bin/../lib/gcc/arm-none-eabi/7.3.1/thumb/v7e-m/fpv4-sp/hard\libgcc.a(_udivmoddi4.o)
                0x000000000800a2b8                __exidx_end = .
                0x000000000800a2b8                . = ALIGN (0x4)

.rel.dyn        0x000000000800a2b8        0x0
 .rel.iplt      0x000000000800a2b8        0x0 c:/st/stm32cubeide_1.4.0/stm32cubeide/plugins/com.st.stm32cube.ide.mcu.externaltools.gnu-tools-for-stm32.7-2018-q2-update.win32_1.5.0.202011040924/tools/bin/../lib/gcc/arm-none-eabi/7.3.1/thumb/v7e-m/fpv4-sp/hard/crtbegin.o

.preinit_array  0x000000000800a2b8        0x0
                0x000000000800a2b8                . = ALIGN (0x4)
                0x000000000800a2b8                PROVIDE (__preinit_array_start = .)
 *(.preinit_array*)
                0x000000000800a2b8                PROVIDE (__preinit_array_end = .)
                0x000000000800a2b8                . = ALIGN (0x4)

.init_array     0x000000000800a2b8        0x4
                0x000000000800a2b8                . = ALIGN (0x4)
                0x000000000800a2b8                PROVIDE (__init_array_start = .)
 *(SORT_BY_NAME(.init_array.*))
 *(.init_array*)
 .init_array    0x000000000800a2b8        0x4 c:/st/stm32cubeide_1.4.0/stm32cubeide/plugins/com.st.stm32cube.ide.mcu.externaltools.gnu-tools-for-stm32.7-2018-q2-update.win32_1.5.0.202011040924/tools/bin/../lib/gcc/arm-none-eabi/7.3.1/thumb/v7e-m/fpv4-sp/hard/crtbegin.o
                0x000000000800a2bc                PROVIDE (__init_array_end = .)
                0x000000000800a2bc                . = ALIGN (0x4)

.fini_array     0x000000000800a2bc        0x4
                0x000000000800a2bc                . = ALIGN (0x4)
                [!provide]                        PROVIDE (__fini_array_start = .)
 *(SORT_BY_NAME(.fini_array.*))
 *(.fini_array*)
 .fini_array    0x000000000800a2bc        0x4 c:/st/stm32cubeide_1.4.0/stm32cubeide/plugins/com.st.stm32cube.ide.mcu.externaltools.gnu-tools-for-stm32.7-2018-q2-update.win32_1.5.0.202011040924/tools/bin/../lib/gcc/arm-none-eabi/7.3.1/thumb/v7e-m/fpv4-sp/hard/crtbegin.o
                [!provide]                        PROVIDE (__fini_array_end = .)
                0x000000000800a2c0                . = ALIGN (0x4)
                0x000000000800a2c0                _sidata = LOADADDR (.data)

.data           0x0000000020000000       0x9c load address 0x000000000800a2c0
                0x0000000020000000                . = ALIGN (0x4)
                0x0000000020000000                _sdata = .
 *(.data)
 *(.data*)
 .data.entering_state
                0x0000000020000000        0x1 Core/Src/control_algo.o
 *fill*         0x0000000020000001        0x3 
 .data.current_control_mode
                0x0000000020000004        0x4 Core/Src/control_algo.o
 .data.SystemCoreClock
                0x0000000020000008        0x4 Core/Src/system_stm32g4xx.o
                0x0000000020000008                SystemCoreClock
 .data.uwTickPrio
                0x000000002000000c        0x4 Drivers/STM32G4xx_HAL_Driver/Src/stm32g4xx_hal.o
                0x000000002000000c                uwTickPrio
 .data.uwTickFreq
                0x0000000020000010        0x4 Drivers/STM32G4xx_HAL_Driver/Src/stm32g4xx_hal.o
                0x0000000020000010                uwTickFreq
 .data.pFlash   0x0000000020000014       0x20 Drivers/STM32G4xx_HAL_Driver/Src/stm32g4xx_hal_flash.o
                0x0000000020000014                pFlash
 .data._impure_ptr
                0x0000000020000034        0x4 c:/st/stm32cubeide_1.4.0/stm32cubeide/plugins/com.st.stm32cube.ide.mcu.externaltools.gnu-tools-for-stm32.7-2018-q2-update.win32_1.5.0.202011040924/tools/bin/../lib/gcc/arm-none-eabi/7.3.1/../../../../arm-none-eabi/lib/thumb/v7e-m/fpv4-sp/hard\libc_nano.a(lib_a-impure.o)
                0x0000000020000034                _impure_ptr
 .data.impure_data
                0x0000000020000038       0x60 c:/st/stm32cubeide_1.4.0/stm32cubeide/plugins/com.st.stm32cube.ide.mcu.externaltools.gnu-tools-for-stm32.7-2018-q2-update.win32_1.5.0.202011040924/tools/bin/../lib/gcc/arm-none-eabi/7.3.1/../../../../arm-none-eabi/lib/thumb/v7e-m/fpv4-sp/hard\libc_nano.a(lib_a-impure.o)
 .data.__fdlib_version
                0x0000000020000098        0x1 c:/st/stm32cubeide_1.4.0/stm32cubeide/plugins/com.st.stm32cube.ide.mcu.externaltools.gnu-tools-for-stm32.7-2018-q2-update.win32_1.5.0.202011040924/tools/bin/../lib/gcc/arm-none-eabi/7.3.1/../../../../arm-none-eabi/lib/thumb/v7e-m/fpv4-sp/hard\libm.a(lib_a-s_lib_ver.o)
                0x0000000020000098                __fdlib_version
 *(.RamFunc)
 *(.RamFunc*)
                0x000000002000009c                . = ALIGN (0x4)
 *fill*         0x0000000020000099        0x3 
                0x000000002000009c                _edata = .

.igot.plt       0x000000002000009c        0x0 load address 0x000000000800a35c
 .igot.plt      0x000000002000009c        0x0 c:/st/stm32cubeide_1.4.0/stm32cubeide/plugins/com.st.stm32cube.ide.mcu.externaltools.gnu-tools-for-stm32.7-2018-q2-update.win32_1.5.0.202011040924/tools/bin/../lib/gcc/arm-none-eabi/7.3.1/thumb/v7e-m/fpv4-sp/hard/crtbegin.o
                0x000000002000009c                . = ALIGN (0x4)

.bss            0x000000002000009c     0x358c load address 0x000000000800a35c
                0x000000002000009c                _sbss = .
                0x000000002000009c                __bss_start__ = _sbss
 *(.bss)
 .bss           0x000000002000009c       0x1c c:/st/stm32cubeide_1.4.0/stm32cubeide/plugins/com.st.stm32cube.ide.mcu.externaltools.gnu-tools-for-stm32.7-2018-q2-update.win32_1.5.0.202011040924/tools/bin/../lib/gcc/arm-none-eabi/7.3.1/thumb/v7e-m/fpv4-sp/hard/crtbegin.o
 *(.bss*)
 .bss.motor_current_input_adc
                0x00000000200000b8        0x4 Core/Src/control_algo.o
 .bss.position_input_adc
                0x00000000200000bc        0x4 Core/Src/control_algo.o
 .bss.voltage_input_adc
                0x00000000200000c0        0x4 Core/Src/control_algo.o
 .bss.motor_current_input_adc_offset
                0x00000000200000c4        0x4 Core/Src/control_algo.o
 .bss.pwm_sign  0x00000000200000c8        0x4 Core/Src/control_algo.o
 .bss.pwm_ratio
                0x00000000200000cc        0x4 Core/Src/control_algo.o
 .bss.present_motor_current_ma
                0x00000000200000d0        0x4 Core/Src/control_algo.o
 .bss.present_position_deg
                0x00000000200000d4        0x4 Core/Src/control_algo.o
 .bss.present_voltage_0v1
                0x00000000200000d8        0x4 Core/Src/control_algo.o
 .bss.setpoint_pwm
                0x00000000200000dc        0x4 Core/Src/control_algo.o
 .bss.setpoint_current_ma
                0x00000000200000e0        0x4 Core/Src/control_algo.o
 .bss.setpoint_acceleration_dpss
                0x00000000200000e4        0x4 Core/Src/control_algo.o
 .bss.setpoint_velocity_dps
                0x00000000200000e8        0x4 Core/Src/control_algo.o
 .bss.setpoint_position_deg
                0x00000000200000ec        0x4 Core/Src/control_algo.o
 .bss.counter   0x00000000200000f0        0x4 Core/Src/control_algo.o
 .bss.pid_position
                0x00000000200000f4        0xc Core/Src/control_algo.o
 .bss.pid_current
                0x0000000020000100        0xc Core/Src/control_algo.o
 .bss.present_velocity_dps
                0x000000002000010c        0x4 Core/Src/control_algo.o
 .bss.last_present_position_deg
                0x0000000020000110        0x4 Core/Src/control_algo.o
 .bss.last_setpoint_velocity_dps
                0x0000000020000114        0x4 Core/Src/control_algo.o
 .bss.blinkin_period
                0x0000000020000118        0x8 Core/Src/led.o
 .bss.blinkin_counter
                0x0000000020000120        0x8 Core/Src/led.o
 .bss.blinkin_infinite
                0x0000000020000128        0x2 Core/Src/led.o
 *fill*         0x000000002000012a        0x2 
 .bss.last_state_change_time
                0x000000002000012c        0x8 Core/Src/led.o
 .bss.rx_packet_position
                0x0000000020000134        0x4 Core/Src/protocol.o
                0x0000000020000134                rx_packet_position
 .bss.rx_packet_payload_bytes
                0x0000000020000138        0x4 Core/Src/protocol.o
                0x0000000020000138                rx_packet_payload_bytes
 .bss.tx_packet_length
                0x000000002000013c        0x4 Core/Src/protocol.o
                0x000000002000013c                tx_packet_length
 .bss.packet_state
                0x0000000020000140        0x1 Core/Src/protocol.o
                0x0000000020000140                packet_state
 *fill*         0x0000000020000141        0x3 
 .bss.hserial_table
                0x0000000020000144        0x4 Core/Src/serial.o
                0x0000000020000144                hserial_table
 .bss.serial_counter
                0x0000000020000148        0x4 Core/Src/serial.o
                0x0000000020000148                serial_counter
 .bss.id.9781   0x000000002000014c        0x4 Core/Src/serial.o
 .bss.id.9829   0x0000000020000150        0x4 Core/Src/serial.o
 .bss.HAL_RCC_ADC12_CLK_ENABLED
                0x0000000020000154        0x4 Core/Src/stm32g4xx_hal_msp.o
 *(COMMON)
 COMMON         0x0000000020000158       0x82 Core/Src/control_table.o
                0x0000000020000158                regs
 *fill*         0x00000000200001da        0x2 
 COMMON         0x00000000200001dc     0x2bb0 Core/Src/main.o
                0x00000000200001dc                hdma_usart2_rx
                0x000000002000023c                htim4
                0x0000000020000288                hadc2
                0x00000000200002f4                hadc1
                0x0000000020000360                hdma_usart2_tx
                0x00000000200003c0                serial
                0x0000000020002c68                htim6
                0x0000000020002cb4                htim1
                0x0000000020002d00                huart2
 COMMON         0x0000000020002d8c      0x898 Core/Src/protocol.o
                0x0000000020002d8c                rx_packet_buffer
                0x00000000200031d8                tx_packet_buffer
 COMMON         0x0000000020003624        0x4 Drivers/STM32G4xx_HAL_Driver/Src/stm32g4xx_hal.o
                0x0000000020003624                uwTick
                0x0000000020003628                . = ALIGN (0x4)
                0x0000000020003628                _ebss = .
                0x0000000020003628                __bss_end__ = _ebss

._user_heap_stack
                0x0000000020003628      0x600 load address 0x000000000800a35c
                0x0000000020003628                . = ALIGN (0x8)
                [!provide]                        PROVIDE (end = .)
                0x0000000020003628                PROVIDE (_end = .)
                0x0000000020003828                . = (. + _Min_Heap_Size)
 *fill*         0x0000000020003628      0x200 
                0x0000000020003c28                . = (. + _Min_Stack_Size)
 *fill*         0x0000000020003828      0x400 
                0x0000000020003c28                . = ALIGN (0x8)

/DISCARD/
 libc.a(*)
 libm.a(*)
 libgcc.a(*)

.ARM.attributes
                0x0000000000000000       0x30
 *(.ARM.attributes)
 .ARM.attributes
                0x0000000000000000       0x22 c:/st/stm32cubeide_1.4.0/stm32cubeide/plugins/com.st.stm32cube.ide.mcu.externaltools.gnu-tools-for-stm32.7-2018-q2-update.win32_1.5.0.202011040924/tools/bin/../lib/gcc/arm-none-eabi/7.3.1/thumb/v7e-m/fpv4-sp/hard/crti.o
 .ARM.attributes
                0x0000000000000022       0x34 c:/st/stm32cubeide_1.4.0/stm32cubeide/plugins/com.st.stm32cube.ide.mcu.externaltools.gnu-tools-for-stm32.7-2018-q2-update.win32_1.5.0.202011040924/tools/bin/../lib/gcc/arm-none-eabi/7.3.1/thumb/v7e-m/fpv4-sp/hard/crtbegin.o
 .ARM.attributes
                0x0000000000000056       0x39 Core/Src/control_algo.o
 .ARM.attributes
                0x000000000000008f       0x39 Core/Src/control_table.o
 .ARM.attributes
                0x00000000000000c8       0x39 Core/Src/eeprom.o
 .ARM.attributes
                0x0000000000000101       0x39 Core/Src/led.o
 .ARM.attributes
                0x000000000000013a       0x39 Core/Src/main.o
 .ARM.attributes
                0x0000000000000173       0x39 Core/Src/math_tool.o
 .ARM.attributes
                0x00000000000001ac       0x39 Core/Src/pid.o
 .ARM.attributes
                0x00000000000001e5       0x39 Core/Src/protocol.o
 .ARM.attributes
                0x000000000000021e       0x39 Core/Src/serial.o
 .ARM.attributes
                0x0000000000000257       0x39 Core/Src/stm32g4xx_hal_msp.o
 .ARM.attributes
                0x0000000000000290       0x39 Core/Src/stm32g4xx_it.o
 .ARM.attributes
                0x00000000000002c9       0x39 Core/Src/system_stm32g4xx.o
 .ARM.attributes
                0x0000000000000302       0x21 Core/Startup/startup_stm32g431kbtx.o
 .ARM.attributes
                0x0000000000000323       0x39 Drivers/STM32G4xx_HAL_Driver/Src/stm32g4xx_hal.o
 .ARM.attributes
                0x000000000000035c       0x39 Drivers/STM32G4xx_HAL_Driver/Src/stm32g4xx_hal_adc.o
 .ARM.attributes
                0x0000000000000395       0x39 Drivers/STM32G4xx_HAL_Driver/Src/stm32g4xx_hal_adc_ex.o
 .ARM.attributes
                0x00000000000003ce       0x39 Drivers/STM32G4xx_HAL_Driver/Src/stm32g4xx_hal_cortex.o
 .ARM.attributes
                0x0000000000000407       0x39 Drivers/STM32G4xx_HAL_Driver/Src/stm32g4xx_hal_dma.o
 .ARM.attributes
                0x0000000000000440       0x39 Drivers/STM32G4xx_HAL_Driver/Src/stm32g4xx_hal_flash.o
 .ARM.attributes
                0x0000000000000479       0x39 Drivers/STM32G4xx_HAL_Driver/Src/stm32g4xx_hal_flash_ex.o
 .ARM.attributes
                0x00000000000004b2       0x39 Drivers/STM32G4xx_HAL_Driver/Src/stm32g4xx_hal_gpio.o
 .ARM.attributes
                0x00000000000004eb       0x39 Drivers/STM32G4xx_HAL_Driver/Src/stm32g4xx_hal_pwr_ex.o
 .ARM.attributes
                0x0000000000000524       0x39 Drivers/STM32G4xx_HAL_Driver/Src/stm32g4xx_hal_rcc.o
 .ARM.attributes
                0x000000000000055d       0x39 Drivers/STM32G4xx_HAL_Driver/Src/stm32g4xx_hal_rcc_ex.o
 .ARM.attributes
                0x0000000000000596       0x39 Drivers/STM32G4xx_HAL_Driver/Src/stm32g4xx_hal_tim.o
 .ARM.attributes
                0x00000000000005cf       0x39 Drivers/STM32G4xx_HAL_Driver/Src/stm32g4xx_hal_tim_ex.o
 .ARM.attributes
                0x0000000000000608       0x39 Drivers/STM32G4xx_HAL_Driver/Src/stm32g4xx_hal_uart.o
 .ARM.attributes
                0x0000000000000641       0x39 Drivers/STM32G4xx_HAL_Driver/Src/stm32g4xx_hal_uart_ex.o
 .ARM.attributes
                0x000000000000067a       0x34 c:/st/stm32cubeide_1.4.0/stm32cubeide/plugins/com.st.stm32cube.ide.mcu.externaltools.gnu-tools-for-stm32.7-2018-q2-update.win32_1.5.0.202011040924/tools/bin/../lib/gcc/arm-none-eabi/7.3.1/../../../../arm-none-eabi/lib/thumb/v7e-m/fpv4-sp/hard\libc_nano.a(lib_a-errno.o)
 .ARM.attributes
                0x00000000000006ae       0x34 c:/st/stm32cubeide_1.4.0/stm32cubeide/plugins/com.st.stm32cube.ide.mcu.externaltools.gnu-tools-for-stm32.7-2018-q2-update.win32_1.5.0.202011040924/tools/bin/../lib/gcc/arm-none-eabi/7.3.1/../../../../arm-none-eabi/lib/thumb/v7e-m/fpv4-sp/hard\libc_nano.a(lib_a-impure.o)
 .ARM.attributes
                0x00000000000006e2       0x34 c:/st/stm32cubeide_1.4.0/stm32cubeide/plugins/com.st.stm32cube.ide.mcu.externaltools.gnu-tools-for-stm32.7-2018-q2-update.win32_1.5.0.202011040924/tools/bin/../lib/gcc/arm-none-eabi/7.3.1/../../../../arm-none-eabi/lib/thumb/v7e-m/fpv4-sp/hard\libc_nano.a(lib_a-init.o)
 .ARM.attributes
                0x0000000000000716       0x34 c:/st/stm32cubeide_1.4.0/stm32cubeide/plugins/com.st.stm32cube.ide.mcu.externaltools.gnu-tools-for-stm32.7-2018-q2-update.win32_1.5.0.202011040924/tools/bin/../lib/gcc/arm-none-eabi/7.3.1/../../../../arm-none-eabi/lib/thumb/v7e-m/fpv4-sp/hard\libc_nano.a(lib_a-memcpy-stub.o)
 .ARM.attributes
                0x000000000000074a       0x34 c:/st/stm32cubeide_1.4.0/stm32cubeide/plugins/com.st.stm32cube.ide.mcu.externaltools.gnu-tools-for-stm32.7-2018-q2-update.win32_1.5.0.202011040924/tools/bin/../lib/gcc/arm-none-eabi/7.3.1/../../../../arm-none-eabi/lib/thumb/v7e-m/fpv4-sp/hard\libc_nano.a(lib_a-memset.o)
 .ARM.attributes
                0x000000000000077e       0x34 c:/st/stm32cubeide_1.4.0/stm32cubeide/plugins/com.st.stm32cube.ide.mcu.externaltools.gnu-tools-for-stm32.7-2018-q2-update.win32_1.5.0.202011040924/tools/bin/../lib/gcc/arm-none-eabi/7.3.1/../../../../arm-none-eabi/lib/thumb/v7e-m/fpv4-sp/hard\libm.a(lib_a-wf_sqrt.o)
 .ARM.attributes
                0x00000000000007b2       0x34 c:/st/stm32cubeide_1.4.0/stm32cubeide/plugins/com.st.stm32cube.ide.mcu.externaltools.gnu-tools-for-stm32.7-2018-q2-update.win32_1.5.0.202011040924/tools/bin/../lib/gcc/arm-none-eabi/7.3.1/../../../../arm-none-eabi/lib/thumb/v7e-m/fpv4-sp/hard\libm.a(lib_a-ef_sqrt.o)
 .ARM.attributes
                0x00000000000007e6       0x34 c:/st/stm32cubeide_1.4.0/stm32cubeide/plugins/com.st.stm32cube.ide.mcu.externaltools.gnu-tools-for-stm32.7-2018-q2-update.win32_1.5.0.202011040924/tools/bin/../lib/gcc/arm-none-eabi/7.3.1/../../../../arm-none-eabi/lib/thumb/v7e-m/fpv4-sp/hard\libm.a(lib_a-s_lib_ver.o)
 .ARM.attributes
                0x000000000000081a       0x34 c:/st/stm32cubeide_1.4.0/stm32cubeide/plugins/com.st.stm32cube.ide.mcu.externaltools.gnu-tools-for-stm32.7-2018-q2-update.win32_1.5.0.202011040924/tools/bin/../lib/gcc/arm-none-eabi/7.3.1/../../../../arm-none-eabi/lib/thumb/v7e-m/fpv4-sp/hard\libm.a(lib_a-s_matherr.o)
 .ARM.attributes
                0x000000000000084e       0x22 c:/st/stm32cubeide_1.4.0/stm32cubeide/plugins/com.st.stm32cube.ide.mcu.externaltools.gnu-tools-for-stm32.7-2018-q2-update.win32_1.5.0.202011040924/tools/bin/../lib/gcc/arm-none-eabi/7.3.1/thumb/v7e-m/fpv4-sp/hard\libgcc.a(_arm_addsubdf3.o)
 .ARM.attributes
                0x0000000000000870       0x22 c:/st/stm32cubeide_1.4.0/stm32cubeide/plugins/com.st.stm32cube.ide.mcu.externaltools.gnu-tools-for-stm32.7-2018-q2-update.win32_1.5.0.202011040924/tools/bin/../lib/gcc/arm-none-eabi/7.3.1/thumb/v7e-m/fpv4-sp/hard\libgcc.a(_arm_muldivdf3.o)
 .ARM.attributes
                0x0000000000000892       0x22 c:/st/stm32cubeide_1.4.0/stm32cubeide/plugins/com.st.stm32cube.ide.mcu.externaltools.gnu-tools-for-stm32.7-2018-q2-update.win32_1.5.0.202011040924/tools/bin/../lib/gcc/arm-none-eabi/7.3.1/thumb/v7e-m/fpv4-sp/hard\libgcc.a(_arm_truncdfsf2.o)
 .ARM.attributes
                0x00000000000008b4       0x22 c:/st/stm32cubeide_1.4.0/stm32cubeide/plugins/com.st.stm32cube.ide.mcu.externaltools.gnu-tools-for-stm32.7-2018-q2-update.win32_1.5.0.202011040924/tools/bin/../lib/gcc/arm-none-eabi/7.3.1/thumb/v7e-m/fpv4-sp/hard\libgcc.a(_aeabi_uldivmod.o)
 .ARM.attributes
                0x00000000000008d6       0x34 c:/st/stm32cubeide_1.4.0/stm32cubeide/plugins/com.st.stm32cube.ide.mcu.externaltools.gnu-tools-for-stm32.7-2018-q2-update.win32_1.5.0.202011040924/tools/bin/../lib/gcc/arm-none-eabi/7.3.1/thumb/v7e-m/fpv4-sp/hard\libgcc.a(_udivmoddi4.o)
 .ARM.attributes
                0x000000000000090a       0x22 c:/st/stm32cubeide_1.4.0/stm32cubeide/plugins/com.st.stm32cube.ide.mcu.externaltools.gnu-tools-for-stm32.7-2018-q2-update.win32_1.5.0.202011040924/tools/bin/../lib/gcc/arm-none-eabi/7.3.1/thumb/v7e-m/fpv4-sp/hard\libgcc.a(_dvmd_tls.o)
 .ARM.attributes
                0x000000000000092c       0x22 c:/st/stm32cubeide_1.4.0/stm32cubeide/plugins/com.st.stm32cube.ide.mcu.externaltools.gnu-tools-for-stm32.7-2018-q2-update.win32_1.5.0.202011040924/tools/bin/../lib/gcc/arm-none-eabi/7.3.1/thumb/v7e-m/fpv4-sp/hard/crtn.o
OUTPUT(ControlFirmware.elf elf32-littlearm)

.debug_info     0x0000000000000000    0x1c631
 .debug_info    0x0000000000000000     0x1cee Core/Src/control_algo.o
 .debug_info    0x0000000000001cee      0x302 Core/Src/control_table.o
 .debug_info    0x0000000000001ff0      0xc9b Core/Src/eeprom.o
 .debug_info    0x0000000000002c8b      0x5b8 Core/Src/led.o
 .debug_info    0x0000000000003243     0x1f84 Core/Src/main.o
 .debug_info    0x00000000000051c7      0x3d9 Core/Src/math_tool.o
 .debug_info    0x00000000000055a0      0xdd5 Core/Src/pid.o
 .debug_info    0x0000000000006375      0xdfe Core/Src/protocol.o
 .debug_info    0x0000000000007173     0x176d Core/Src/serial.o
 .debug_info    0x00000000000088e0     0x18cb Core/Src/stm32g4xx_hal_msp.o
 .debug_info    0x000000000000a1ab      0x98b Core/Src/stm32g4xx_it.o
 .debug_info    0x000000000000ab36      0x6eb Core/Src/system_stm32g4xx.o
 .debug_info    0x000000000000b221       0x22 Core/Startup/startup_stm32g431kbtx.o
 .debug_info    0x000000000000b243      0xbe6 Drivers/STM32G4xx_HAL_Driver/Src/stm32g4xx_hal.o
 .debug_info    0x000000000000be29     0x2123 Drivers/STM32G4xx_HAL_Driver/Src/stm32g4xx_hal_adc.o
 .debug_info    0x000000000000df4c     0x1e34 Drivers/STM32G4xx_HAL_Driver/Src/stm32g4xx_hal_adc_ex.o
 .debug_info    0x000000000000fd80      0xef7 Drivers/STM32G4xx_HAL_Driver/Src/stm32g4xx_hal_cortex.o
 .debug_info    0x0000000000010c77      0xa43 Drivers/STM32G4xx_HAL_Driver/Src/stm32g4xx_hal_dma.o
 .debug_info    0x00000000000116ba      0x784 Drivers/STM32G4xx_HAL_Driver/Src/stm32g4xx_hal_flash.o
 .debug_info    0x0000000000011e3e      0x997 Drivers/STM32G4xx_HAL_Driver/Src/stm32g4xx_hal_flash_ex.o
 .debug_info    0x00000000000127d5      0x99e Drivers/STM32G4xx_HAL_Driver/Src/stm32g4xx_hal_gpio.o
 .debug_info    0x0000000000013173      0xad8 Drivers/STM32G4xx_HAL_Driver/Src/stm32g4xx_hal_pwr_ex.o
 .debug_info    0x0000000000013c4b      0xccb Drivers/STM32G4xx_HAL_Driver/Src/stm32g4xx_hal_rcc.o
 .debug_info    0x0000000000014916      0xdb8 Drivers/STM32G4xx_HAL_Driver/Src/stm32g4xx_hal_rcc_ex.o
 .debug_info    0x00000000000156ce     0x2b63 Drivers/STM32G4xx_HAL_Driver/Src/stm32g4xx_hal_tim.o
 .debug_info    0x0000000000018231     0x1ccf Drivers/STM32G4xx_HAL_Driver/Src/stm32g4xx_hal_tim_ex.o
 .debug_info    0x0000000000019f00     0x1a91 Drivers/STM32G4xx_HAL_Driver/Src/stm32g4xx_hal_uart.o
 .debug_info    0x000000000001b991      0xca0 Drivers/STM32G4xx_HAL_Driver/Src/stm32g4xx_hal_uart_ex.o

.debug_abbrev   0x0000000000000000     0x3854
 .debug_abbrev  0x0000000000000000      0x2b0 Core/Src/control_algo.o
 .debug_abbrev  0x00000000000002b0       0xeb Core/Src/control_table.o
 .debug_abbrev  0x000000000000039b      0x1e3 Core/Src/eeprom.o
 .debug_abbrev  0x000000000000057e      0x190 Core/Src/led.o
 .debug_abbrev  0x000000000000070e      0x2ab Core/Src/main.o
 .debug_abbrev  0x00000000000009b9      0x122 Core/Src/math_tool.o
 .debug_abbrev  0x0000000000000adb      0x1ed Core/Src/pid.o
 .debug_abbrev  0x0000000000000cc8      0x241 Core/Src/protocol.o
 .debug_abbrev  0x0000000000000f09      0x314 Core/Src/serial.o
 .debug_abbrev  0x000000000000121d      0x23d Core/Src/stm32g4xx_hal_msp.o
 .debug_abbrev  0x000000000000145a      0x149 Core/Src/stm32g4xx_it.o
 .debug_abbrev  0x00000000000015a3      0x147 Core/Src/system_stm32g4xx.o
 .debug_abbrev  0x00000000000016ea       0x12 Core/Startup/startup_stm32g431kbtx.o
 .debug_abbrev  0x00000000000016fc      0x1fb Drivers/STM32G4xx_HAL_Driver/Src/stm32g4xx_hal.o
 .debug_abbrev  0x00000000000018f7      0x25d Drivers/STM32G4xx_HAL_Driver/Src/stm32g4xx_hal_adc.o
 .debug_abbrev  0x0000000000001b54      0x27d Drivers/STM32G4xx_HAL_Driver/Src/stm32g4xx_hal_adc_ex.o
 .debug_abbrev  0x0000000000001dd1      0x2f1 Drivers/STM32G4xx_HAL_Driver/Src/stm32g4xx_hal_cortex.o
 .debug_abbrev  0x00000000000020c2      0x1d9 Drivers/STM32G4xx_HAL_Driver/Src/stm32g4xx_hal_dma.o
 .debug_abbrev  0x000000000000229b      0x2b6 Drivers/STM32G4xx_HAL_Driver/Src/stm32g4xx_hal_flash.o
 .debug_abbrev  0x0000000000002551      0x24d Drivers/STM32G4xx_HAL_Driver/Src/stm32g4xx_hal_flash_ex.o
 .debug_abbrev  0x000000000000279e      0x1c0 Drivers/STM32G4xx_HAL_Driver/Src/stm32g4xx_hal_gpio.o
 .debug_abbrev  0x000000000000295e      0x1fd Drivers/STM32G4xx_HAL_Driver/Src/stm32g4xx_hal_pwr_ex.o
 .debug_abbrev  0x0000000000002b5b      0x245 Drivers/STM32G4xx_HAL_Driver/Src/stm32g4xx_hal_rcc.o
 .debug_abbrev  0x0000000000002da0      0x204 Drivers/STM32G4xx_HAL_Driver/Src/stm32g4xx_hal_rcc_ex.o
 .debug_abbrev  0x0000000000002fa4      0x25b Drivers/STM32G4xx_HAL_Driver/Src/stm32g4xx_hal_tim.o
 .debug_abbrev  0x00000000000031ff      0x261 Drivers/STM32G4xx_HAL_Driver/Src/stm32g4xx_hal_tim_ex.o
 .debug_abbrev  0x0000000000003460      0x212 Drivers/STM32G4xx_HAL_Driver/Src/stm32g4xx_hal_uart.o
 .debug_abbrev  0x0000000000003672      0x1e2 Drivers/STM32G4xx_HAL_Driver/Src/stm32g4xx_hal_uart_ex.o

.debug_aranges  0x0000000000000000     0x17b0
 .debug_aranges
                0x0000000000000000       0x40 Core/Src/control_algo.o
 .debug_aranges
                0x0000000000000040       0x38 Core/Src/control_table.o
 .debug_aranges
                0x0000000000000078       0x38 Core/Src/eeprom.o
 .debug_aranges
                0x00000000000000b0       0x58 Core/Src/led.o
 .debug_aranges
                0x0000000000000108       0x70 Core/Src/main.o
 .debug_aranges
                0x0000000000000178       0x38 Core/Src/math_tool.o
 .debug_aranges
                0x00000000000001b0       0x38 Core/Src/pid.o
 .debug_aranges
                0x00000000000001e8       0x38 Core/Src/protocol.o
 .debug_aranges
                0x0000000000000220       0x78 Core/Src/serial.o
 .debug_aranges
                0x0000000000000298       0x68 Core/Src/stm32g4xx_hal_msp.o
 .debug_aranges
                0x0000000000000300       0x78 Core/Src/stm32g4xx_it.o
 .debug_aranges
                0x0000000000000378       0x28 Core/Src/system_stm32g4xx.o
 .debug_aranges
                0x00000000000003a0       0x28 Core/Startup/startup_stm32g431kbtx.o
 .debug_aranges
                0x00000000000003c8      0x130 Drivers/STM32G4xx_HAL_Driver/Src/stm32g4xx_hal.o
 .debug_aranges
                0x00000000000004f8      0x248 Drivers/STM32G4xx_HAL_Driver/Src/stm32g4xx_hal_adc.o
 .debug_aranges
                0x0000000000000740      0x1c0 Drivers/STM32G4xx_HAL_Driver/Src/stm32g4xx_hal_adc_ex.o
 .debug_aranges
                0x0000000000000900      0x118 Drivers/STM32G4xx_HAL_Driver/Src/stm32g4xx_hal_cortex.o
 .debug_aranges
                0x0000000000000a18       0x90 Drivers/STM32G4xx_HAL_Driver/Src/stm32g4xx_hal_dma.o
 .debug_aranges
                0x0000000000000aa8       0x88 Drivers/STM32G4xx_HAL_Driver/Src/stm32g4xx_hal_flash.o
 .debug_aranges
                0x0000000000000b30       0xc8 Drivers/STM32G4xx_HAL_Driver/Src/stm32g4xx_hal_flash_ex.o
 .debug_aranges
                0x0000000000000bf8       0x58 Drivers/STM32G4xx_HAL_Driver/Src/stm32g4xx_hal_gpio.o
 .debug_aranges
                0x0000000000000c50      0x140 Drivers/STM32G4xx_HAL_Driver/Src/stm32g4xx_hal_pwr_ex.o
 .debug_aranges
                0x0000000000000d90       0x98 Drivers/STM32G4xx_HAL_Driver/Src/stm32g4xx_hal_rcc.o
 .debug_aranges
                0x0000000000000e28       0xb0 Drivers/STM32G4xx_HAL_Driver/Src/stm32g4xx_hal_rcc_ex.o
 .debug_aranges
                0x0000000000000ed8      0x3e0 Drivers/STM32G4xx_HAL_Driver/Src/stm32g4xx_hal_tim.o
 .debug_aranges
                0x00000000000012b8      0x240 Drivers/STM32G4xx_HAL_Driver/Src/stm32g4xx_hal_tim_ex.o
 .debug_aranges
                0x00000000000014f8      0x230 Drivers/STM32G4xx_HAL_Driver/Src/stm32g4xx_hal_uart.o
 .debug_aranges
                0x0000000000001728       0x88 Drivers/STM32G4xx_HAL_Driver/Src/stm32g4xx_hal_uart_ex.o

.debug_ranges   0x0000000000000000     0x15f8
 .debug_ranges  0x0000000000000000       0x30 Core/Src/control_algo.o
 .debug_ranges  0x0000000000000030       0x28 Core/Src/control_table.o
 .debug_ranges  0x0000000000000058       0x28 Core/Src/eeprom.o
 .debug_ranges  0x0000000000000080       0x48 Core/Src/led.o
 .debug_ranges  0x00000000000000c8       0x60 Core/Src/main.o
 .debug_ranges  0x0000000000000128       0x28 Core/Src/math_tool.o
 .debug_ranges  0x0000000000000150       0x28 Core/Src/pid.o
 .debug_ranges  0x0000000000000178       0x28 Core/Src/protocol.o
 .debug_ranges  0x00000000000001a0       0x68 Core/Src/serial.o
 .debug_ranges  0x0000000000000208       0x58 Core/Src/stm32g4xx_hal_msp.o
 .debug_ranges  0x0000000000000260       0x68 Core/Src/stm32g4xx_it.o
 .debug_ranges  0x00000000000002c8       0x18 Core/Src/system_stm32g4xx.o
 .debug_ranges  0x00000000000002e0       0x20 Core/Startup/startup_stm32g431kbtx.o
 .debug_ranges  0x0000000000000300      0x120 Drivers/STM32G4xx_HAL_Driver/Src/stm32g4xx_hal.o
 .debug_ranges  0x0000000000000420      0x238 Drivers/STM32G4xx_HAL_Driver/Src/stm32g4xx_hal_adc.o
 .debug_ranges  0x0000000000000658      0x1b0 Drivers/STM32G4xx_HAL_Driver/Src/stm32g4xx_hal_adc_ex.o
 .debug_ranges  0x0000000000000808      0x108 Drivers/STM32G4xx_HAL_Driver/Src/stm32g4xx_hal_cortex.o
 .debug_ranges  0x0000000000000910       0x80 Drivers/STM32G4xx_HAL_Driver/Src/stm32g4xx_hal_dma.o
 .debug_ranges  0x0000000000000990       0x78 Drivers/STM32G4xx_HAL_Driver/Src/stm32g4xx_hal_flash.o
 .debug_ranges  0x0000000000000a08       0xb8 Drivers/STM32G4xx_HAL_Driver/Src/stm32g4xx_hal_flash_ex.o
 .debug_ranges  0x0000000000000ac0       0x48 Drivers/STM32G4xx_HAL_Driver/Src/stm32g4xx_hal_gpio.o
 .debug_ranges  0x0000000000000b08      0x130 Drivers/STM32G4xx_HAL_Driver/Src/stm32g4xx_hal_pwr_ex.o
 .debug_ranges  0x0000000000000c38       0x88 Drivers/STM32G4xx_HAL_Driver/Src/stm32g4xx_hal_rcc.o
 .debug_ranges  0x0000000000000cc0       0xa0 Drivers/STM32G4xx_HAL_Driver/Src/stm32g4xx_hal_rcc_ex.o
 .debug_ranges  0x0000000000000d60      0x3d0 Drivers/STM32G4xx_HAL_Driver/Src/stm32g4xx_hal_tim.o
 .debug_ranges  0x0000000000001130      0x230 Drivers/STM32G4xx_HAL_Driver/Src/stm32g4xx_hal_tim_ex.o
 .debug_ranges  0x0000000000001360      0x220 Drivers/STM32G4xx_HAL_Driver/Src/stm32g4xx_hal_uart.o
 .debug_ranges  0x0000000000001580       0x78 Drivers/STM32G4xx_HAL_Driver/Src/stm32g4xx_hal_uart_ex.o

.debug_macro    0x0000000000000000    0x22066
 .debug_macro   0x0000000000000000      0x2fd Core/Src/control_algo.o
 .debug_macro   0x00000000000002fd      0xa5a Core/Src/control_algo.o
 .debug_macro   0x0000000000000d57      0x161 Core/Src/control_algo.o
 .debug_macro   0x0000000000000eb8       0x2e Core/Src/control_algo.o
 .debug_macro   0x0000000000000ee6       0x28 Core/Src/control_algo.o
 .debug_macro   0x0000000000000f0e       0x22 Core/Src/control_algo.o
 .debug_macro   0x0000000000000f30       0x8e Core/Src/control_algo.o
 .debug_macro   0x0000000000000fbe       0x51 Core/Src/control_algo.o
 .debug_macro   0x000000000000100f       0xef Core/Src/control_algo.o
 .debug_macro   0x00000000000010fe       0x6a Core/Src/control_algo.o
 .debug_macro   0x0000000000001168      0x1df Core/Src/control_algo.o
 .debug_macro   0x0000000000001347       0x1c Core/Src/control_algo.o
 .debug_macro   0x0000000000001363       0x22 Core/Src/control_algo.o
 .debug_macro   0x0000000000001385      0x101 Core/Src/control_algo.o
 .debug_macro   0x0000000000001486     0x1011 Core/Src/control_algo.o
 .debug_macro   0x0000000000002497      0x11f Core/Src/control_algo.o
 .debug_macro   0x00000000000025b6    0x1138f Core/Src/control_algo.o
 .debug_macro   0x0000000000013945       0x43 Core/Src/control_algo.o
 .debug_macro   0x0000000000013988     0x34ed Core/Src/control_algo.o
 .debug_macro   0x0000000000016e75      0x174 Core/Src/control_algo.o
 .debug_macro   0x0000000000016fe9       0x5a Core/Src/control_algo.o
 .debug_macro   0x0000000000017043     0x13de Core/Src/control_algo.o
 .debug_macro   0x0000000000018421      0x535 Core/Src/control_algo.o
 .debug_macro   0x0000000000018956      0x137 Core/Src/control_algo.o
 .debug_macro   0x0000000000018a8d      0x289 Core/Src/control_algo.o
 .debug_macro   0x0000000000018d16      0x41d Core/Src/control_algo.o
 .debug_macro   0x0000000000019133      0x18b Core/Src/control_algo.o
 .debug_macro   0x00000000000192be       0x43 Core/Src/control_algo.o
 .debug_macro   0x0000000000019301      0x23d Core/Src/control_algo.o
 .debug_macro   0x000000000001953e     0x10fd Core/Src/control_algo.o
 .debug_macro   0x000000000001a63b      0x72e Core/Src/control_algo.o
 .debug_macro   0x000000000001ad69      0x391 Core/Src/control_algo.o
 .debug_macro   0x000000000001b0fa      0x212 Core/Src/control_algo.o
 .debug_macro   0x000000000001b30c      0x401 Core/Src/control_algo.o
 .debug_macro   0x000000000001b70d      0x107 Core/Src/control_algo.o
 .debug_macro   0x000000000001b814      0x122 Core/Src/control_algo.o
 .debug_macro   0x000000000001b936      0x3d1 Core/Src/control_algo.o
 .debug_macro   0x000000000001bd07      0xbbe Core/Src/control_algo.o
 .debug_macro   0x000000000001c8c5      0x47e Core/Src/control_algo.o
 .debug_macro   0x000000000001cd43      0x662 Core/Src/control_algo.o
 .debug_macro   0x000000000001d3a5       0xa6 Core/Src/control_algo.o
 .debug_macro   0x000000000001d44b      0x307 Core/Src/control_algo.o
 .debug_macro   0x000000000001d752      0x35e Core/Src/control_algo.o
 .debug_macro   0x000000000001dab0       0x1c Core/Src/control_algo.o
 .debug_macro   0x000000000001dacc       0x10 Core/Src/control_algo.o
 .debug_macro   0x000000000001dadc       0x22 Core/Src/control_algo.o
 .debug_macro   0x000000000001dafe       0x46 Core/Src/control_algo.o
 .debug_macro   0x000000000001db44       0x18 Core/Src/control_algo.o
 .debug_macro   0x000000000001db5c       0x3c Core/Src/control_algo.o
 .debug_macro   0x000000000001db98       0x34 Core/Src/control_algo.o
 .debug_macro   0x000000000001dbcc       0x52 Core/Src/control_algo.o
 .debug_macro   0x000000000001dc1e       0x1f Core/Src/control_algo.o
 .debug_macro   0x000000000001dc3d       0x43 Core/Src/control_algo.o
 .debug_macro   0x000000000001dc80       0x20 Core/Src/control_algo.o
 .debug_macro   0x000000000001dca0      0x1a3 Core/Src/control_algo.o
 .debug_macro   0x000000000001de43      0x32a Core/Src/control_algo.o
 .debug_macro   0x000000000001e16d      0x1e1 Core/Src/control_algo.o
 .debug_macro   0x000000000001e34e      0x21c Core/Src/control_table.o
 .debug_macro   0x000000000001e56a      0x358 Core/Src/control_table.o
 .debug_macro   0x000000000001e8c2      0x2c5 Core/Src/eeprom.o
 .debug_macro   0x000000000001eb87       0x10 Core/Src/eeprom.o
 .debug_macro   0x000000000001eb97       0x35 Core/Src/eeprom.o
 .debug_macro   0x000000000001ebcc       0x20 Core/Src/eeprom.o
 .debug_macro   0x000000000001ebec      0x20d Core/Src/led.o
 .debug_macro   0x000000000001edf9       0x46 Core/Src/led.o
 .debug_macro   0x000000000001ee3f      0x24d Core/Src/main.o
 .debug_macro   0x000000000001f08c       0x40 Core/Src/main.o
 .debug_macro   0x000000000001f0cc       0x1c Core/Src/main.o
 .debug_macro   0x000000000001f0e8      0x1fb Core/Src/math_tool.o
 .debug_macro   0x000000000001f2e3      0x2d5 Core/Src/pid.o
 .debug_macro   0x000000000001f5b8      0x2d9 Core/Src/protocol.o
 .debug_macro   0x000000000001f891      0x2d3 Core/Src/serial.o
 .debug_macro   0x000000000001fb64       0x58 Core/Src/serial.o
 .debug_macro   0x000000000001fbbc      0x200 Core/Src/stm32g4xx_hal_msp.o
 .debug_macro   0x000000000001fdbc      0x20a Core/Src/stm32g4xx_it.o
 .debug_macro   0x000000000001ffc6      0x1f7 Core/Src/system_stm32g4xx.o
 .debug_macro   0x00000000000201bd      0x23f Drivers/STM32G4xx_HAL_Driver/Src/stm32g4xx_hal.o
 .debug_macro   0x00000000000203fc      0x20e Drivers/STM32G4xx_HAL_Driver/Src/stm32g4xx_hal_adc.o
 .debug_macro   0x000000000002060a      0x1fd Drivers/STM32G4xx_HAL_Driver/Src/stm32g4xx_hal_adc_ex.o
 .debug_macro   0x0000000000020807      0x1f1 Drivers/STM32G4xx_HAL_Driver/Src/stm32g4xx_hal_cortex.o
 .debug_macro   0x00000000000209f8      0x1f1 Drivers/STM32G4xx_HAL_Driver/Src/stm32g4xx_hal_dma.o
 .debug_macro   0x0000000000020be9      0x1f7 Drivers/STM32G4xx_HAL_Driver/Src/stm32g4xx_hal_flash.o
 .debug_macro   0x0000000000020de0      0x1f1 Drivers/STM32G4xx_HAL_Driver/Src/stm32g4xx_hal_flash_ex.o
 .debug_macro   0x0000000000020fd1      0x229 Drivers/STM32G4xx_HAL_Driver/Src/stm32g4xx_hal_gpio.o
 .debug_macro   0x00000000000211fa      0x21b Drivers/STM32G4xx_HAL_Driver/Src/stm32g4xx_hal_pwr_ex.o
 .debug_macro   0x0000000000021415      0x22d Drivers/STM32G4xx_HAL_Driver/Src/stm32g4xx_hal_rcc.o
 .debug_macro   0x0000000000021642      0x21b Drivers/STM32G4xx_HAL_Driver/Src/stm32g4xx_hal_rcc_ex.o
 .debug_macro   0x000000000002185d      0x1f9 Drivers/STM32G4xx_HAL_Driver/Src/stm32g4xx_hal_tim.o
 .debug_macro   0x0000000000021a56      0x1f7 Drivers/STM32G4xx_HAL_Driver/Src/stm32g4xx_hal_tim_ex.o
 .debug_macro   0x0000000000021c4d      0x21c Drivers/STM32G4xx_HAL_Driver/Src/stm32g4xx_hal_uart.o
 .debug_macro   0x0000000000021e69      0x1fd Drivers/STM32G4xx_HAL_Driver/Src/stm32g4xx_hal_uart_ex.o

.debug_line     0x0000000000000000    0x14895
 .debug_line    0x0000000000000000      0xba2 Core/Src/control_algo.o
 .debug_line    0x0000000000000ba2      0x7df Core/Src/control_table.o
 .debug_line    0x0000000000001381      0x8d0 Core/Src/eeprom.o
 .debug_line    0x0000000000001c51      0x807 Core/Src/led.o
 .debug_line    0x0000000000002458      0x920 Core/Src/main.o
 .debug_line    0x0000000000002d78      0x762 Core/Src/math_tool.o
 .debug_line    0x00000000000034da      0x914 Core/Src/pid.o
 .debug_line    0x0000000000003dee      0x89f Core/Src/protocol.o
 .debug_line    0x000000000000468d      0xa48 Core/Src/serial.o
 .debug_line    0x00000000000050d5      0x83e Core/Src/stm32g4xx_hal_msp.o
 .debug_line    0x0000000000005913      0x801 Core/Src/stm32g4xx_it.o
 .debug_line    0x0000000000006114      0x73d Core/Src/system_stm32g4xx.o
 .debug_line    0x0000000000006851       0x89 Core/Startup/startup_stm32g431kbtx.o
 .debug_line    0x00000000000068da      0x9c3 Drivers/STM32G4xx_HAL_Driver/Src/stm32g4xx_hal.o
 .debug_line    0x000000000000729d     0x154d Drivers/STM32G4xx_HAL_Driver/Src/stm32g4xx_hal_adc.o
 .debug_line    0x00000000000087ea     0x125f Drivers/STM32G4xx_HAL_Driver/Src/stm32g4xx_hal_adc_ex.o
 .debug_line    0x0000000000009a49      0xa4b Drivers/STM32G4xx_HAL_Driver/Src/stm32g4xx_hal_cortex.o
 .debug_line    0x000000000000a494      0x98c Drivers/STM32G4xx_HAL_Driver/Src/stm32g4xx_hal_dma.o
 .debug_line    0x000000000000ae20      0x94d Drivers/STM32G4xx_HAL_Driver/Src/stm32g4xx_hal_flash.o
 .debug_line    0x000000000000b76d      0xa14 Drivers/STM32G4xx_HAL_Driver/Src/stm32g4xx_hal_flash_ex.o
 .debug_line    0x000000000000c181      0x8c5 Drivers/STM32G4xx_HAL_Driver/Src/stm32g4xx_hal_gpio.o
 .debug_line    0x000000000000ca46      0xaae Drivers/STM32G4xx_HAL_Driver/Src/stm32g4xx_hal_pwr_ex.o
 .debug_line    0x000000000000d4f4      0xa02 Drivers/STM32G4xx_HAL_Driver/Src/stm32g4xx_hal_rcc.o
 .debug_line    0x000000000000def6      0xbac Drivers/STM32G4xx_HAL_Driver/Src/stm32g4xx_hal_rcc_ex.o
 .debug_line    0x000000000000eaa2     0x2841 Drivers/STM32G4xx_HAL_Driver/Src/stm32g4xx_hal_tim.o
 .debug_line    0x00000000000112e3     0x1868 Drivers/STM32G4xx_HAL_Driver/Src/stm32g4xx_hal_tim_ex.o
 .debug_line    0x0000000000012b4b     0x13b6 Drivers/STM32G4xx_HAL_Driver/Src/stm32g4xx_hal_uart.o
 .debug_line    0x0000000000013f01      0x994 Drivers/STM32G4xx_HAL_Driver/Src/stm32g4xx_hal_uart_ex.o

.debug_str      0x0000000000000000    0xdc641
 .debug_str     0x0000000000000000    0xd552b Core/Src/control_algo.o
                                      0xd5cf4 (size before relaxing)
 .debug_str     0x00000000000d552b       0x77 Core/Src/control_table.o
                                      0xd172b (size before relaxing)
 .debug_str     0x00000000000d55a2      0x17c Core/Src/eeprom.o
                                      0xd37b1 (size before relaxing)
 .debug_str     0x00000000000d571e      0x2ae Core/Src/led.o
                                      0xd09bf (size before relaxing)
 .debug_str     0x00000000000d59cc      0xef2 Core/Src/main.o
                                      0xd308e (size before relaxing)
 .debug_str     0x00000000000d68be       0x46 Core/Src/math_tool.o
                                      0xd072d (size before relaxing)
 .debug_str     0x00000000000d6904       0xcf Core/Src/pid.o
                                      0xd37f0 (size before relaxing)
 .debug_str     0x00000000000d69d3      0x3e1 Core/Src/protocol.o
                                      0xd2164 (size before relaxing)
 .debug_str     0x00000000000d6db4      0x282 Core/Src/serial.o
                                      0xd3fd7 (size before relaxing)
 .debug_str     0x00000000000d7036      0x11a Core/Src/stm32g4xx_hal_msp.o
                                      0xd19b0 (size before relaxing)
 .debug_str     0x00000000000d7150      0x101 Core/Src/stm32g4xx_it.o
                                      0xd0db2 (size before relaxing)
 .debug_str     0x00000000000d7251       0xc6 Core/Src/system_stm32g4xx.o
                                      0xd08dd (size before relaxing)
 .debug_str     0x00000000000d7317       0x36 Core/Startup/startup_stm32g431kbtx.o
                                         0x5d (size before relaxing)
 .debug_str     0x00000000000d734d      0x583 Drivers/STM32G4xx_HAL_Driver/Src/stm32g4xx_hal.o
                                      0xd139b (size before relaxing)
 .debug_str     0x00000000000d78d0      0xa53 Drivers/STM32G4xx_HAL_Driver/Src/stm32g4xx_hal_adc.o
                                      0xd1818 (size before relaxing)
 .debug_str     0x00000000000d8323      0x731 Drivers/STM32G4xx_HAL_Driver/Src/stm32g4xx_hal_adc_ex.o
                                      0xd17ec (size before relaxing)
 .debug_str     0x00000000000d8a54      0x389 Drivers/STM32G4xx_HAL_Driver/Src/stm32g4xx_hal_cortex.o
                                      0xd10a3 (size before relaxing)
 .debug_str     0x00000000000d8ddd      0x2ce Drivers/STM32G4xx_HAL_Driver/Src/stm32g4xx_hal_dma.o
                                      0xd0c9b (size before relaxing)
 .debug_str     0x00000000000d90ab      0x266 Drivers/STM32G4xx_HAL_Driver/Src/stm32g4xx_hal_flash.o
                                      0xd09cf (size before relaxing)
 .debug_str     0x00000000000d9311      0x329 Drivers/STM32G4xx_HAL_Driver/Src/stm32g4xx_hal_flash_ex.o
                                      0xd0af2 (size before relaxing)
 .debug_str     0x00000000000d963a      0x205 Drivers/STM32G4xx_HAL_Driver/Src/stm32g4xx_hal_gpio.o
                                      0xd0b36 (size before relaxing)
 .debug_str     0x00000000000d983f      0x4c2 Drivers/STM32G4xx_HAL_Driver/Src/stm32g4xx_hal_pwr_ex.o
                                      0xd0dbc (size before relaxing)
 .debug_str     0x00000000000d9d01      0x35e Drivers/STM32G4xx_HAL_Driver/Src/stm32g4xx_hal_rcc.o
                                      0xd0e42 (size before relaxing)