18:52:47 **** Incremental Build of configuration Debug for project ControlFirmware ****
make -j8 all 
arm-none-eabi-size   ControlFirmware.elf 
   text	   data	    bss	    dec	    hex	filename
  44836	    164	  15236	  60236	   eb4c	ControlFirmware.elf
Finished building: default.size.stdout
 
18:52:51 **** Incremental Build of configuration Debug for project ControlFirmware ****
make -j8 all 
arm-none-eabi-size   ControlFirmware.elf 
   text	   data	    bss	    dec	    hex	filename
  44836	    164	  15236	  60236	   eb4c	ControlFirmware.elf
Finished building: default.size.stdout
 
