12:58:04 **** Incremental Build of configuration Release for project ControlFirmware ****
make -j8 all 
arm-none-eabi-gcc "../Core/Src/control_algo.c" -mcpu=cortex-m4 -std=gnu11 -DSTM32G431xx -DUSE_HAL_DRIVER -c -I../Core/Inc -I../Drivers/STM32G4xx_HAL_Driver/Inc -I../Drivers/STM32G4xx_HAL_Driver/Inc/Legacy -I../Drivers/CMSIS/Device/ST/STM32G4xx/Include -I../Drivers/CMSIS/Include -Os -ffunction-sections -fdata-sections -Wall -fstack-usage -MMD -MP -MF"Core/Src/control_algo.d" -MT"Core/Src/control_algo.o" --specs=nano.specs -mfpu=fpv4-sp-d16 -mfloat-abi=hard -mthumb -o "Core/Src/control_algo.o"
arm-none-eabi-gcc "../Core/Src/control_table.c" -mcpu=cortex-m4 -std=gnu11 -DSTM32G431xx -DUSE_HAL_DRIVER -c -I../Core/Inc -I../Drivers/STM32G4xx_HAL_Driver/Inc -I../Drivers/STM32G4xx_HAL_Driver/Inc/Legacy -I../Drivers/CMSIS/Device/ST/STM32G4xx/Include -I../Drivers/CMSIS/Include -Os -ffunction-sections -fdata-sections -Wall -fstack-usage -MMD -MP -MF"Core/Src/control_table.d" -MT"Core/Src/control_table.o" --specs=nano.specs -mfpu=fpv4-sp-d16 -mfloat-abi=hard -mthumb -o "Core/Src/control_table.o"
arm-none-eabi-gcc "../Core/Src/main.c" -mcpu=cortex-m4 -std=gnu11 -DSTM32G431xx -DUSE_HAL_DRIVER -c -I../Core/Inc -I../Drivers/STM32G4xx_HAL_Driver/Inc -I../Drivers/STM32G4xx_HAL_Driver/Inc/Legacy -I../Drivers/CMSIS/Device/ST/STM32G4xx/Include -I../Drivers/CMSIS/Include -Os -ffunction-sections -fdata-sections -Wall -fstack-usage -MMD -MP -MF"Core/Src/main.d" -MT"Core/Src/main.o" --specs=nano.specs -mfpu=fpv4-sp-d16 -mfloat-abi=hard -mthumb -o "Core/Src/main.o"
arm-none-eabi-gcc "../Core/Src/protocol.c" -mcpu=cortex-m4 -std=gnu11 -DSTM32G431xx -DUSE_HAL_DRIVER -c -I../Core/Inc -I../Drivers/STM32G4xx_HAL_Driver/Inc -I../Drivers/STM32G4xx_HAL_Driver/Inc/Legacy -I../Drivers/CMSIS/Device/ST/STM32G4xx/Include -I../Drivers/CMSIS/Include -Os -ffunction-sections -fdata-sections -Wall -fstack-usage -MMD -MP -MF"Core/Src/protocol.d" -MT"Core/Src/protocol.o" --specs=nano.specs -mfpu=fpv4-sp-d16 -mfloat-abi=hard -mthumb -o "Core/Src/protocol.o"
arm-none-eabi-gcc -o "ControlFirmware.elf" @"objects.list"   -mcpu=cortex-m4 -T"C:\GitHub\SMDMod\ControlFirmware\STM32G431KBTX_FLASH.ld" --specs=nosys.specs -Wl,-Map="ControlFirmware.map" -Wl,--gc-sections -static --specs=nano.specs -mfpu=fpv4-sp-d16 -mfloat-abi=hard -mthumb -Wl,--start-group -lc -lm -Wl,--end-group
Finished building target: ControlFirmware.elf
 
arm-none-eabi-objdump -h -S  ControlFirmware.elf  > "ControlFirmware.list"
arm-none-eabi-objcopy  -O binary  ControlFirmware.elf  "ControlFirmware.bin"
arm-none-eabi-size   ControlFirmware.elf 
   text	   data	    bss	    dec	    hex	filename
  23080	     60	  15220	  38360	   95d8	ControlFirmware.elf
Finished building: default.size.stdout
 
Finished building: ControlFirmware.bin
 
Finished building: ControlFirmware.list
 
12:58:10 **** Incremental Build of configuration Release for project ControlFirmware ****
make -j8 all 
arm-none-eabi-size   ControlFirmware.elf 
   text	   data	    bss	    dec	    hex	filename
  23080	     60	  15220	  38360	   95d8	ControlFirmware.elf
Finished building: default.size.stdout
 
